Component: ARM Compiler 5.06 update 6 (build 750) Tool: armlink [4d35ed]

==============================================================================

Section Cross References

    main.o(i.main) refers to misc.o(i.NVIC_PriorityGroupConfig) for NVIC_PriorityGroupConfig
    main.o(i.main) refers to delay.o(i.delay_init) for delay_init
    main.o(i.main) refers to led.o(i.LED_Init) for LED_Init
    main.o(i.main) refers to qei.o(i.QEI_Init) for QEI_Init
    main.o(i.main) refers to usart.o(i.USART_Config) for USART_Config
    main.o(i.main) refers to usart.o(i.Gyro_USART_DMA_EN) for Gyro_USART_DMA_EN
    main.o(i.main) refers to gps.o(i.GPS_Clear) for GPS_Clear
    main.o(i.main) refers to lcd.o(i.LCD_Init) for LCD_Init
    main.o(i.main) refers to lcd.o(i.LCD_Scan_Dir) for LCD_Scan_Dir
    main.o(i.main) refers to lcd.o(i.LCD_Clear) for LCD_Clear
    main.o(i.main) refers to lcd.o(i.LCD_printf) for LCD_printf
    main.o(i.main) refers to pwm.o(i.PWM_GetDuty) for PWM_GetDuty
    main.o(i.main) refers to f2d.o(.text) for __aeabi_f2d
    main.o(i.main) refers to gps.o(i.GPS_Init) for GPS_Init
    main.o(i.main) refers to gyro.o(i.Gyro_Set_Zero) for Gyro_Set_Zero
    main.o(i.main) refers to pwm.o(i.PWM_SetDuty) for PWM_SetDuty
    main.o(i.main) refers to encoder.o(i.Encoder_Init_Convert) for Encoder_Init_Convert
    main.o(i.main) refers to encoder.o(.data) for Encoders
    main.o(i.main) refers to usart.o(.bss) for GPS_TxBuffer
    main.o(i.main) refers to touch.o(.data) for use_touch_adj_data
    main.o(i.main) refers to lcd.o(.data) for POINT_COLOR
    main.o(i.main) refers to gps.o(.bss) for GPS_List
    main.o(i.main) refers to command.o(.data) for Is_GPS_Command
    main.o(i.main) refers to encoder.o(i.Encoder_Init_Radius) for Encoder_Init_Radius
    main.o(i.main) refers to touch.o(i.TP_Row_Judge) for TP_Row_Judge
    main.o(i.main) refers to encoder.o(i.Encoder_Clear) for Encoder_Clear
    main.o(i.main) refers to delay.o(i.delay_ms) for delay_ms
    main.o(i.main) refers to gyro.o(.data) for Gyro_Angle_Total
    main.o(i.main) refers to lcd.o(.bss) for lcddev
    system_stm32f4xx.o(i.SystemCoreClockUpdate) refers to system_stm32f4xx.o(.data) for SystemCoreClock
    system_stm32f4xx.o(i.SystemInit) refers to system_stm32f4xx.o(i.SetSysClock) for SetSysClock
    led.o(i.LED_Init) refers to stm32f4xx_rcc.o(i.RCC_AHB1PeriphClockCmd) for RCC_AHB1PeriphClockCmd
    led.o(i.LED_Init) refers to stm32f4xx_gpio.o(i.GPIO_Init) for GPIO_Init
    encoder.o(i.Encoder_Clear) refers to encoder.o(.data) for Encoders
    encoder.o(i.Encoder_Init) refers to dflti.o(.text) for __aeabi_i2d
    encoder.o(i.Encoder_Init) refers to dmul.o(.text) for __aeabi_dmul
    encoder.o(i.Encoder_Init) refers to ddiv.o(.text) for __aeabi_ddiv
    encoder.o(i.Encoder_Init) refers to dadd.o(.text) for __aeabi_dadd
    encoder.o(i.Encoder_Init) refers to sin.o(i.__hardfp_sin) for __hardfp_sin
    encoder.o(i.Encoder_Init) refers to cos.o(i.__hardfp_cos) for __hardfp_cos
    encoder.o(i.Encoder_Init) refers to atan.o(i.__hardfp_atan) for __hardfp_atan
    encoder.o(i.Encoder_Init) refers to cdcmple.o(.text) for __aeabi_cdcmple
    encoder.o(i.Encoder_Init) refers to cdrcmple.o(.text) for __aeabi_cdrcmple
    encoder.o(i.Encoder_Init) refers to gyro.o(.data) for Gyro_N
    encoder.o(i.Encoder_Init) refers to encoder.o(.bss) for Encoder_N
    encoder.o(i.Encoder_Init) refers to encoder.o(.data) for Encoders
    encoder.o(i.Encoder_InitR) refers to dflti.o(.text) for __aeabi_i2d
    encoder.o(i.Encoder_InitR) refers to dmul.o(.text) for __aeabi_dmul
    encoder.o(i.Encoder_InitR) refers to ddiv.o(.text) for __aeabi_ddiv
    encoder.o(i.Encoder_InitR) refers to dadd.o(.text) for __aeabi_dadd
    encoder.o(i.Encoder_InitR) refers to encoder.o(.bss) for Encoder_N
    encoder.o(i.Encoder_InitR) refers to encoder.o(.data) for Encoders
    encoder.o(i.Encoder_InitR) refers to gyro.o(.data) for Gyro_N
    encoder.o(i.Encoder_InitXY) refers to encoder.o(.data) for Encoders
    encoder.o(i.Encoder_InitXY) refers to encoder.o(.bss) for Encoder_N
    encoder.o(i.Encoder_Init_Convert) refers to m_func.o(i.Show_Keyboard) for Show_Keyboard
    encoder.o(i.Encoder_Init_Convert) refers to lcd.o(i.LCD_printf) for LCD_printf
    encoder.o(i.Encoder_Init_Convert) refers to delay.o(i.delay_ms) for delay_ms
    encoder.o(i.Encoder_Init_Convert) refers to encoder.o(i.Encoder_Clear) for Encoder_Clear
    encoder.o(i.Encoder_Init_Convert) refers to gyro.o(i.Gyro_Set_Zero) for Gyro_Set_Zero
    encoder.o(i.Encoder_Init_Convert) refers to encoder.o(i.Encoder_InitXY) for Encoder_InitXY
    encoder.o(i.Encoder_Init_Convert) refers to encoder.o(i.Encoder_Init) for Encoder_Init
    encoder.o(i.Encoder_Init_Convert) refers to encoder.o(i.Encoder_View_Coefficient) for Encoder_View_Coefficient
    encoder.o(i.Encoder_Init_Convert) refers to m_func.o(.data) for KeyBoard_State
    encoder.o(i.Encoder_Init_Convert) refers to lcd.o(.data) for POINT_COLOR
[...]
    ..\FWLIB\src\stm32f4xx_dma.c             0x00000000   Number         0  stm32f4xx_dma.o ABSOLUTE
    ..\FWLIB\src\stm32f4xx_dma2d.c           0x00000000   Number         0  stm32f4xx_dma2d.o ABSOLUTE
    ..\FWLIB\src\stm32f4xx_exti.c            0x00000000   Number         0  stm32f4xx_exti.o ABSOLUTE
    ..\FWLIB\src\stm32f4xx_flash.c           0x00000000   Number         0  stm32f4xx_flash.o ABSOLUTE
    ..\FWLIB\src\stm32f4xx_flash_ramfunc.c   0x00000000   Number         0  stm32f4xx_flash_ramfunc.o ABSOLUTE
    ..\FWLIB\src\stm32f4xx_fsmc.c            0x00000000   Number         0  stm32f4xx_fsmc.o ABSOLUTE
    ..\FWLIB\src\stm32f4xx_gpio.c            0x00000000   Number         0  stm32f4xx_gpio.o ABSOLUTE
    ..\FWLIB\src\stm32f4xx_hash.c            0x00000000   Number         0  stm32f4xx_hash.o ABSOLUTE
    ..\FWLIB\src\stm32f4xx_hash_md5.c        0x00000000   Number         0  stm32f4xx_hash_md5.o ABSOLUTE
    ..\FWLIB\src\stm32f4xx_hash_sha1.c       0x00000000   Number         0  stm32f4xx_hash_sha1.o ABSOLUTE
    ..\FWLIB\src\stm32f4xx_i2c.c             0x00000000   Number         0  stm32f4xx_i2c.o ABSOLUTE
    ..\FWLIB\src\stm32f4xx_iwdg.c            0x00000000   Number         0  stm32f4xx_iwdg.o ABSOLUTE
    ..\FWLIB\src\stm32f4xx_ltdc.c            0x00000000   Number         0  stm32f4xx_ltdc.o ABSOLUTE
    ..\FWLIB\src\stm32f4xx_pwr.c             0x00000000   Number         0  stm32f4xx_pwr.o ABSOLUTE
    ..\FWLIB\src\stm32f4xx_rcc.c             0x00000000   Number         0  stm32f4xx_rcc.o ABSOLUTE
    ..\FWLIB\src\stm32f4xx_rng.c             0x00000000   Number         0  stm32f4xx_rng.o ABSOLUTE
    ..\FWLIB\src\stm32f4xx_rtc.c             0x00000000   Number         0  stm32f4xx_rtc.o ABSOLUTE
    ..\FWLIB\src\stm32f4xx_sai.c             0x00000000   Number         0  stm32f4xx_sai.o ABSOLUTE
    ..\FWLIB\src\stm32f4xx_sdio.c            0x00000000   Number         0  stm32f4xx_sdio.o ABSOLUTE
    ..\FWLIB\src\stm32f4xx_spi.c             0x00000000   Number         0  stm32f4xx_spi.o ABSOLUTE
    ..\FWLIB\src\stm32f4xx_syscfg.c          0x00000000   Number         0  stm32f4xx_syscfg.o ABSOLUTE
    ..\FWLIB\src\stm32f4xx_tim.c             0x00000000   Number         0  stm32f4xx_tim.o ABSOLUTE
    ..\FWLIB\src\stm32f4xx_usart.c           0x00000000   Number         0  stm32f4xx_usart.o ABSOLUTE
    ..\FWLIB\src\stm32f4xx_wwdg.c            0x00000000   Number         0  stm32f4xx_wwdg.o ABSOLUTE
    ..\HARDWARE\M_Func.c                     0x00000000   Number         0  m_func.o ABSOLUTE
    ..\HARDWARE\command.c                    0x00000000   Number         0  command.o ABSOLUTE
    ..\HARDWARE\encoder.c                    0x00000000   Number         0  encoder.o ABSOLUTE
    ..\HARDWARE\font.c                       0x00000000   Number         0  font.o ABSOLUTE
    ..\HARDWARE\gps.c                        0x00000000   Number         0  gps.o ABSOLUTE
    ..\HARDWARE\gyro.c                       0x00000000   Number         0  gyro.o ABSOLUTE
    ..\HARDWARE\lcd.c                        0x00000000   Number         0  lcd.o ABSOLUTE
    ..\HARDWARE\led.c                        0x00000000   Number         0  led.o ABSOLUTE
    ..\HARDWARE\pwm.c                        0x00000000   Number         0  pwm.o ABSOLUTE
    ..\HARDWARE\qei.c                        0x00000000   Number         0  qei.o ABSOLUTE
    ..\HARDWARE\touch.c                      0x00000000   Number         0  touch.o ABSOLUTE
    ..\HARDWARE\usart.c                      0x00000000   Number         0  usart.o ABSOLUTE
    ..\SYSTEM\delay\delay.c                  0x00000000   Number         0  delay.o ABSOLUTE
    ..\SYSTEM\sys\sys.c                      0x00000000   Number         0  sys.o ABSOLUTE
    ..\\FUNCTION\\mymath.c                   0x00000000   Number         0  mymath.o ABSOLUTE
    ..\\FWLIB\\src\\misc.c                   0x00000000   Number         0  misc.o ABSOLUTE
    ..\\FWLIB\\src\\stm32f4xx_adc.c          0x00000000   Number         0  stm32f4xx_adc.o ABSOLUTE
    ..\\FWLIB\\src\\stm32f4xx_can.c          0x00000000   Number         0  stm32f4xx_can.o ABSOLUTE
    ..\\FWLIB\\src\\stm32f4xx_crc.c          0x00000000   Number         0  stm32f4xx_crc.o ABSOLUTE
    ..\\FWLIB\\src\\stm32f4xx_cryp.c         0x00000000   Number         0  stm32f4xx_cryp.o ABSOLUTE
    ..\\FWLIB\\src\\stm32f4xx_cryp_aes.c     0x00000000   Number         0  stm32f4xx_cryp_aes.o ABSOLUTE
    ..\\FWLIB\\src\\stm32f4xx_cryp_des.c     0x00000000   Number         0  stm32f4xx_cryp_des.o ABSOLUTE
    ..\\FWLIB\\src\\stm32f4xx_cryp_tdes.c    0x00000000   Number         0  stm32f4xx_cryp_tdes.o ABSOLUTE
    ..\\FWLIB\\src\\stm32f4xx_dac.c          0x00000000   Number         0  stm32f4xx_dac.o ABSOLUTE
    ..\\FWLIB\\src\\stm32f4xx_dbgmcu.c       0x00000000   Number         0  stm32f4xx_dbgmcu.o ABSOLUTE
    ..\\FWLIB\\src\\stm32f4xx_dcmi.c         0x00000000   Number         0  stm32f4xx_dcmi.o ABSOLUTE
    ..\\FWLIB\\src\\stm32f4xx_dma.c          0x00000000   Number         0  stm32f4xx_dma.o ABSOLUTE
    ..\\FWLIB\\src\\stm32f4xx_dma2d.c        0x00000000   Number         0  stm32f4xx_dma2d.o ABSOLUTE
    ..\\FWLIB\\src\\stm32f4xx_exti.c         0x00000000   Number         0  stm32f4xx_exti.o ABSOLUTE
    ..\\FWLIB\\src\\stm32f4xx_flash.c        0x00000000   Number         0  stm32f4xx_flash.o ABSOLUTE
    ..\\FWLIB\\src\\stm32f4xx_flash_ramfunc.c 0x00000000   Number         0  stm32f4xx_flash_ramfunc.o ABSOLUTE
    ..\\FWLIB\\src\\stm32f4xx_fsmc.c         0x00000000   Number         0  stm32f4xx_fsmc.o ABSOLUTE
    ..\\FWLIB\\src\\stm32f4xx_gpio.c         0x00000000   Number         0  stm32f4xx_gpio.o ABSOLUTE
    ..\\FWLIB\\src\\stm32f4xx_hash.c         0x00000000   Number         0  stm32f4xx_hash.o ABSOLUTE
    ..\\FWLIB\\src\\stm32f4xx_hash_md5.c     0x00000000   Number         0  stm32f4xx_hash_md5.o ABSOLUTE
    ..\\FWLIB\\src\\stm32f4xx_hash_sha1.c    0x00000000   Number         0  stm32f4xx_hash_sha1.o ABSOLUTE
    ..\\FWLIB\\src\\stm32f4xx_i2c.c          0x00000000   Number         0  stm32f4xx_i2c.o ABSOLUTE
    ..\\FWLIB\\src\\stm32f4xx_iwdg.c         0x00000000   Number         0  stm32f4xx_iwdg.o ABSOLUTE
    ..\\FWLIB\\src\\stm32f4xx_ltdc.c         0x00000000   Number         0  stm32f4xx_ltdc.o ABSOLUTE
    ..\\FWLIB\\src\\stm32f4xx_pwr.c          0x00000000   Number         0  stm32f4xx_pwr.o ABSOLUTE
    ..\\FWLIB\\src\\stm32f4xx_rcc.c          0x00000000   Number         0  stm32f4xx_rcc.o ABSOLUTE
    ..\\FWLIB\\src\\stm32f4xx_rng.c          0x00000000   Number         0  stm32f4xx_rng.o ABSOLUTE
    ..\\FWLIB\\src\\stm32f4xx_rtc.c          0x00000000   Number         0  stm32f4xx_rtc.o ABSOLUTE
    ..\\FWLIB\\src\\stm32f4xx_sai.c          0x00000000   Number         0  stm32f4xx_sai.o ABSOLUTE
    ..\\FWLIB\\src\\stm32f4xx_sdio.c         0x00000000   Number         0  stm32f4xx_sdio.o ABSOLUTE
    ..\\FWLIB\\src\\stm32f4xx_spi.c          0x00000000   Number         0  stm32f4xx_spi.o ABSOLUTE
    ..\\FWLIB\\src\\stm32f4xx_syscfg.c       0x00000000   Number         0  stm32f4xx_syscfg.o ABSOLUTE
    ..\\FWLIB\\src\\stm32f4xx_tim.c          0x00000000   Number         0  stm32f4xx_tim.o ABSOLUTE
    ..\\FWLIB\\src\\stm32f4xx_usart.c        0x00000000   Number         0  stm32f4xx_usart.o ABSOLUTE
    ..\\FWLIB\\src\\stm32f4xx_wwdg.c         0x00000000   Number         0  stm32f4xx_wwdg.o ABSOLUTE
    ..\\HARDWARE\\M_Func.c                   0x00000000   Number         0  m_func.o ABSOLUTE
    ..\\HARDWARE\\command.c                  0x00000000   Number         0  command.o ABSOLUTE
    ..\\HARDWARE\\encoder.c                  0x00000000   Number         0  encoder.o ABSOLUTE
    ..\\HARDWARE\\gps.c                      0x00000000   Number         0  gps.o ABSOLUTE
    ..\\HARDWARE\\gyro.c                     0x00000000   Number         0  gyro.o ABSOLUTE
    ..\\HARDWARE\\lcd.c                      0x00000000   Number         0  lcd.o ABSOLUTE
    ..\\HARDWARE\\led.c                      0x00000000   Number         0  led.o ABSOLUTE
    ..\\HARDWARE\\pwm.c                      0x00000000   Number         0  pwm.o ABSOLUTE
    ..\\HARDWARE\\qei.c                      0x00000000   Number         0  qei.o ABSOLUTE
    ..\\HARDWARE\\touch.c                    0x00000000   Number         0  touch.o ABSOLUTE
    ..\\HARDWARE\\usart.c                    0x00000000   Number         0  usart.o ABSOLUTE
    ..\\SYSTEM\\delay\\delay.c               0x00000000   Number         0  delay.o ABSOLUTE
    ..\\SYSTEM\\sys\\sys.c                   0x00000000   Number         0  sys.o ABSOLUTE
    cdcmple.s                                0x00000000   Number         0  cdcmple.o ABSOLUTE
    cdrcmple.s                               0x00000000   Number         0  cdrcmple.o ABSOLUTE
    dc.s                                     0x00000000   Number         0  dc.o ABSOLUTE
    handlers.s                               0x00000000   Number         0  handlers.o ABSOLUTE
    init.s                                   0x00000000   Number         0  init.o ABSOLUTE
    main.c                                   0x00000000   Number         0  main.o ABSOLUTE
    main.c                                   0x00000000   Number         0  main.o ABSOLUTE
    stm32f4xx_it.c                           0x00000000   Number         0  stm32f4xx_it.o ABSOLUTE
    stm32f4xx_it.c                           0x00000000   Number         0  stm32f4xx_it.o ABSOLUTE
    system_stm32f4xx.c                       0x00000000   Number         0  system_stm32f4xx.o ABSOLUTE
    system_stm32f4xx.c                       0x00000000   Number         0  system_stm32f4xx.o ABSOLUTE
    RESET                                    0x08000000   Section      392  startup_stm32f40_41xxx.o(RESET)
    .ARM.Collect$$$$00000000                 0x08000188   Section        0  entry.o(.ARM.Collect$$$$00000000)
    .ARM.Collect$$$$00000001                 0x08000188   Section        4  entry2.o(.ARM.Collect$$$$00000001)
    .ARM.Collect$$$$00000004                 0x0800018c   Section        4  entry5.o(.ARM.Collect$$$$00000004)
    .ARM.Collect$$$$00000008                 0x08000190   Section        0  entry7b.o(.ARM.Collect$$$$00000008)
    .ARM.Collect$$$$0000000A                 0x08000190   Section        0  entry8b.o(.ARM.Collect$$$$0000000A)
    .ARM.Collect$$$$0000000B                 0x08000190   Section        8  entry9a.o(.ARM.Collect$$$$0000000B)
    .ARM.Collect$$$$0000000D                 0x08000198   Section        0  entry10a.o(.ARM.Collect$$$$0000000D)
    .ARM.Collect$$$$0000000F                 0x08000198   Section        0  entry11a.o(.ARM.Collect$$$$0000000F)
    .ARM.Collect$$$$00002712                 0x08000198   Section        4  entry2.o(.ARM.Collect$$$$00002712)
    __lit__00000000                          0x08000198   Data           4  entry2.o(.ARM.Collect$$$$00002712)
    .text                                    0x0800019c   Section       36  startup_stm32f40_41xxx.o(.text)
    $v0                                      0x0800019c   Number         0  startup_stm32f40_41xxx.o(.text)
    .text                                    0x080001c0   Section        0  memcpya.o(.text)
    .text                                    0x080001e4   Section        0  memseta.o(.text)
    .text                                    0x08000208   Section        0  dadd.o(.text)
    .text                                    0x08000356   Section        0  dmul.o(.text)
    .text                                    0x0800043a   Section        0  ddiv.o(.text)
    .text                                    0x08000518   Section        0  dflti.o(.text)
    .text                                    0x0800053a   Section        0  dfltui.o(.text)
    .text                                    0x08000554   Section        0  dfixui.o(.text)
    .text                                    0x08000586   Section        0  f2d.o(.text)
    .text                                    0x080005ac   Section       48  cdcmple.o(.text)
    .text                                    0x080005dc   Section       48  cdrcmple.o(.text)
    .text                                    0x0800060c   Section        0  d2f.o(.text)
    .text                                    0x08000644   Section        0  uidiv.o(.text)
    .text                                    0x08000670   Section        0  uldiv.o(.text)
    .text                                    0x080006d2   Section        0  llshl.o(.text)
    .text                                    0x080006f0   Section        0  llushr.o(.text)
    .text                                    0x08000710   Section        0  llsshr.o(.text)
    .text                                    0x08000734   Section        0  iusefp.o(.text)
    .text                                    0x08000734   Section        0  fepilogue.o(.text)
    .text                                    0x080007a2   Section        0  depilogue.o(.text)
    .text                                    0x0800085c   Section        0  dsqrt.o(.text)
    .text                                    0x080008fe   Section        0  dfixul.o(.text)
    .text                                    0x08000930   Section       36  init.o(.text)
    .text                                    0x08000954   Section        0  dfixi.o(.text)
    .text                                    0x08000992   Section        0  __dczerorl2.o(.text)
    i.BusFault_Handler                       0x080009e8   Section        0  stm32f4xx_it.o(i.BusFault_Handler)
    i.DMA1_Stream1_IRQHandler                0x080009ec   Section        0  usart.o(i.DMA1_Stream1_IRQHandler)
    i.DMA1_Stream3_IRQHandler                0x08000a60   Section        0  usart.o(i.DMA1_Stream3_IRQHandler)
    i.DMA2_Stream2_IRQHandler                0x08000a88   Section        0  usart.o(i.DMA2_Stream2_IRQHandler)
    i.DMA_ClearITPendingBit                  0x08000bb8   Section        0  stm32f4xx_dma.o(i.DMA_ClearITPendingBit)
    i.DMA_Cmd                                0x08000bec   Section        0  stm32f4xx_dma.o(i.DMA_Cmd)
    i.DMA_GetCmdStatus                       0x08000c02   Section        0  stm32f4xx_dma.o(i.DMA_GetCmdStatus)
    i.DMA_GetITStatus                        0x08000c18   Section        0  stm32f4xx_dma.o(i.DMA_GetITStatus)
    i.DMA_ITConfig                           0x08000c7c   Section        0  stm32f4xx_dma.o(i.DMA_ITConfig)
    i.DMA_Init                               0x08000cb8   Section        0  stm32f4xx_dma.o(i.DMA_Init)
    i.DMA_SetCurrDataCounter                 0x08000d10   Section        0  stm32f4xx_dma.o(i.DMA_SetCurrDataCounter)
    i.DebugMon_Handler                       0x08000d14   Section        0  stm32f4xx_it.o(i.DebugMon_Handler)
    i.Encoder_Clear                          0x08000d18   Section        0  encoder.o(i.Encoder_Clear)
    i.Encoder_Init                           0x08000d50   Section        0  encoder.o(i.Encoder_Init)
    i.Encoder_InitR                          0x08001020   Section        0  encoder.o(i.Encoder_InitR)
    i.Encoder_InitXY                         0x08001170   Section        0  encoder.o(i.Encoder_InitXY)
    i.Encoder_Init_Convert                   0x0800119c   Section        0  encoder.o(i.Encoder_Init_Convert)
    i.Encoder_Init_Radius                    0x08001628   Section        0  encoder.o(i.Encoder_Init_Radius)
    i.Encoder_Update                         0x080019a0   Section        0  encoder.o(i.Encoder_Update)
    i.Encoder_View_Coefficient               0x08001adc   Section        0  encoder.o(i.Encoder_View_Coefficient)
    i.FSMC_NORSRAMCmd                        0x08001de8   Section        0  stm32f4xx_fsmc.o(i.FSMC_NORSRAMCmd)
    i.FSMC_NORSRAMInit                       0x08001e1c   Section        0  stm32f4xx_fsmc.o(i.FSMC_NORSRAMInit)
    i.GPIO_Init                              0x08001f02   Section        0  stm32f4xx_gpio.o(i.GPIO_Init)
    i.GPIO_PinAFConfig                       0x08001f92   Section        0  stm32f4xx_gpio.o(i.GPIO_PinAFConfig)
    i.GPS_Clear                              0x08001fd8   Section        0  gps.o(i.GPS_Clear)
    i.GPS_Init                               0x08001ff4   Section        0  gps.o(i.GPS_Init)
    i.GPS_Update                             0x08002088   Section        0  gps.o(i.GPS_Update)
    i.Get_Cycle                              0x0800244c   Section        0  pwm.o(i.Get_Cycle)
    Get_Cycle                                0x0800244d   Thumb Code    34  pwm.o(i.Get_Cycle)
    i.Get_Encoder_Pulse_Count                0x08002474   Section        0  encoder.o(i.Get_Encoder_Pulse_Count)
    i.Get_TIMx                               0x080024a0   Section        0  pwm.o(i.Get_TIMx)
    Get_TIMx                                 0x080024a1   Thumb Code    92  pwm.o(i.Get_TIMx)
    i.Gyro_Set_Zero                          0x08002530   Section        0  gyro.o(i.Gyro_Set_Zero)
    i.Gyro_USART_DMA_EN                      0x080025fc   Section        0  usart.o(i.Gyro_USART_DMA_EN)
    i.HardFault_Handler                      0x08002744   Section        0  stm32f4xx_it.o(i.HardFault_Handler)
    i.LCD_Clear                              0x08002748   Section        0  lcd.o(i.LCD_Clear)
    i.LCD_Display_Dir                        0x080027b4   Section        0  lcd.o(i.LCD_Display_Dir)
    i.LCD_DrawLine                           0x08002974   Section        0  lcd.o(i.LCD_DrawLine)
    i.LCD_DrawPoint                          0x08002a24   Section        0  lcd.o(i.LCD_DrawPoint)
    i.LCD_Draw_Circle                        0x08002a48   Section        0  lcd.o(i.LCD_Draw_Circle)
    i.LCD_Fast_DrawPoint                     0x08002ae0   Section        0  lcd.o(i.LCD_Fast_DrawPoint)
    i.LCD_Init                               0x08002c60   Section        0  lcd.o(i.LCD_Init)
    i.LCD_Pow                                0x080065e8   Section        0  lcd.o(i.LCD_Pow)
    i.LCD_RD_DATA                            0x08006600   Section        0  lcd.o(i.LCD_RD_DATA)
    i.LCD_ReadReg                            0x08006614   Section        0  lcd.o(i.LCD_ReadReg)
    i.LCD_Reset                              0x0800662c   Section        0  lcd.o(i.LCD_Reset)
    i.LCD_SSD_BackLightSet                   0x0800664c   Section        0  lcd.o(i.LCD_SSD_BackLightSet)
    i.LCD_Scan_Dir                           0x080066ac   Section        0  lcd.o(i.LCD_Scan_Dir)
    i.LCD_SetCursor                          0x08006998   Section        0  lcd.o(i.LCD_SetCursor)
    i.LCD_ShowChar                           0x08006b40   Section        0  lcd.o(i.LCD_ShowChar)
    i.LCD_ShowNum                            0x08006c68   Section        0  lcd.o(i.LCD_ShowNum)
    i.LCD_ShowString                         0x08006cfc   Section        0  lcd.o(i.LCD_ShowString)
    i.LCD_WR_DATA                            0x08006d64   Section        0  lcd.o(i.LCD_WR_DATA)
    i.LCD_WR_REG                             0x08006d7c   Section        0  lcd.o(i.LCD_WR_REG)
    i.LCD_WriteRAM_Prepare                   0x08006d94   Section        0  lcd.o(i.LCD_WriteRAM_Prepare)
    i.LCD_WriteReg                           0x08006da8   Section        0  lcd.o(i.LCD_WriteReg)
    i.LCD_printf                             0x08006dbc   Section        0  lcd.o(i.LCD_printf)
    i.LED_Init                               0x08006df8   Section        0  led.o(i.LED_Init)
    i.MemManage_Handler                      0x08006e60   Section        0  stm32f4xx_it.o(i.MemManage_Handler)
    i.NMI_Handler                            0x08006e64   Section        0  stm32f4xx_it.o(i.NMI_Handler)
    i.NVIC_Init                              0x08006e68   Section        0  misc.o(i.NVIC_Init)
    i.NVIC_PriorityGroupConfig               0x08006ee0   Section        0  misc.o(i.NVIC_PriorityGroupConfig)
    i.PWM_GetDuty                            0x08006ef4   Section        0  pwm.o(i.PWM_GetDuty)
    i.PWM_SetDuty                            0x08006fa8   Section        0  pwm.o(i.PWM_SetDuty)
    i.PendSV_Handler                         0x08007030   Section        0  stm32f4xx_it.o(i.PendSV_Handler)
    i.QEI_Init                               0x08007034   Section        0  qei.o(i.QEI_Init)
    i.RCC_AHB1PeriphClockCmd                 0x080071a0   Section        0  stm32f4xx_rcc.o(i.RCC_AHB1PeriphClockCmd)
    i.RCC_AHB3PeriphClockCmd                 0x080071c0   Section        0  stm32f4xx_rcc.o(i.RCC_AHB3PeriphClockCmd)
    i.RCC_APB1PeriphClockCmd                 0x080071e0   Section        0  stm32f4xx_rcc.o(i.RCC_APB1PeriphClockCmd)
    i.RCC_APB2PeriphClockCmd                 0x08007200   Section        0  stm32f4xx_rcc.o(i.RCC_APB2PeriphClockCmd)
    i.RCC_GetClocksFreq                      0x08007220   Section        0  stm32f4xx_rcc.o(i.RCC_GetClocksFreq)
    i.SVC_Handler                            0x08007308   Section        0  stm32f4xx_it.o(i.SVC_Handler)
    i.SetSysClock                            0x0800730c   Section        0  system_stm32f4xx.o(i.SetSysClock)
    SetSysClock                              0x0800730d   Thumb Code   220  system_stm32f4xx.o(i.SetSysClock)
    i.Show_Keyboard                          0x080073f8   Section        0  m_func.o(i.Show_Keyboard)
    i.SysTick_CLKSourceConfig                0x08007970   Section        0  misc.o(i.SysTick_CLKSourceConfig)
    i.SysTick_Handler                        0x08007998   Section        0  stm32f4xx_it.o(i.SysTick_Handler)
    i.SystemInit                             0x0800799c   Section        0  system_stm32f4xx.o(i.SystemInit)
    i.TIM2_IRQHandler                        0x08007a04   Section        0  qei.o(i.TIM2_IRQHandler)
    i.TIM5_IRQHandler                        0x08007a40   Section        0  qei.o(i.TIM5_IRQHandler)
    i.TIM_ClearFlag                          0x08007a80   Section        0  stm32f4xx_tim.o(i.TIM_ClearFlag)
    i.TIM_ClearITPendingBit                  0x08007a86   Section        0  stm32f4xx_tim.o(i.TIM_ClearITPendingBit)
    i.TIM_Cmd                                0x08007a8c   Section        0  stm32f4xx_tim.o(i.TIM_Cmd)
    i.TIM_EncoderInterfaceConfig             0x08007aa4   Section        0  stm32f4xx_tim.o(i.TIM_EncoderInterfaceConfig)
    i.TIM_GetITStatus                        0x08007ae6   Section        0  stm32f4xx_tim.o(i.TIM_GetITStatus)
    i.TIM_ITConfig                           0x08007b08   Section        0  stm32f4xx_tim.o(i.TIM_ITConfig)
    i.TIM_SetIC1Prescaler                    0x08007b1a   Section        0  stm32f4xx_tim.o(i.TIM_SetIC1Prescaler)
    i.TIM_SetIC2Prescaler                    0x08007b2c   Section        0  stm32f4xx_tim.o(i.TIM_SetIC2Prescaler)
    i.TIM_TimeBaseInit                       0x08007b48   Section        0  stm32f4xx_tim.o(i.TIM_TimeBaseInit)
    i.TIM_TimeBaseStructInit                 0x08007bcc   Section        0  stm32f4xx_tim.o(i.TIM_TimeBaseStructInit)
    i.TP_Adj_Info_Show                       0x08007be0   Section        0  touch.o(i.TP_Adj_Info_Show)
    i.TP_Adj_Parameters_Set                  0x08007d88   Section        0  touch.o(i.TP_Adj_Parameters_Set)
    i.TP_Adj_Parameters_Show                 0x08007de4   Section        0  touch.o(i.TP_Adj_Parameters_Show)
    i.TP_Adjust                              0x08007ee8   Section        0  touch.o(i.TP_Adjust)
    i.TP_Drow_Touch_Point                    0x080087dc   Section        0  touch.o(i.TP_Drow_Touch_Point)
    i.TP_Init                                0x0800884c   Section        0  touch.o(i.TP_Init)
    i.TP_Read_AD                             0x08008908   Section        0  touch.o(i.TP_Read_AD)
    i.TP_Read_XOY                            0x0800899c   Section        0  touch.o(i.TP_Read_XOY)
    i.TP_Read_XY                             0x08008a14   Section        0  touch.o(i.TP_Read_XY)
    i.TP_Read_XY2                            0x08008a44   Section        0  touch.o(i.TP_Read_XY2)
    i.TP_Row_Judge                           0x08008b04   Section        0  touch.o(i.TP_Row_Judge)
    i.TP_Scan                                0x08008cb8   Section        0  touch.o(i.TP_Scan)
    i.TP_Write_Byte                          0x08008db4   Section        0  touch.o(i.TP_Write_Byte)
    i.USART1_IRQHandler                      0x08008e00   Section        0  usart.o(i.USART1_IRQHandler)
    i.USART_ClearFlag                        0x08008e2c   Section        0  stm32f4xx_usart.o(i.USART_ClearFlag)
    i.USART_Cmd                              0x08008e3e   Section        0  stm32f4xx_usart.o(i.USART_Cmd)
    i.USART_Config                           0x08008e58   Section        0  usart.o(i.USART_Config)
    i.USART_DMACmd                           0x08009240   Section        0  stm32f4xx_usart.o(i.USART_DMACmd)
    i.USART_GetByte                          0x08009252   Section        0  usart.o(i.USART_GetByte)
    i.USART_GetFlagStatus                    0x08009270   Section        0  stm32f4xx_usart.o(i.USART_GetFlagStatus)
    i.USART_GetITStatus                      0x0800928a   Section        0  stm32f4xx_usart.o(i.USART_GetITStatus)
    i.USART_ITConfig                         0x080092de   Section        0  stm32f4xx_usart.o(i.USART_ITConfig)
    i.USART_Init                             0x08009328   Section        0  stm32f4xx_usart.o(i.USART_Init)
    i.USART_ReceiveData                      0x080093fc   Section        0  stm32f4xx_usart.o(i.USART_ReceiveData)
    i.USART_SendByte                         0x08009406   Section        0  usart.o(i.USART_SendByte)
    i.USART_SendData                         0x08009424   Section        0  stm32f4xx_usart.o(i.USART_SendData)
    i.UsageFault_Handler                     0x0800942c   Section        0  stm32f4xx_it.o(i.UsageFault_Handler)
    i.__0vsprintf                            0x08009430   Section        0  printfa.o(i.__0vsprintf)
    i.__ARM_fpclassify                       0x08009454   Section        0  fpclassify.o(i.__ARM_fpclassify)
    i.__hardfp_atan                          0x08009488   Section        0  atan.o(i.__hardfp_atan)
    i.__hardfp_cos                           0x08009760   Section        0  cos.o(i.__hardfp_cos)
    i.__hardfp_sin                           0x08009828   Section        0  sin.o(i.__hardfp_sin)
    i.__hardfp_sqrt                          0x080098f0   Section        0  sqrt.o(i.__hardfp_sqrt)
    i.__ieee754_rem_pio2                     0x08009970   Section        0  rred.o(i.__ieee754_rem_pio2)
    i.__kernel_cos                           0x08009da8   Section        0  cos_i.o(i.__kernel_cos)
    i.__kernel_poly                          0x08009f18   Section        0  poly.o(i.__kernel_poly)
    i.__kernel_sin                           0x0800a010   Section        0  sin_i.o(i.__kernel_sin)
    i.__mathlib_dbl_infnan                   0x0800a140   Section        0  dunder.o(i.__mathlib_dbl_infnan)
    i.__mathlib_dbl_invalid                  0x0800a158   Section        0  dunder.o(i.__mathlib_dbl_invalid)
    i.__mathlib_dbl_underflow                0x0800a178   Section        0  dunder.o(i.__mathlib_dbl_underflow)
    i.__scatterload_copy                     0x0800a198   Section       14  handlers.o(i.__scatterload_copy)
    i.__scatterload_null                     0x0800a1a6   Section        2  handlers.o(i.__scatterload_null)
    i.__scatterload_zeroinit                 0x0800a1a8   Section       14  handlers.o(i.__scatterload_zeroinit)
    i.__set_errno                            0x0800a1b8   Section        0  errno.o(i.__set_errno)
    i._fp_digits                             0x0800a1c4   Section        0  printfa.o(i._fp_digits)
    _fp_digits                               0x0800a1c5   Thumb Code   366  printfa.o(i._fp_digits)
    i._printf_core                           0x0800a348   Section        0  printfa.o(i._printf_core)
    _printf_core                             0x0800a349   Thumb Code  1744  printfa.o(i._printf_core)
    i._printf_post_padding                   0x0800aa24   Section        0  printfa.o(i._printf_post_padding)
    _printf_post_padding                     0x0800aa25   Thumb Code    36  printfa.o(i._printf_post_padding)
    i._printf_pre_padding                    0x0800aa48   Section        0  printfa.o(i._printf_pre_padding)
    _printf_pre_padding                      0x0800aa49   Thumb Code    46  printfa.o(i._printf_pre_padding)
    i._sputc                                 0x0800aa76   Section        0  printfa.o(i._sputc)
    _sputc                                   0x0800aa77   Thumb Code    10  printfa.o(i._sputc)
    i.delay_init                             0x0800aa80   Section        0  delay.o(i.delay_init)
    i.delay_ms                               0x0800aabc   Section        0  delay.o(i.delay_ms)
    i.delay_us                               0x0800aaf4   Section        0  delay.o(i.delay_us)
    i.delay_xms                              0x0800ab40   Section        0  delay.o(i.delay_xms)
    i.fabs                                   0x0800ab8c   Section        0  fabs.o(i.fabs)
    i.main                                   0x0800aba4   Section        0  main.o(i.main)
    .constdata                               0x0800b458   Section     6080  font.o(.constdata)
    .constdata                               0x0800cc18   Section        4  touch.o(.constdata)
    .constdata                               0x0800cc20   Section      152  atan.o(.constdata)
    atanhi                                   0x0800cc20   Data          32  atan.o(.constdata)
    atanlo                                   0x0800cc40   Data          32  atan.o(.constdata)
    aTodd                                    0x0800cc60   Data          40  atan.o(.constdata)
    aTeven                                   0x0800cc88   Data          48  atan.o(.constdata)
    .constdata                               0x0800ccb8   Section       48  cos_i.o(.constdata)
    C                                        0x0800ccb8   Data          48  cos_i.o(.constdata)
    .constdata                               0x0800cce8   Section      200  rred.o(.constdata)
    pio2s                                    0x0800cce8   Data          48  rred.o(.constdata)
    twooverpi                                0x0800cd18   Data         152  rred.o(.constdata)
    .constdata                               0x0800cdb0   Section       40  sin_i.o(.constdata)
    S                                        0x0800cdb0   Data          40  sin_i.o(.constdata)
    .conststring                             0x0800cdd8   Section      121  touch.o(.conststring)
    .data                                    0x20000000   Section      128  encoder.o(.data)
    .data                                    0x20000080   Section       28  gyro.o(.data)
    .data                                    0x2000009c   Section       16  qei.o(.data)
    .data                                    0x200000c0   Section        2  usart.o(.data)
    .data                                    0x200000e0   Section       36  command.o(.data)
    .data                                    0x20000104   Section        4  lcd.o(.data)
    .data                                    0x20000108   Section       55  touch.o(.data)
    .data                                    0x2000013f   Section        1  m_func.o(.data)
    .data                                    0x20000140   Section       96  pwm.o(.data)
    .data                                    0x200001a0   Section        4  delay.o(.data)
    fac_us                                   0x200001a0   Data           1  delay.o(.data)
    fac_ms                                   0x200001a2   Data           2  delay.o(.data)
    .data                                    0x200001a4   Section       16  stm32f4xx_rcc.o(.data)
    APBAHBPrescTable                         0x200001a4   Data          16  stm32f4xx_rcc.o(.data)
    .data                                    0x200001b4   Section        4  errno.o(.data)
    _errno                                   0x200001b4   Data           4  errno.o(.data)
    .bss                                     0x200001b8   Section       16  encoder.o(.bss)
    .bss                                     0x200001c8   Section      128  gps.o(.bss)
    .bss                                     0x20000260   Section       86  usart.o(.bss)
    .bss                                     0x200002b6   Section       14  lcd.o(.bss)
    STACK                                    0x200002c8   Section     1024  startup_stm32f40_41xxx.o(STACK)

    Global Symbols

    Symbol Name                              Value     Ov Type        Size  Object(Section)

    BuildAttributes$$THM_ISAv4$E$P$D$K$B$S$7EM$VFPi3$EXTD16$VFPS$VFMA$PE$A:L22UL41UL21$X:L11$S22US41US21$IEEE1$IW$USESV6$~STKCKD$USESV7$~SHL$OTIME$ROPI$IEEEX$EBA8$MICROLIB$REQ8$PRES8$EABIv2 0x00000000   Number         0  anon$$obj.o ABSOLUTE
    __ARM_use_no_argv                        0x00000000   Number         0  main.o ABSOLUTE
    __cpp_initialize__aeabi_                  - Undefined Weak Reference
    __cxa_finalize                            - Undefined Weak Reference
    _clock_init                               - Undefined Weak Reference
    _microlib_exit                            - Undefined Weak Reference
    __Vectors_Size                           0x00000188   Number         0  startup_stm32f40_41xxx.o ABSOLUTE
    __Vectors                                0x08000000   Data           4  startup_stm32f40_41xxx.o(RESET)
    __Vectors_End                            0x08000188   Data           0  startup_stm32f40_41xxx.o(RESET)
    __main                                   0x08000189   Thumb Code     0  entry.o(.ARM.Collect$$$$00000000)
    _main_stk                                0x08000189   Thumb Code     0  entry2.o(.ARM.Collect$$$$00000001)
    _main_scatterload                        0x0800018d   Thumb Code     0  entry5.o(.ARM.Collect$$$$00000004)
    __main_after_scatterload                 0x08000191   Thumb Code     0  entry5.o(.ARM.Collect$$$$00000004)
    _main_clock                              0x08000191   Thumb Code     0  entry7b.o(.ARM.Collect$$$$00000008)
    _main_cpp_init                           0x08000191   Thumb Code     0  entry8b.o(.ARM.Collect$$$$0000000A)
    _main_init                               0x08000191   Thumb Code     0  entry9a.o(.ARM.Collect$$$$0000000B)
    __rt_final_cpp                           0x08000199   Thumb Code     0  entry10a.o(.ARM.Collect$$$$0000000D)
    __rt_final_exit                          0x08000199   Thumb Code     0  entry11a.o(.ARM.Collect$$$$0000000F)
    Reset_Handler                            0x0800019d   Thumb Code     8  startup_stm32f40_41xxx.o(.text)
    ADC_IRQHandler                           0x080001b7   Thumb Code     0  startup_stm32f40_41xxx.o(.text)
    CAN1_RX0_IRQHandler                      0x080001b7   Thumb Code     0  startup_stm32f40_41xxx.o(.text)
    CAN1_RX1_IRQHandler                      0x080001b7   Thumb Code     0  startup_stm32f40_41xxx.o(.text)
    CAN1_SCE_IRQHandler                      0x080001b7   Thumb Code     0  startup_stm32f40_41xxx.o(.text)
    CAN1_TX_IRQHandler                       0x080001b7   Thumb Code     0  startup_stm32f40_41xxx.o(.text)
    CAN2_RX0_IRQHandler                      0x080001b7   Thumb Code     0  startup_stm32f40_41xxx.o(.text)
    CAN2_RX1_IRQHandler                      0x080001b7   Thumb Code     0  startup_stm32f40_41xxx.o(.text)
    CAN2_SCE_IRQHandler                      0x080001b7   Thumb Code     0  startup_stm32f40_41xxx.o(.text)
    CAN2_TX_IRQHandler                       0x080001b7   Thumb Code     0  startup_stm32f40_41xxx.o(.text)
    CRYP_IRQHandler                          0x080001b7   Thumb Code     0  startup_stm32f40_41xxx.o(.text)
    DCMI_IRQHandler                          0x080001b7   Thumb Code     0  startup_stm32f40_41xxx.o(.text)
    DMA1_Stream0_IRQHandler                  0x080001b7   Thumb Code     0  startup_stm32f40_41xxx.o(.text)
    DMA1_Stream2_IRQHandler                  0x080001b7   Thumb Code     0  startup_stm32f40_41xxx.o(.text)
    DMA1_Stream4_IRQHandler                  0x080001b7   Thumb Code     0  startup_stm32f40_41xxx.o(.text)
    DMA1_Stream5_IRQHandler                  0x080001b7   Thumb Code     0  startup_stm32f40_41xxx.o(.text)
    DMA1_Stream6_IRQHandler                  0x080001b7   Thumb Code     0  startup_stm32f40_41xxx.o(.text)
    DMA1_Stream7_IRQHandler                  0x080001b7   Thumb Code     0  startup_stm32f40_41xxx.o(.text)
    DMA2_Stream0_IRQHandler                  0x080001b7   Thumb Code     0  startup_stm32f40_41xxx.o(.text)
    DMA2_Stream1_IRQHandler                  0x080001b7   Thumb Code     0  startup_stm32f40_41xxx.o(.text)
    DMA2_Stream3_IRQHandler                  0x080001b7   Thumb Code     0  startup_stm32f40_41xxx.o(.text)
    DMA2_Stream4_IRQHandler                  0x080001b7   Thumb Code     0  startup_stm32f40_41xxx.o(.text)
    DMA2_Stream5_IRQHandler                  0x080001b7   Thumb Code     0  startup_stm32f40_41xxx.o(.text)
    DMA2_Stream6_IRQHandler                  0x080001b7   Thumb Code     0  startup_stm32f40_41xxx.o(.text)
    DMA2_Stream7_IRQHandler                  0x080001b7   Thumb Code     0  startup_stm32f40_41xxx.o(.text)
    ETH_IRQHandler                           0x080001b7   Thumb Code     0  startup_stm32f40_41xxx.o(.text)
    ETH_WKUP_IRQHandler                      0x080001b7   Thumb Code     0  startup_stm32f40_41xxx.o(.text)
    EXTI0_IRQHandler                         0x080001b7   Thumb Code     0  startup_stm32f40_41xxx.o(.text)
    EXTI15_10_IRQHandler                     0x080001b7   Thumb Code     0  startup_stm32f40_41xxx.o(.text)
    EXTI1_IRQHandler                         0x080001b7   Thumb Code     0  startup_stm32f40_41xxx.o(.text)
    EXTI2_IRQHandler                         0x080001b7   Thumb Code     0  startup_stm32f40_41xxx.o(.text)
    EXTI3_IRQHandler                         0x080001b7   Thumb Code     0  startup_stm32f40_41xxx.o(.text)
    EXTI4_IRQHandler                         0x080001b7   Thumb Code     0  startup_stm32f40_41xxx.o(.text)
    EXTI9_5_IRQHandler                       0x080001b7   Thumb Code     0  startup_stm32f40_41xxx.o(.text)
    FLASH_IRQHandler                         0x080001b7   Thumb Code     0  startup_stm32f40_41xxx.o(.text)
    FPU_IRQHandler                           0x080001b7   Thumb Code     0  startup_stm32f40_41xxx.o(.text)
    FSMC_IRQHandler                          0x080001b7   Thumb Code     0  startup_stm32f40_41xxx.o(.text)
    HASH_RNG_IRQHandler                      0x080001b7   Thumb Code     0  startup_stm32f40_41xxx.o(.text)
    I2C1_ER_IRQHandler                       0x080001b7   Thumb Code     0  startup_stm32f40_41xxx.o(.text)
    I2C1_EV_IRQHandler                       0x080001b7   Thumb Code     0  startup_stm32f40_41xxx.o(.text)
    I2C2_ER_IRQHandler                       0x080001b7   Thumb Code     0  startup_stm32f40_41xxx.o(.text)
    I2C2_EV_IRQHandler                       0x080001b7   Thumb Code     0  startup_stm32f40_41xxx.o(.text)
    I2C3_ER_IRQHandler                       0x080001b7   Thumb Code     0  startup_stm32f40_41xxx.o(.text)
    I2C3_EV_IRQHandler                       0x080001b7   Thumb Code     0  startup_stm32f40_41xxx.o(.text)
    OTG_FS_IRQHandler                        0x080001b7   Thumb Code     0  startup_stm32f40_41xxx.o(.text)
    OTG_FS_WKUP_IRQHandler                   0x080001b7   Thumb Code     0  startup_stm32f40_41xxx.o(.text)
    OTG_HS_EP1_IN_IRQHandler                 0x080001b7   Thumb Code     0  startup_stm32f40_41xxx.o(.text)
    OTG_HS_EP1_OUT_IRQHandler                0x080001b7   Thumb Code     0  startup_stm32f40_41xxx.o(.text)
    OTG_HS_IRQHandler                        0x080001b7   Thumb Code     0  startup_stm32f40_41xxx.o(.text)
    OTG_HS_WKUP_IRQHandler                   0x080001b7   Thumb Code     0  startup_stm32f40_41xxx.o(.text)
    PVD_IRQHandler                           0x080001b7   Thumb Code     0  startup_stm32f40_41xxx.o(.text)
    RCC_IRQHandler                           0x080001b7   Thumb Code     0  startup_stm32f40_41xxx.o(.text)
    RTC_Alarm_IRQHandler                     0x080001b7   Thumb Code     0  startup_stm32f40_41xxx.o(.text)
    RTC_WKUP_IRQHandler                      0x080001b7   Thumb Code     0  startup_stm32f40_41xxx.o(.text)
    SDIO_IRQHandler                          0x080001b7   Thumb Code     0  startup_stm32f40_41xxx.o(.text)
    SPI1_IRQHandler                          0x080001b7   Thumb Code     0  startup_stm32f40_41xxx.o(.text)
    SPI2_IRQHandler                          0x080001b7   Thumb Code     0  startup_stm32f40_41xxx.o(.text)
    SPI3_IRQHandler                          0x080001b7   Thumb Code     0  startup_stm32f40_41xxx.o(.text)
    TAMP_STAMP_IRQHandler                    0x080001b7   Thumb Code     0  startup_stm32f40_41xxx.o(.text)
    TIM1_BRK_TIM9_IRQHandler                 0x080001b7   Thumb Code     0  startup_stm32f40_41xxx.o(.text)
    TIM1_CC_IRQHandler                       0x080001b7   Thumb Code     0  startup_stm32f40_41xxx.o(.text)
    TIM1_TRG_COM_TIM11_IRQHandler            0x080001b7   Thumb Code     0  startup_stm32f40_41xxx.o(.text)
    TIM1_UP_TIM10_IRQHandler                 0x080001b7   Thumb Code     0  startup_stm32f40_41xxx.o(.text)
    TIM3_IRQHandler                          0x080001b7   Thumb Code     0  startup_stm32f40_41xxx.o(.text)
    TIM4_IRQHandler                          0x080001b7   Thumb Code     0  startup_stm32f40_41xxx.o(.text)
    TIM6_DAC_IRQHandler                      0x080001b7   Thumb Code     0  startup_stm32f40_41xxx.o(.text)
    TIM7_IRQHandler                          0x080001b7   Thumb Code     0  startup_stm32f40_41xxx.o(.text)
    TIM8_BRK_TIM12_IRQHandler                0x080001b7   Thumb Code     0  startup_stm32f40_41xxx.o(.text)
    TIM8_CC_IRQHandler                       0x080001b7   Thumb Code     0  startup_stm32f40_41xxx.o(.text)
    TIM8_TRG_COM_TIM14_IRQHandler            0x080001b7   Thumb Code     0  startup_stm32f40_41xxx.o(.text)
    TIM8_UP_TIM13_IRQHandler                 0x080001b7   Thumb Code     0  startup_stm32f40_41xxx.o(.text)
    UART4_IRQHandler                         0x080001b7   Thumb Code     0  startup_stm32f40_41xxx.o(.text)
    UART5_IRQHandler                         0x080001b7   Thumb Code     0  startup_stm32f40_41xxx.o(.text)
    USART2_IRQHandler                        0x080001b7   Thumb Code     0  startup_stm32f40_41xxx.o(.text)
    USART3_IRQHandler                        0x080001b7   Thumb Code     0  startup_stm32f40_41xxx.o(.text)
    USART6_IRQHandler                        0x080001b7   Thumb Code     0  startup_stm32f40_41xxx.o(.text)
    WWDG_IRQHandler                          0x080001b7   Thumb Code     0  startup_stm32f40_41xxx.o(.text)
    __aeabi_memcpy                           0x080001c1   Thumb Code    36  memcpya.o(.text)
    __aeabi_memcpy4                          0x080001c1   Thumb Code     0  memcpya.o(.text)
    __aeabi_memcpy8                          0x080001c1   Thumb Code     0  memcpya.o(.text)
    __aeabi_memset                           0x080001e5   Thumb Code    14  memseta.o(.text)
    __aeabi_memset4                          0x080001e5   Thumb Code     0  memseta.o(.text)
    __aeabi_memset8                          0x080001e5   Thumb Code     0  memseta.o(.text)
    __aeabi_memclr                           0x080001f3   Thumb Code     4  memseta.o(.text)
    __aeabi_memclr4                          0x080001f3   Thumb Code     0  memseta.o(.text)
    __aeabi_memclr8                          0x080001f3   Thumb Code     0  memseta.o(.text)
    _memset$wrapper                          0x080001f7   Thumb Code    18  memseta.o(.text)
    __aeabi_dadd                             0x08000209   Thumb Code   322  dadd.o(.text)
    __aeabi_dsub                             0x0800034b   Thumb Code     6  dadd.o(.text)
    __aeabi_drsub                            0x08000351   Thumb Code     6  dadd.o(.text)
    __aeabi_dmul                             0x08000357   Thumb Code   228  dmul.o(.text)
    __aeabi_ddiv                             0x0800043b   Thumb Code   222  ddiv.o(.text)
    __aeabi_i2d                              0x08000519   Thumb Code    34  dflti.o(.text)
    __aeabi_ui2d                             0x0800053b   Thumb Code    26  dfltui.o(.text)
    __aeabi_d2uiz                            0x08000555   Thumb Code    50  dfixui.o(.text)
    __aeabi_f2d                              0x08000587   Thumb Code    38  f2d.o(.text)
    __aeabi_cdcmpeq                          0x080005ad   Thumb Code     0  cdcmple.o(.text)
    __aeabi_cdcmple                          0x080005ad   Thumb Code    48  cdcmple.o(.text)
    __aeabi_cdrcmple                         0x080005dd   Thumb Code    48  cdrcmple.o(.text)
    __aeabi_d2f                              0x0800060d   Thumb Code    56  d2f.o(.text)
    __aeabi_uidiv                            0x08000645   Thumb Code     0  uidiv.o(.text)
    __aeabi_uidivmod                         0x08000645   Thumb Code    44  uidiv.o(.text)
    __aeabi_uldivmod                         0x08000671   Thumb Code    98  uldiv.o(.text)
    __aeabi_llsl                             0x080006d3   Thumb Code    30  llshl.o(.text)
    _ll_shift_l                              0x080006d3   Thumb Code     0  llshl.o(.text)
    __aeabi_llsr                             0x080006f1   Thumb Code    32  llushr.o(.text)
    _ll_ushift_r                             0x080006f1   Thumb Code     0  llushr.o(.text)
    __aeabi_lasr                             0x08000711   Thumb Code    36  llsshr.o(.text)
    _ll_sshift_r                             0x08000711   Thumb Code     0  llsshr.o(.text)
    __I$use$fp                               0x08000735   Thumb Code     0  iusefp.o(.text)
    _float_round                             0x08000735   Thumb Code    18  fepilogue.o(.text)
    _float_epilogue                          0x08000747   Thumb Code    92  fepilogue.o(.text)
    _double_round                            0x080007a3   Thumb Code    30  depilogue.o(.text)
    _double_epilogue                         0x080007c1   Thumb Code   156  depilogue.o(.text)
    _dsqrt                                   0x0800085d   Thumb Code   162  dsqrt.o(.text)
    __aeabi_d2ulz                            0x080008ff   Thumb Code    48  dfixul.o(.text)
    __scatterload                            0x08000931   Thumb Code    28  init.o(.text)
    __scatterload_rt2                        0x08000931   Thumb Code     0  init.o(.text)
    __aeabi_d2iz                             0x08000955   Thumb Code    62  dfixi.o(.text)
    __decompress                             0x08000993   Thumb Code     0  __dczerorl2.o(.text)
    __decompress1                            0x08000993   Thumb Code    86  __dczerorl2.o(.text)
    BusFault_Handler                         0x080009e9   Thumb Code     4  stm32f4xx_it.o(i.BusFault_Handler)
    DMA1_Stream1_IRQHandler                  0x080009ed   Thumb Code    90  usart.o(i.DMA1_Stream1_IRQHandler)
    DMA1_Stream3_IRQHandler                  0x08000a61   Thumb Code    32  usart.o(i.DMA1_Stream3_IRQHandler)
    DMA2_Stream2_IRQHandler                  0x08000a89   Thumb Code   244  usart.o(i.DMA2_Stream2_IRQHandler)
    DMA_ClearITPendingBit                    0x08000bb9   Thumb Code    38  stm32f4xx_dma.o(i.DMA_ClearITPendingBit)
    DMA_Cmd                                  0x08000bed   Thumb Code    22  stm32f4xx_dma.o(i.DMA_Cmd)
    DMA_GetCmdStatus                         0x08000c03   Thumb Code    20  stm32f4xx_dma.o(i.DMA_GetCmdStatus)
    DMA_GetITStatus                          0x08000c19   Thumb Code    82  stm32f4xx_dma.o(i.DMA_GetITStatus)
    DMA_ITConfig                             0x08000c7d   Thumb Code    58  stm32f4xx_dma.o(i.DMA_ITConfig)
    DMA_Init                                 0x08000cb9   Thumb Code    82  stm32f4xx_dma.o(i.DMA_Init)
    DMA_SetCurrDataCounter                   0x08000d11   Thumb Code     4  stm32f4xx_dma.o(i.DMA_SetCurrDataCounter)
    DebugMon_Handler                         0x08000d15   Thumb Code     2  stm32f4xx_it.o(i.DebugMon_Handler)
    Encoder_Clear                            0x08000d19   Thumb Code    42  encoder.o(i.Encoder_Clear)
    Encoder_Init                             0x08000d51   Thumb Code   666  encoder.o(i.Encoder_Init)
    Encoder_InitR                            0x08001021   Thumb Code   298  encoder.o(i.Encoder_InitR)
    Encoder_InitXY                           0x08001171   Thumb Code    36  encoder.o(i.Encoder_InitXY)
    Encoder_Init_Convert                     0x0800119d   Thumb Code   894  encoder.o(i.Encoder_Init_Convert)
    Encoder_Init_Radius                      0x08001629   Thumb Code   718  encoder.o(i.Encoder_Init_Radius)
    Encoder_Update                           0x080019a1   Thumb Code   312  encoder.o(i.Encoder_Update)
    Encoder_View_Coefficient                 0x08001add   Thumb Code   632  encoder.o(i.Encoder_View_Coefficient)
    FSMC_NORSRAMCmd                          0x08001de9   Thumb Code    46  stm32f4xx_fsmc.o(i.FSMC_NORSRAMCmd)
    FSMC_NORSRAMInit                         0x08001e1d   Thumb Code   230  stm32f4xx_fsmc.o(i.FSMC_NORSRAMInit)
    GPIO_Init                                0x08001f03   Thumb Code   144  stm32f4xx_gpio.o(i.GPIO_Init)
    GPIO_PinAFConfig                         0x08001f93   Thumb Code    70  stm32f4xx_gpio.o(i.GPIO_PinAFConfig)
    GPS_Clear                                0x08001fd9   Thumb Code    20  gps.o(i.GPS_Clear)
    GPS_Init                                 0x08001ff5   Thumb Code   134  gps.o(i.GPS_Init)
    GPS_Update                               0x08002089   Thumb Code   924  gps.o(i.GPS_Update)
    Get_Encoder_Pulse_Count                  0x08002475   Thumb Code    34  encoder.o(i.Get_Encoder_Pulse_Count)
    Gyro_Set_Zero                            0x08002531   Thumb Code   170  gyro.o(i.Gyro_Set_Zero)
    Gyro_USART_DMA_EN                        0x080025fd   Thumb Code   318  usart.o(i.Gyro_USART_DMA_EN)
    HardFault_Handler                        0x08002745   Thumb Code     4  stm32f4xx_it.o(i.HardFault_Handler)
    LCD_Clear                                0x08002749   Thumb Code   100  lcd.o(i.LCD_Clear)
    LCD_Display_Dir                          0x080027b5   Thumb Code   444  lcd.o(i.LCD_Display_Dir)
    LCD_DrawLine                             0x08002975   Thumb Code   176  lcd.o(i.LCD_DrawLine)
    LCD_DrawPoint                            0x08002a25   Thumb Code    28  lcd.o(i.LCD_DrawPoint)
    LCD_Draw_Circle                          0x08002a49   Thumb Code   152  lcd.o(i.LCD_Draw_Circle)
    LCD_Fast_DrawPoint                       0x08002ae1   Thumb Code   374  lcd.o(i.LCD_Fast_DrawPoint)
    LCD_Init                                 0x08002c61   Thumb Code 14718  lcd.o(i.LCD_Init)
    LCD_Pow                                  0x080065e9   Thumb Code    22  lcd.o(i.LCD_Pow)
    LCD_RD_DATA                              0x08006601   Thumb Code    14  lcd.o(i.LCD_RD_DATA)
    LCD_ReadReg                              0x08006615   Thumb Code    22  lcd.o(i.LCD_ReadReg)
    LCD_Reset                                0x0800662d   Thumb Code    24  lcd.o(i.LCD_Reset)
    LCD_SSD_BackLightSet                     0x0800664d   Thumb Code    88  lcd.o(i.LCD_SSD_BackLightSet)
    LCD_Scan_Dir                             0x080066ad   Thumb Code   744  lcd.o(i.LCD_Scan_Dir)
    LCD_SetCursor                            0x08006999   Thumb Code   418  lcd.o(i.LCD_SetCursor)
    LCD_ShowChar                             0x08006b41   Thumb Code   272  lcd.o(i.LCD_ShowChar)
    LCD_ShowNum                              0x08006c69   Thumb Code   148  lcd.o(i.LCD_ShowNum)
    LCD_ShowString                           0x08006cfd   Thumb Code   102  lcd.o(i.LCD_ShowString)
    LCD_WR_DATA                              0x08006d65   Thumb Code    18  lcd.o(i.LCD_WR_DATA)
    LCD_WR_REG                               0x08006d7d   Thumb Code    18  lcd.o(i.LCD_WR_REG)
    LCD_WriteRAM_Prepare                     0x08006d95   Thumb Code    10  lcd.o(i.LCD_WriteRAM_Prepare)
    LCD_WriteReg                             0x08006da9   Thumb Code    14  lcd.o(i.LCD_WriteReg)
    LCD_printf                               0x08006dbd   Thumb Code    60  lcd.o(i.LCD_printf)
    LED_Init                                 0x08006df9   Thumb Code    84  led.o(i.LED_Init)
    MemManage_Handler                        0x08006e61   Thumb Code     4  stm32f4xx_it.o(i.MemManage_Handler)
    NMI_Handler                              0x08006e65   Thumb Code     2  stm32f4xx_it.o(i.NMI_Handler)
    NVIC_Init                                0x08006e69   Thumb Code   106  misc.o(i.NVIC_Init)
    NVIC_PriorityGroupConfig                 0x08006ee1   Thumb Code    10  misc.o(i.NVIC_PriorityGroupConfig)
    PWM_GetDuty                              0x08006ef5   Thumb Code   168  pwm.o(i.PWM_GetDuty)
    PWM_SetDuty                              0x08006fa9   Thumb Code   126  pwm.o(i.PWM_SetDuty)
    PendSV_Handler                           0x08007031   Thumb Code     2  stm32f4xx_it.o(i.PendSV_Handler)
    QEI_Init                                 0x08007035   Thumb Code   350  qei.o(i.QEI_Init)
    RCC_AHB1PeriphClockCmd                   0x080071a1   Thumb Code    26  stm32f4xx_rcc.o(i.RCC_AHB1PeriphClockCmd)
    RCC_AHB3PeriphClockCmd                   0x080071c1   Thumb Code    26  stm32f4xx_rcc.o(i.RCC_AHB3PeriphClockCmd)
    RCC_APB1PeriphClockCmd                   0x080071e1   Thumb Code    26  stm32f4xx_rcc.o(i.RCC_APB1PeriphClockCmd)
    RCC_APB2PeriphClockCmd                   0x08007201   Thumb Code    26  stm32f4xx_rcc.o(i.RCC_APB2PeriphClockCmd)
    RCC_GetClocksFreq                        0x08007221   Thumb Code   214  stm32f4xx_rcc.o(i.RCC_GetClocksFreq)
    SVC_Handler                              0x08007309   Thumb Code     2  stm32f4xx_it.o(i.SVC_Handler)
    Show_Keyboard                            0x080073f9   Thumb Code  1378  m_func.o(i.Show_Keyboard)
    SysTick_CLKSourceConfig                  0x08007971   Thumb Code    40  misc.o(i.SysTick_CLKSourceConfig)
    SysTick_Handler                          0x08007999   Thumb Code     2  stm32f4xx_it.o(i.SysTick_Handler)
    SystemInit                               0x0800799d   Thumb Code    88  system_stm32f4xx.o(i.SystemInit)
    TIM2_IRQHandler                          0x08007a05   Thumb Code    56  qei.o(i.TIM2_IRQHandler)
    TIM5_IRQHandler                          0x08007a41   Thumb Code    56  qei.o(i.TIM5_IRQHandler)
    TIM_ClearFlag                            0x08007a81   Thumb Code     6  stm32f4xx_tim.o(i.TIM_ClearFlag)
    TIM_ClearITPendingBit                    0x08007a87   Thumb Code     6  stm32f4xx_tim.o(i.TIM_ClearITPendingBit)
    TIM_Cmd                                  0x08007a8d   Thumb Code    24  stm32f4xx_tim.o(i.TIM_Cmd)
    TIM_EncoderInterfaceConfig               0x08007aa5   Thumb Code    66  stm32f4xx_tim.o(i.TIM_EncoderInterfaceConfig)
    TIM_GetITStatus                          0x08007ae7   Thumb Code    34  stm32f4xx_tim.o(i.TIM_GetITStatus)
    TIM_ITConfig                             0x08007b09   Thumb Code    18  stm32f4xx_tim.o(i.TIM_ITConfig)
    TIM_SetIC1Prescaler                      0x08007b1b   Thumb Code    18  stm32f4xx_tim.o(i.TIM_SetIC1Prescaler)
    TIM_SetIC2Prescaler                      0x08007b2d   Thumb Code    26  stm32f4xx_tim.o(i.TIM_SetIC2Prescaler)
    TIM_TimeBaseInit                         0x08007b49   Thumb Code   104  stm32f4xx_tim.o(i.TIM_TimeBaseInit)
    TIM_TimeBaseStructInit                   0x08007bcd   Thumb Code    18  stm32f4xx_tim.o(i.TIM_TimeBaseStructInit)
    TP_Adj_Info_Show                         0x08007be1   Thumb Code   374  touch.o(i.TP_Adj_Info_Show)
    TP_Adj_Parameters_Set                    0x08007d89   Thumb Code    72  touch.o(i.TP_Adj_Parameters_Set)
    TP_Adj_Parameters_Show                   0x08007de5   Thumb Code   194  touch.o(i.TP_Adj_Parameters_Show)
    TP_Adjust                                0x08007ee9   Thumb Code  2292  touch.o(i.TP_Adjust)
    TP_Drow_Touch_Point                      0x080087dd   Thumb Code   108  touch.o(i.TP_Drow_Touch_Point)
    TP_Init                                  0x0800884d   Thumb Code   166  touch.o(i.TP_Init)
    TP_Read_AD                               0x08008909   Thumb Code   132  touch.o(i.TP_Read_AD)
    TP_Read_XOY                              0x0800899d   Thumb Code   120  touch.o(i.TP_Read_XOY)
    TP_Read_XY                               0x08008a15   Thumb Code    38  touch.o(i.TP_Read_XY)
    TP_Read_XY2                              0x08008a45   Thumb Code   192  touch.o(i.TP_Read_XY2)
    TP_Row_Judge                             0x08008b05   Thumb Code   426  touch.o(i.TP_Row_Judge)
    TP_Scan                                  0x08008cb9   Thumb Code   242  touch.o(i.TP_Scan)
    TP_Write_Byte                            0x08008db5   Thumb Code    64  touch.o(i.TP_Write_Byte)
    USART1_IRQHandler                        0x08008e01   Thumb Code    30  usart.o(i.USART1_IRQHandler)
    USART_ClearFlag                          0x08008e2d   Thumb Code    18  stm32f4xx_usart.o(i.USART_ClearFlag)
    USART_Cmd                                0x08008e3f   Thumb Code    24  stm32f4xx_usart.o(i.USART_Cmd)
    USART_Config                             0x08008e59   Thumb Code   942  usart.o(i.USART_Config)
    USART_DMACmd                             0x08009241   Thumb Code    18  stm32f4xx_usart.o(i.USART_DMACmd)
    USART_GetByte                            0x08009253   Thumb Code    30  usart.o(i.USART_GetByte)
    USART_GetFlagStatus                      0x08009271   Thumb Code    26  stm32f4xx_usart.o(i.USART_GetFlagStatus)
    USART_GetITStatus                        0x0800928b   Thumb Code    84  stm32f4xx_usart.o(i.USART_GetITStatus)
    USART_ITConfig                           0x080092df   Thumb Code    74  stm32f4xx_usart.o(i.USART_ITConfig)
    USART_Init                               0x08009329   Thumb Code   204  stm32f4xx_usart.o(i.USART_Init)
    USART_ReceiveData                        0x080093fd   Thumb Code    10  stm32f4xx_usart.o(i.USART_ReceiveData)
    USART_SendByte                           0x08009407   Thumb Code    30  usart.o(i.USART_SendByte)
    USART_SendData                           0x08009425   Thumb Code     8  stm32f4xx_usart.o(i.USART_SendData)
    UsageFault_Handler                       0x0800942d   Thumb Code     4  stm32f4xx_it.o(i.UsageFault_Handler)
    __0vsprintf                              0x08009431   Thumb Code    30  printfa.o(i.__0vsprintf)
    __1vsprintf                              0x08009431   Thumb Code     0  printfa.o(i.__0vsprintf)
    __2vsprintf                              0x08009431   Thumb Code     0  printfa.o(i.__0vsprintf)
    __c89vsprintf                            0x08009431   Thumb Code     0  printfa.o(i.__0vsprintf)
    vsprintf                                 0x08009431   Thumb Code     0  printfa.o(i.__0vsprintf)
    __ARM_fpclassify                         0x08009455   Thumb Code    48  fpclassify.o(i.__ARM_fpclassify)
    __hardfp_atan                            0x08009489   Thumb Code   622  atan.o(i.__hardfp_atan)
    __hardfp_cos                             0x08009761   Thumb Code   180  cos.o(i.__hardfp_cos)
    __hardfp_sin                             0x08009829   Thumb Code   180  sin.o(i.__hardfp_sin)
    __hardfp_sqrt                            0x080098f1   Thumb Code   122  sqrt.o(i.__hardfp_sqrt)
    __ieee754_rem_pio2                       0x08009971   Thumb Code   938  rred.o(i.__ieee754_rem_pio2)
    __kernel_cos                             0x08009da9   Thumb Code   322  cos_i.o(i.__kernel_cos)
    __kernel_poly                            0x08009f19   Thumb Code   248  poly.o(i.__kernel_poly)
    __kernel_sin                             0x0800a011   Thumb Code   280  sin_i.o(i.__kernel_sin)
    __mathlib_dbl_infnan                     0x0800a141   Thumb Code    20  dunder.o(i.__mathlib_dbl_infnan)
    __mathlib_dbl_invalid                    0x0800a159   Thumb Code    24  dunder.o(i.__mathlib_dbl_invalid)
    __mathlib_dbl_underflow                  0x0800a179   Thumb Code    24  dunder.o(i.__mathlib_dbl_underflow)
    __scatterload_copy                       0x0800a199   Thumb Code    14  handlers.o(i.__scatterload_copy)
    __scatterload_null                       0x0800a1a7   Thumb Code     2  handlers.o(i.__scatterload_null)
    __scatterload_zeroinit                   0x0800a1a9   Thumb Code    14  handlers.o(i.__scatterload_zeroinit)
    __set_errno                              0x0800a1b9   Thumb Code     6  errno.o(i.__set_errno)
    delay_init                               0x0800aa81   Thumb Code    52  delay.o(i.delay_init)
    delay_ms                                 0x0800aabd   Thumb Code    56  delay.o(i.delay_ms)
    delay_us                                 0x0800aaf5   Thumb Code    72  delay.o(i.delay_us)
    delay_xms                                0x0800ab41   Thumb Code    72  delay.o(i.delay_xms)
    fabs                                     0x0800ab8d   Thumb Code    24  fabs.o(i.fabs)
    main                                     0x0800aba5   Thumb Code  2200  main.o(i.main)
    asc2_1206                                0x0800b458   Data        1140  font.o(.constdata)
    asc2_1608                                0x0800b8cc   Data        1520  font.o(.constdata)
    asc2_2412                                0x0800bebc   Data        3420  font.o(.constdata)
    TP_REMIND_MSG_TBL                        0x0800cc18   Data           4  touch.o(.constdata)
    Region$$Table$$Base                      0x0800ce54   Number         0  anon$$obj.o(Region$$Table)
    Region$$Table$$Limit                     0x0800ce74   Number         0  anon$$obj.o(Region$$Table)
    Encoders                                 0x20000000   Data         128  encoder.o(.data)
    Gyro_Total                               0x20000080   Data           2  gyro.o(.data)
    Gyro_Angle_Total                         0x20000088   Data           8  gyro.o(.data)
    Gyro_Radian_Total                        0x20000090   Data           8  gyro.o(.data)
    Gyro_N                                   0x20000098   Data           4  gyro.o(.data)
    QEI_overflow_cnt                         0x2000009c   Data           8  qei.o(.data)
    QEI_TIM                                  0x200000a4   Data           8  qei.o(.data)
    Key_RxBuffer                             0x200000c0   Data           1  usart.o(.data)
    USART_Key_Receive                        0x200000c1   Data           1  usart.o(.data)
    Is_GPS_Command                           0x200000e0   Data           1  command.o(.data)
    Command_Index                            0x200000e1   Data           3  command.o(.data)
    Command_Context                          0x20000100   Data           4  command.o(.data)
    POINT_COLOR                              0x20000104   Data           2  lcd.o(.data)
    BACK_COLOR                               0x20000106   Data           2  lcd.o(.data)
    tp_dev                                   0x20000108   Data          52  touch.o(.data)
    CMD_RDX                                  0x2000013c   Data           1  touch.o(.data)
    CMD_RDY                                  0x2000013d   Data           1  touch.o(.data)
    use_touch_adj_data                       0x2000013e   Data           1  touch.o(.data)
    KeyBoard_State                           0x2000013f   Data           1  m_func.o(.data)
    pwm_structs                              0x20000140   Data          96  pwm.o(.data)
    Encoder_N                                0x200001b8   Data          16  encoder.o(.bss)
    GPS_List                                 0x200001c8   Data         128  gps.o(.bss)
    Command_RxBuffer                         0x20000260   Data           9  usart.o(.bss)
    GPS_TxBuffer                             0x20000280   Data          20  usart.o(.bss)
    Gyro_RxBuffer                            0x200002a0   Data          22  usart.o(.bss)
    lcddev                                   0x200002b6   Data          14  lcd.o(.bss)
    __initial_sp                             0x200006c8   Data           0  startup_stm32f40_41xxx.o(STACK)



==============================================================================

Memory Map of the image

  Image Entry point : 0x08000189

  Load Region LR_IROM1 (Base: 0x08000000, Size: 0x0000d02c, Max: 0x00100000, ABSOLUTE, COMPRESSED[0x0000ced8])

    Execution Region ER_IROM1 (Exec base: 0x08000000, Load base: 0x08000000, Size: 0x0000ce74, Max: 0x00100000, ABSOLUTE)

    Exec Addr    Load Addr    Size         Type   Attr      Idx    E Section Name        Object

    0x08000000   0x08000000   0x00000188   Data   RO         1427    RESET               startup_stm32f40_41xxx.o
    0x08000188   0x08000188   0x00000000   Code   RO         6224  * .ARM.Collect$$$$00000000  mc_w.l(entry.o)
    0x08000188   0x08000188   0x00000004   Code   RO         6322    .ARM.Collect$$$$00000001  mc_w.l(entry2.o)
    0x0800018c   0x0800018c   0x00000004   Code   RO         6325    .ARM.Collect$$$$00000004  mc_w.l(entry5.o)
    0x08000190   0x08000190   0x00000000   Code   RO         6327    .ARM.Collect$$$$00000008  mc_w.l(entry7b.o)
    0x08000190   0x08000190   0x00000000   Code   RO         6329    .ARM.Collect$$$$0000000A  mc_w.l(entry8b.o)
    0x08000190   0x08000190   0x00000008   Code   RO         6330    .ARM.Collect$$$$0000000B  mc_w.l(entry9a.o)
    0x08000198   0x08000198   0x00000000   Code   RO         6332    .ARM.Collect$$$$0000000D  mc_w.l(entry10a.o)
    0x08000198   0x08000198   0x00000000   Code   RO         6334    .ARM.Collect$$$$0000000F  mc_w.l(entry11a.o)
    0x08000198   0x08000198   0x00000004   Code   RO         6323    .ARM.Collect$$$$00002712  mc_w.l(entry2.o)
    0x0800019c   0x0800019c   0x00000024   Code   RO         1428    .text               startup_stm32f40_41xxx.o
    0x080001c0   0x080001c0   0x00000024   Code   RO         6227    .text               mc_w.l(memcpya.o)
    0x080001e4   0x080001e4   0x00000024   Code   RO         6229    .text               mc_w.l(memseta.o)
    0x08000208   0x08000208   0x0000014e   Code   RO         6261    .text               mf_w.l(dadd.o)
    0x08000356   0x08000356   0x000000e4   Code   RO         6263    .text               mf_w.l(dmul.o)
    0x0800043a   0x0800043a   0x000000de   Code   RO         6265    .text               mf_w.l(ddiv.o)
    0x08000518   0x08000518   0x00000022   Code   RO         6269    .text               mf_w.l(dflti.o)
    0x0800053a   0x0800053a   0x0000001a   Code   RO         6271    .text               mf_w.l(dfltui.o)
    0x08000554   0x08000554   0x00000032   Code   RO         6273    .text               mf_w.l(dfixui.o)
    0x08000586   0x08000586   0x00000026   Code   RO         6275    .text               mf_w.l(f2d.o)
    0x080005ac   0x080005ac   0x00000030   Code   RO         6277    .text               mf_w.l(cdcmple.o)
    0x080005dc   0x080005dc   0x00000030   Code   RO         6279    .text               mf_w.l(cdrcmple.o)
    0x0800060c   0x0800060c   0x00000038   Code   RO         6281    .text               mf_w.l(d2f.o)
    0x08000644   0x08000644   0x0000002c   Code   RO         6337    .text               mc_w.l(uidiv.o)
    0x08000670   0x08000670   0x00000062   Code   RO         6339    .text               mc_w.l(uldiv.o)
    0x080006d2   0x080006d2   0x0000001e   Code   RO         6341    .text               mc_w.l(llshl.o)
    0x080006f0   0x080006f0   0x00000020   Code   RO         6343    .text               mc_w.l(llushr.o)
    0x08000710   0x08000710   0x00000024   Code   RO         6345    .text               mc_w.l(llsshr.o)
    0x08000734   0x08000734   0x00000000   Code   RO         6354    .text               mc_w.l(iusefp.o)
    0x08000734   0x08000734   0x0000006e   Code   RO         6355    .text               mf_w.l(fepilogue.o)
    0x080007a2   0x080007a2   0x000000ba   Code   RO         6357    .text               mf_w.l(depilogue.o)
    0x0800085c   0x0800085c   0x000000a2   Code   RO         6359    .text               mf_w.l(dsqrt.o)
    0x080008fe   0x080008fe   0x00000030   Code   RO         6361    .text               mf_w.l(dfixul.o)
    0x0800092e   0x0800092e   0x00000002   PAD
    0x08000930   0x08000930   0x00000024   Code   RO         6363    .text               mc_w.l(init.o)
    0x08000954   0x08000954   0x0000003e   Code   RO         6365    .text               mf_w.l(dfixi.o)
    0x08000992   0x08000992   0x00000056   Code   RO         6375    .text               mc_w.l(__dczerorl2.o)
    0x080009e8   0x080009e8   0x00000004   Code   RO          205    i.BusFault_Handler  stm32f4xx_it.o
    0x080009ec   0x080009ec   0x00000074   Code   RO          709    i.DMA1_Stream1_IRQHandler  usart.o
    0x08000a60   0x08000a60   0x00000028   Code   RO          710    i.DMA1_Stream3_IRQHandler  usart.o
    0x08000a88   0x08000a88   0x00000130   Code   RO          711    i.DMA2_Stream2_IRQHandler  usart.o
    0x08000bb8   0x08000bb8   0x00000034   Code   RO         2553    i.DMA_ClearITPendingBit  stm32f4xx_dma.o
    0x08000bec   0x08000bec   0x00000016   Code   RO         2554    i.DMA_Cmd           stm32f4xx_dma.o
    0x08000c02   0x08000c02   0x00000014   Code   RO         2559    i.DMA_GetCmdStatus  stm32f4xx_dma.o
    0x08000c16   0x08000c16   0x00000002   PAD
    0x08000c18   0x08000c18   0x00000064   Code   RO         2564    i.DMA_GetITStatus   stm32f4xx_dma.o
    0x08000c7c   0x08000c7c   0x0000003a   Code   RO         2565    i.DMA_ITConfig      stm32f4xx_dma.o
    0x08000cb6   0x08000cb6   0x00000002   PAD
    0x08000cb8   0x08000cb8   0x00000058   Code   RO         2566    i.DMA_Init          stm32f4xx_dma.o
    0x08000d10   0x08000d10   0x00000004   Code   RO         2569    i.DMA_SetCurrDataCounter  stm32f4xx_dma.o
    0x08000d14   0x08000d14   0x00000002   Code   RO          206    i.DebugMon_Handler  stm32f4xx_it.o
    0x08000d16   0x08000d16   0x00000002   PAD
    0x08000d18   0x08000d18   0x00000038   Code   RO          459    i.Encoder_Clear     encoder.o
    0x08000d50   0x08000d50   0x000002d0   Code   RO          460    i.Encoder_Init      encoder.o
    0x08001020   0x08001020   0x00000150   Code   RO          461    i.Encoder_InitR     encoder.o
    0x08001170   0x08001170   0x0000002c   Code   RO          462    i.Encoder_InitXY    encoder.o
    0x0800119c   0x0800119c   0x0000048c   Code   RO          463    i.Encoder_Init_Convert  encoder.o
    0x08001628   0x08001628   0x00000378   Code   RO          464    i.Encoder_Init_Radius  encoder.o
    0x080019a0   0x080019a0   0x0000013c   Code   RO          465    i.Encoder_Update    encoder.o
    0x08001adc   0x08001adc   0x0000030c   Code   RO          467    i.Encoder_View_Coefficient  encoder.o
    0x08001de8   0x08001de8   0x00000034   Code   RO         3036    i.FSMC_NORSRAMCmd   stm32f4xx_fsmc.o
    0x08001e1c   0x08001e1c   0x000000e6   Code   RO         3038    i.FSMC_NORSRAMInit  stm32f4xx_fsmc.o
    0x08001f02   0x08001f02   0x00000090   Code   RO         3157    i.GPIO_Init         stm32f4xx_gpio.o
    0x08001f92   0x08001f92   0x00000046   Code   RO         3158    i.GPIO_PinAFConfig  stm32f4xx_gpio.o
    0x08001fd8   0x08001fd8   0x0000001c   Code   RO          619    i.GPS_Clear         gps.o
    0x08001ff4   0x08001ff4   0x00000094   Code   RO          620    i.GPS_Init          gps.o
    0x08002088   0x08002088   0x000003c4   Code   RO          643    i.GPS_Update        gps.o
    0x0800244c   0x0800244c   0x00000028   Code   RO         1216    i.Get_Cycle         pwm.o
    0x08002474   0x08002474   0x0000002c   Code   RO          468    i.Get_Encoder_Pulse_Count  encoder.o
    0x080024a0   0x080024a0   0x00000090   Code   RO         1217    i.Get_TIMx          pwm.o
    0x08002530   0x08002530   0x000000cc   Code   RO          593    i.Gyro_Set_Zero     gyro.o
    0x080025fc   0x080025fc   0x00000148   Code   RO          712    i.Gyro_USART_DMA_EN  usart.o
    0x08002744   0x08002744   0x00000004   Code   RO          207    i.HardFault_Handler  stm32f4xx_it.o
    0x08002748   0x08002748   0x0000006c   Code   RO          821    i.LCD_Clear         lcd.o
    0x080027b4   0x080027b4   0x000001c0   Code   RO          825    i.LCD_Display_Dir   lcd.o
    0x08002974   0x08002974   0x000000b0   Code   RO          826    i.LCD_DrawLine      lcd.o
    0x08002a24   0x08002a24   0x00000024   Code   RO          827    i.LCD_DrawPoint     lcd.o
    0x08002a48   0x08002a48   0x00000098   Code   RO          829    i.LCD_Draw_Circle   lcd.o
    0x08002ae0   0x08002ae0   0x00000180   Code   RO          830    i.LCD_Fast_DrawPoint  lcd.o
    0x08002c60   0x08002c60   0x00003988   Code   RO          832    i.LCD_Init          lcd.o
    0x080065e8   0x080065e8   0x00000016   Code   RO          833    i.LCD_Pow           lcd.o
    0x080065fe   0x080065fe   0x00000002   PAD
    0x08006600   0x08006600   0x00000014   Code   RO          834    i.LCD_RD_DATA       lcd.o
    0x08006614   0x08006614   0x00000016   Code   RO          836    i.LCD_ReadReg       lcd.o
    0x0800662a   0x0800662a   0x00000002   PAD
    0x0800662c   0x0800662c   0x00000020   Code   RO          837    i.LCD_Reset         lcd.o
    0x0800664c   0x0800664c   0x00000060   Code   RO          838    i.LCD_SSD_BackLightSet  lcd.o
    0x080066ac   0x080066ac   0x000002ec   Code   RO          839    i.LCD_Scan_Dir      lcd.o
    0x08006998   0x08006998   0x000001a8   Code   RO          840    i.LCD_SetCursor     lcd.o
    0x08006b40   0x08006b40   0x00000128   Code   RO          842    i.LCD_ShowChar      lcd.o
    0x08006c68   0x08006c68   0x00000094   Code   RO          843    i.LCD_ShowNum       lcd.o
    0x08006cfc   0x08006cfc   0x00000066   Code   RO          844    i.LCD_ShowString    lcd.o
    0x08006d62   0x08006d62   0x00000002   PAD
    0x08006d64   0x08006d64   0x00000018   Code   RO          846    i.LCD_WR_DATA       lcd.o
    0x08006d7c   0x08006d7c   0x00000018   Code   RO          847    i.LCD_WR_REG        lcd.o
    0x08006d94   0x08006d94   0x00000014   Code   RO          849    i.LCD_WriteRAM_Prepare  lcd.o
    0x08006da8   0x08006da8   0x00000014   Code   RO          850    i.LCD_WriteReg      lcd.o
    0x08006dbc   0x08006dbc   0x0000003c   Code   RO          851    i.LCD_printf        lcd.o
    0x08006df8   0x08006df8   0x00000068   Code   RO          407    i.LED_Init          led.o
    0x08006e60   0x08006e60   0x00000004   Code   RO          208    i.MemManage_Handler  stm32f4xx_it.o
    0x08006e64   0x08006e64   0x00000002   Code   RO          209    i.NMI_Handler       stm32f4xx_it.o
    0x08006e66   0x08006e66   0x00000002   PAD
    0x08006e68   0x08006e68   0x00000078   Code   RO         1434    i.NVIC_Init         misc.o
    0x08006ee0   0x08006ee0   0x00000014   Code   RO         1435    i.NVIC_PriorityGroupConfig  misc.o
    0x08006ef4   0x08006ef4   0x000000b4   Code   RO         1222    i.PWM_GetDuty       pwm.o
    0x08006fa8   0x08006fa8   0x00000088   Code   RO         1225    i.PWM_SetDuty       pwm.o
    0x08007030   0x08007030   0x00000002   Code   RO          210    i.PendSV_Handler    stm32f4xx_it.o
    0x08007032   0x08007032   0x00000002   PAD
    0x08007034   0x08007034   0x0000016c   Code   RO          671    i.QEI_Init          qei.o
    0x080071a0   0x080071a0   0x00000020   Code   RO         4021    i.RCC_AHB1PeriphClockCmd  stm32f4xx_rcc.o
    0x080071c0   0x080071c0   0x00000020   Code   RO         4027    i.RCC_AHB3PeriphClockCmd  stm32f4xx_rcc.o
    0x080071e0   0x080071e0   0x00000020   Code   RO         4030    i.RCC_APB1PeriphClockCmd  stm32f4xx_rcc.o
    0x08007200   0x08007200   0x00000020   Code   RO         4033    i.RCC_APB2PeriphClockCmd  stm32f4xx_rcc.o
    0x08007220   0x08007220   0x000000e8   Code   RO         4042    i.RCC_GetClocksFreq  stm32f4xx_rcc.o
    0x08007308   0x08007308   0x00000002   Code   RO          211    i.SVC_Handler       stm32f4xx_it.o
    0x0800730a   0x0800730a   0x00000002   PAD
    0x0800730c   0x0800730c   0x000000ec   Code   RO          273    i.SetSysClock       system_stm32f4xx.o
    0x080073f8   0x080073f8   0x00000578   Code   RO         1187    i.Show_Keyboard     m_func.o
    0x08007970   0x08007970   0x00000028   Code   RO         1438    i.SysTick_CLKSourceConfig  misc.o
    0x08007998   0x08007998   0x00000002   Code   RO          212    i.SysTick_Handler   stm32f4xx_it.o
    0x0800799a   0x0800799a   0x00000002   PAD
    0x0800799c   0x0800799c   0x00000068   Code   RO          275    i.SystemInit        system_stm32f4xx.o
    0x08007a04   0x08007a04   0x0000003c   Code   RO          672    i.TIM2_IRQHandler   qei.o
    0x08007a40   0x08007a40   0x00000040   Code   RO          673    i.TIM5_IRQHandler   qei.o
    0x08007a80   0x08007a80   0x00000006   Code   RO         5362    i.TIM_ClearFlag     stm32f4xx_tim.o
    0x08007a86   0x08007a86   0x00000006   Code   RO         5363    i.TIM_ClearITPendingBit  stm32f4xx_tim.o
    0x08007a8c   0x08007a8c   0x00000018   Code   RO         5368    i.TIM_Cmd           stm32f4xx_tim.o
    0x08007aa4   0x08007aa4   0x00000042   Code   RO         5377    i.TIM_EncoderInterfaceConfig  stm32f4xx_tim.o
    0x08007ae6   0x08007ae6   0x00000022   Code   RO         5389    i.TIM_GetITStatus   stm32f4xx_tim.o
    0x08007b08   0x08007b08   0x00000012   Code   RO         5393    i.TIM_ITConfig      stm32f4xx_tim.o
    0x08007b1a   0x08007b1a   0x00000012   Code   RO         5435    i.TIM_SetIC1Prescaler  stm32f4xx_tim.o
    0x08007b2c   0x08007b2c   0x0000001a   Code   RO         5436    i.TIM_SetIC2Prescaler  stm32f4xx_tim.o
    0x08007b46   0x08007b46   0x00000002   PAD
    0x08007b48   0x08007b48   0x00000084   Code   RO         5440    i.TIM_TimeBaseInit  stm32f4xx_tim.o
    0x08007bcc   0x08007bcc   0x00000012   Code   RO         5441    i.TIM_TimeBaseStructInit  stm32f4xx_tim.o
    0x08007bde   0x08007bde   0x00000002   PAD
    0x08007be0   0x08007be0   0x000001a8   Code   RO         1054    i.TP_Adj_Info_Show  touch.o
    0x08007d88   0x08007d88   0x0000005c   Code   RO         1055    i.TP_Adj_Parameters_Set  touch.o
    0x08007de4   0x08007de4   0x00000104   Code   RO         1056    i.TP_Adj_Parameters_Show  touch.o
    0x08007ee8   0x08007ee8   0x000008f4   Code   RO         1057    i.TP_Adjust         touch.o
    0x080087dc   0x080087dc   0x00000070   Code   RO         1059    i.TP_Drow_Touch_Point  touch.o
    0x0800884c   0x0800884c   0x000000bc   Code   RO         1060    i.TP_Init           touch.o
    0x08008908   0x08008908   0x00000094   Code   RO         1063    i.TP_Read_AD        touch.o
    0x0800899c   0x0800899c   0x00000078   Code   RO         1064    i.TP_Read_XOY       touch.o
    0x08008a14   0x08008a14   0x00000030   Code   RO         1065    i.TP_Read_XY        touch.o
    0x08008a44   0x08008a44   0x000000c0   Code   RO         1066    i.TP_Read_XY2       touch.o
    0x08008b04   0x08008b04   0x000001b4   Code   RO         1067    i.TP_Row_Judge      touch.o
    0x08008cb8   0x08008cb8   0x000000fc   Code   RO         1068    i.TP_Scan           touch.o
    0x08008db4   0x08008db4   0x0000004c   Code   RO         1069    i.TP_Write_Byte     touch.o
    0x08008e00   0x08008e00   0x0000002c   Code   RO          713    i.USART1_IRQHandler  usart.o
    0x08008e2c   0x08008e2c   0x00000012   Code   RO         5914    i.USART_ClearFlag   stm32f4xx_usart.o
    0x08008e3e   0x08008e3e   0x00000018   Code   RO         5918    i.USART_Cmd         stm32f4xx_usart.o
    0x08008e56   0x08008e56   0x00000002   PAD
    0x08008e58   0x08008e58   0x000003e8   Code   RO          714    i.USART_Config      usart.o
    0x08009240   0x08009240   0x00000012   Code   RO         5919    i.USART_DMACmd      stm32f4xx_usart.o
    0x08009252   0x08009252   0x0000001e   Code   RO          715    i.USART_GetByte     usart.o
    0x08009270   0x08009270   0x0000001a   Code   RO         5921    i.USART_GetFlagStatus  stm32f4xx_usart.o
    0x0800928a   0x0800928a   0x00000054   Code   RO         5922    i.USART_GetITStatus  stm32f4xx_usart.o
    0x080092de   0x080092de   0x0000004a   Code   RO         5924    i.USART_ITConfig    stm32f4xx_usart.o
    0x08009328   0x08009328   0x000000d4   Code   RO         5925    i.USART_Init        stm32f4xx_usart.o
    0x080093fc   0x080093fc   0x0000000a   Code   RO         5932    i.USART_ReceiveData  stm32f4xx_usart.o
    0x08009406   0x08009406   0x0000001e   Code   RO          716    i.USART_SendByte    usart.o
    0x08009424   0x08009424   0x00000008   Code   RO         5935    i.USART_SendData    stm32f4xx_usart.o
    0x0800942c   0x0800942c   0x00000004   Code   RO          213    i.UsageFault_Handler  stm32f4xx_it.o
    0x08009430   0x08009430   0x00000024   Code   RO         6240    i.__0vsprintf       mc_w.l(printfa.o)
    0x08009454   0x08009454   0x00000030   Code   RO         6306    i.__ARM_fpclassify  m_wm.l(fpclassify.o)
    0x08009484   0x08009484   0x00000004   PAD
    0x08009488   0x08009488   0x000002d8   Code   RO         6162    i.__hardfp_atan     m_wm.l(atan.o)
    0x08009760   0x08009760   0x000000c8   Code   RO         6188    i.__hardfp_cos      m_wm.l(cos.o)
    0x08009828   0x08009828   0x000000c8   Code   RO         6200    i.__hardfp_sin      m_wm.l(sin.o)
    0x080098f0   0x080098f0   0x0000007a   Code   RO         6212    i.__hardfp_sqrt     m_wm.l(sqrt.o)
    0x0800996a   0x0800996a   0x00000006   PAD
    0x08009970   0x08009970   0x00000438   Code   RO         6311    i.__ieee754_rem_pio2  m_wm.l(rred.o)
    0x08009da8   0x08009da8   0x00000170   Code   RO         6283    i.__kernel_cos      m_wm.l(cos_i.o)
    0x08009f18   0x08009f18   0x000000f8   Code   RO         6308    i.__kernel_poly     m_wm.l(poly.o)
    0x0800a010   0x0800a010   0x00000130   Code   RO         6316    i.__kernel_sin      m_wm.l(sin_i.o)
    0x0800a140   0x0800a140   0x00000014   Code   RO         6287    i.__mathlib_dbl_infnan  m_wm.l(dunder.o)
    0x0800a154   0x0800a154   0x00000004   PAD
    0x0800a158   0x0800a158   0x00000020   Code   RO         6289    i.__mathlib_dbl_invalid  m_wm.l(dunder.o)
    0x0800a178   0x0800a178   0x00000020   Code   RO         6292    i.__mathlib_dbl_underflow  m_wm.l(dunder.o)
    0x0800a198   0x0800a198   0x0000000e   Code   RO         6369    i.__scatterload_copy  mc_w.l(handlers.o)
    0x0800a1a6   0x0800a1a6   0x00000002   Code   RO         6370    i.__scatterload_null  mc_w.l(handlers.o)
    0x0800a1a8   0x0800a1a8   0x0000000e   Code   RO         6371    i.__scatterload_zeroinit  mc_w.l(handlers.o)
    0x0800a1b6   0x0800a1b6   0x00000002   PAD
    0x0800a1b8   0x0800a1b8   0x0000000c   Code   RO         6349    i.__set_errno       mc_w.l(errno.o)
    0x0800a1c4   0x0800a1c4   0x00000184   Code   RO         6241    i._fp_digits        mc_w.l(printfa.o)
    0x0800a348   0x0800a348   0x000006dc   Code   RO         6242    i._printf_core      mc_w.l(printfa.o)
    0x0800aa24   0x0800aa24   0x00000024   Code   RO         6243    i._printf_post_padding  mc_w.l(printfa.o)
    0x0800aa48   0x0800aa48   0x0000002e   Code   RO         6244    i._printf_pre_padding  mc_w.l(printfa.o)
    0x0800aa76   0x0800aa76   0x0000000a   Code   RO         6246    i._sputc            mc_w.l(printfa.o)
    0x0800aa80   0x0800aa80   0x0000003c   Code   RO         1366    i.delay_init        delay.o
    0x0800aabc   0x0800aabc   0x00000038   Code   RO         1367    i.delay_ms          delay.o
    0x0800aaf4   0x0800aaf4   0x0000004c   Code   RO         1368    i.delay_us          delay.o
    0x0800ab40   0x0800ab40   0x0000004c   Code   RO         1369    i.delay_xms         delay.o
    0x0800ab8c   0x0800ab8c   0x00000018   Code   RO         6302    i.fabs              m_wm.l(fabs.o)
    0x0800aba4   0x0800aba4   0x000008b4   Code   RO            3    i.main              main.o
    0x0800b458   0x0800b458   0x000017c0   Data   RO         1037    .constdata          font.o
    0x0800cc18   0x0800cc18   0x00000004   Data   RO         1070    .constdata          touch.o
    0x0800cc1c   0x0800cc1c   0x00000004   PAD
    0x0800cc20   0x0800cc20   0x00000098   Data   RO         6165    .constdata          m_wm.l(atan.o)
    0x0800ccb8   0x0800ccb8   0x00000030   Data   RO         6284    .constdata          m_wm.l(cos_i.o)
    0x0800cce8   0x0800cce8   0x000000c8   Data   RO         6313    .constdata          m_wm.l(rred.o)
    0x0800cdb0   0x0800cdb0   0x00000028   Data   RO         6317    .constdata          m_wm.l(sin_i.o)
    0x0800cdd8   0x0800cdd8   0x00000079   Data   RO         1071    .conststring        touch.o
    0x0800ce51   0x0800ce51   0x00000003   PAD
    0x0800ce54   0x0800ce54   0x00000020   Data   RO         6367    Region$$Table       anon$$obj.o


    Execution Region RW_IRAM1 (Exec base: 0x20000000, Load base: 0x0800ce74, Size: 0x000006c8, Max: 0x00020000, ABSOLUTE, COMPRESSED[0x00000064])

    Exec Addr    Load Addr    Size         Type   Attr      Idx    E Section Name        Object

    0x20000000   COMPRESSED   0x00000080   Data   RW          470    .data               encoder.o
    0x20000080   COMPRESSED   0x0000001c   Data   RW          594    .data               gyro.o
    0x2000009c   COMPRESSED   0x00000010   Data   RW          674    .data               qei.o
    0x200000ac   COMPRESSED   0x00000014   PAD
    0x200000c0   COMPRESSED   0x00000002   Data   RW          721    .data               usart.o
    0x200000c2   COMPRESSED   0x0000001e   PAD
    0x200000e0   COMPRESSED   0x00000024   Data   RW          800    .data               command.o
    0x20000104   COMPRESSED   0x00000004   Data   RW          854    .data               lcd.o
    0x20000108   COMPRESSED   0x00000037   Data   RW         1072    .data               touch.o
    0x2000013f   COMPRESSED   0x00000001   Data   RW         1188    .data               m_func.o
    0x20000140   COMPRESSED   0x00000060   Data   RW         1226    .data               pwm.o
    0x200001a0   COMPRESSED   0x00000004   Data   RW         1370    .data               delay.o
    0x200001a4   COMPRESSED   0x00000010   Data   RW         4074    .data               stm32f4xx_rcc.o
    0x200001b4   COMPRESSED   0x00000004   Data   RW         6350    .data               mc_w.l(errno.o)
    0x200001b8        -       0x00000010   Zero   RW          469    .bss                encoder.o
    0x200001c8        -       0x00000080   Zero   RW          621    .bss                gps.o
    0x20000248   COMPRESSED   0x00000018   PAD
    0x20000260        -       0x00000056   Zero   RW          720    .bss                usart.o
    0x200002b6        -       0x0000000e   Zero   RW          853    .bss                lcd.o
    0x200002c4   COMPRESSED   0x00000004   PAD
    0x200002c8        -       0x00000400   Zero   RW         1425    STACK               startup_stm32f40_41xxx.o


==============================================================================

Image component sizes


      Code (inc. data)   RO Data    RW Data    ZI Data      Debug   Object Name

         0          0          0         36          0        819   command.o
       268         16          0          4          0       2715   delay.o
      4348        716          0        128         16     236448   encoder.o
         0          0       6080          0          0        832   font.o
      1140         62          0          0        128       3695   gps.o
       204         34          0         28          0       1279   gyro.o
     18090        204          0          4         14      25163   lcd.o
       104         20          0          0          0     229823   led.o
      1400        112          0          1          0       1009   m_func.o
      2228        406          0          0          0     267879   main.o
       180         24          0          0          0       2349   misc.o
       500         96          0         96          0       4122   pwm.o
       488         26          0         16          0       2666   qei.o
        36          8        392          0       1024        868   startup_stm32f40_41xxx.o
       344         38          0          0          0       6042   stm32f4xx_dma.o
       282          6          0          0          0       2057   stm32f4xx_fsmc.o
       214          0          0          0          0       2007   stm32f4xx_gpio.o
        26          0          0          0          0       3846   stm32f4xx_it.o
       360         42          0         16          0       5600   stm32f4xx_rcc.o
       348         28          0          0          0       7300   stm32f4xx_tim.o
       474          8          0          0          0       7170   stm32f4xx_usart.o
       340         32          0          0          0      70305   system_stm32f4xx.o
      4640        332        125         55          0      11085   touch.o
      1892        176          0          2         86       5999   usart.o

    ----------------------------------------------------------------------
     37932       2386       6636        436       1296     901078   Object Totals
         0          0         32          0          0          0   (incl. Generated)
        26          0          7         50         28          0   (incl. Padding)

    ----------------------------------------------------------------------

      Code (inc. data)   RO Data    RW Data    ZI Data      Debug   Library Member Name

       728        106        152          0          0        228   atan.o
       200         20          0          0          0        164   cos.o
       368         46         48          0          0        200   cos_i.o
        84         16          0          0          0        372   dunder.o
        24          0          0          0          0        124   fabs.o
        48          0          0          0          0        124   fpclassify.o
       248          0          0          0          0        152   poly.o
      1080        142        200          0          0        188   rred.o
       200         20          0          0          0        164   sin.o
       304         24         40          0          0        208   sin_i.o
       122          0          0          0          0        148   sqrt.o
        86          0          0          0          0          0   __dczerorl2.o
         0          0          0          0          0          0   entry.o
         0          0          0          0          0          0   entry10a.o
         0          0          0          0          0          0   entry11a.o
         8          4          0          0          0          0   entry2.o
         4          0          0          0          0          0   entry5.o
         0          0          0          0          0          0   entry7b.o
         0          0          0          0          0          0   entry8b.o
         8          4          0          0          0          0   entry9a.o
        12          6          0          4          0         68   errno.o
        30          0          0          0          0          0   handlers.o
        36          8          0          0          0         68   init.o
         0          0          0          0          0          0   iusefp.o
        30          0          0          0          0         68   llshl.o
        36          0          0          0          0         68   llsshr.o
        32          0          0          0          0         68   llushr.o
        36          0          0          0          0         68   memcpya.o
        36          0          0          0          0        108   memseta.o
      2272         86          0          0          0        516   printfa.o
        44          0          0          0          0         80   uidiv.o
        98          0          0          0          0         92   uldiv.o
        48          0          0          0          0         68   cdcmple.o
        48          0          0          0          0         68   cdrcmple.o
        56          0          0          0          0         88   d2f.o
       334          0          0          0          0        148   dadd.o
       222          0          0          0          0        100   ddiv.o
       186          0          0          0          0        176   depilogue.o
        62          0          0          0          0         80   dfixi.o
        50          0          0          0          0         76   dfixui.o
        48          0          0          0          0         68   dfixul.o
        34          0          0          0          0         76   dflti.o
        26          0          0          0          0         76   dfltui.o
       228          0          0          0          0         96   dmul.o
       162          0          0          0          0        100   dsqrt.o
        38          0          0          0          0         68   f2d.o
       110          0          0          0          0        168   fepilogue.o

    ----------------------------------------------------------------------
      7844        482        440          4          0       4732   Library Totals
        18          0          0          0          0          0   (incl. Padding)

    ----------------------------------------------------------------------

      Code (inc. data)   RO Data    RW Data    ZI Data      Debug   Library Name

      3406        374        440          0          0       2072   m_wm.l
      2768        108          0          4          0       1204   mc_w.l
      1652          0          0          0          0       1456   mf_w.l

    ----------------------------------------------------------------------
      7844        482        440          4          0       4732   Library Totals

    ----------------------------------------------------------------------

==============================================================================


      Code (inc. data)   RO Data    RW Data    ZI Data      Debug   

     45776       2868       7076        440       1296     892390   Grand Totals
     45776       2868       7076        100       1296     892390   ELF Image Totals (compressed)
     45776       2868       7076        100          0          0   ROM Totals

==============================================================================

    Total RO  Size (Code + RO Data)                52852 (  51.61kB)
    Total RW  Size (RW Data + ZI Data)              1736 (   1.70kB)
    Total ROM Size (Code + RO Data + RW Data)      52952 (  51.71kB)

==============================================================================

