Component: ARM Compiler 5.06 update 6 (build 750) Tool: armlink [4d35ed]

==============================================================================

Section Cross References

    main.o(i.main) refers to misc.o(i.NVIC_PriorityGroupConfig) for NVIC_PriorityGroupConfig
    main.o(i.main) refers to delay.o(i.delay_init) for delay_init
    main.o(i.main) refers to led.o(i.LED_Init) for LED_Init
    main.o(i.main) refers to qei.o(i.QEI_Init) for QEI_Init
    main.o(i.main) refers to pwm.o(i.PWM_Init) for PWM_Init
    main.o(i.main) refers to usart.o(i.USART_Config) for USART_Config
    main.o(i.main) refers to usart.o(i.Gyro_USART_DMA_EN) for Gyro_USART_DMA_EN
    main.o(i.main) refers to gps.o(i.GPS_Clear) for GPS_Clear
    main.o(i.main) refers to lcd.o(i.LCD_Init) for LCD_Init
    main.o(i.main) refers to lcd.o(i.LCD_Scan_Dir) for LCD_Scan_Dir
    main.o(i.main) refers to lcd.o(i.LCD_Clear) for LCD_Clear
    main.o(i.main) refers to lcd.o(i.LCD_printf) for LCD_printf
    main.o(i.main) refers to pwm.o(i.PWM_GetDuty) for PWM_GetDuty
    main.o(i.main) refers to f2d.o(.text) for __aeabi_f2d
    main.o(i.main) refers to gps.o(i.GPS_Init) for GPS_Init
    main.o(i.main) refers to gyro.o(i.Gyro_Set_Zero) for Gyro_Set_Zero
    main.o(i.main) refers to pwm.o(i.PWM_SetDuty) for PWM_SetDuty
    main.o(i.main) refers to encoder.o(i.Encoder_Init_Convert) for Encoder_Init_Convert
    main.o(i.main) refers to encoder.o(.data) for Encoders
    main.o(i.main) refers to usart.o(.bss) for GPS_TxBuffer
    main.o(i.main) refers to touch.o(.data) for use_touch_adj_data
    main.o(i.main) refers to lcd.o(.data) for POINT_COLOR
    main.o(i.main) refers to gps.o(.bss) for GPS_List
    main.o(i.main) refers to command.o(.data) for Is_GPS_Command
    main.o(i.main) refers to encoder.o(i.Encoder_Init_Radius) for Encoder_Init_Radius
    main.o(i.main) refers to touch.o(i.TP_Row_Judge) for TP_Row_Judge
    main.o(i.main) refers to encoder.o(i.Encoder_Clear) for Encoder_Clear
    main.o(i.main) refers to delay.o(i.delay_ms) for delay_ms
    main.o(i.main) refers to gyro.o(.data) for Gyro_Angle_Total
    main.o(i.main) refers to lcd.o(.bss) for lcddev
    system_stm32f4xx.o(i.SystemCoreClockUpdate) refers to system_stm32f4xx.o(.data) for SystemCoreClock
    system_stm32f4xx.o(i.SystemInit) refers to system_stm32f4xx.o(i.SetSysClock) for SetSysClock
    led.o(i.LED_Init) refers to stm32f4xx_rcc.o(i.RCC_AHB1PeriphClockCmd) for RCC_AHB1PeriphClockCmd
    led.o(i.LED_Init) refers to stm32f4xx_gpio.o(i.GPIO_Init) for GPIO_Init
    encoder.o(i.Encoder_Clear) refers to encoder.o(.data) for Encoders
    encoder.o(i.Encoder_Init) refers to dflti.o(.text) for __aeabi_i2d
    encoder.o(i.Encoder_Init) refers to dmul.o(.text) for __aeabi_dmul
    encoder.o(i.Encoder_Init) refers to ddiv.o(.text) for __aeabi_ddiv
    encoder.o(i.Encoder_Init) refers to dadd.o(.text) for __aeabi_dadd
    encoder.o(i.Encoder_Init) refers to sin.o(i.__hardfp_sin) for __hardfp_sin
    encoder.o(i.Encoder_Init) refers to cos.o(i.__hardfp_cos) for __hardfp_cos
    encoder.o(i.Encoder_Init) refers to atan.o(i.__hardfp_atan) for __hardfp_atan
    encoder.o(i.Encoder_Init) refers to cdcmple.o(.text) for __aeabi_cdcmple
    encoder.o(i.Encoder_Init) refers to cdrcmple.o(.text) for __aeabi_cdrcmple
    encoder.o(i.Encoder_Init) refers to gyro.o(.data) for Gyro_N
    encoder.o(i.Encoder_Init) refers to encoder.o(.bss) for Encoder_N
    encoder.o(i.Encoder_Init) refers to encoder.o(.data) for Encoders
    encoder.o(i.Encoder_InitR) refers to dflti.o(.text) for __aeabi_i2d
    encoder.o(i.Encoder_InitR) refers to dmul.o(.text) for __aeabi_dmul
    encoder.o(i.Encoder_InitR) refers to ddiv.o(.text) for __aeabi_ddiv
    encoder.o(i.Encoder_InitR) refers to dadd.o(.text) for __aeabi_dadd
    encoder.o(i.Encoder_InitR) refers to encoder.o(.bss) for Encoder_N
    encoder.o(i.Encoder_InitR) refers to encoder.o(.data) for Encoders
    encoder.o(i.Encoder_InitR) refers to gyro.o(.data) for Gyro_N
    encoder.o(i.Encoder_InitXY) refers to encoder.o(.data) for Encoders
    encoder.o(i.Encoder_InitXY) refers to encoder.o(.bss) for Encoder_N
    encoder.o(i.Encoder_Init_Convert) refers to m_func.o(i.Show_Keyboard) for Show_Keyboard
    encoder.o(i.Encoder_Init_Convert) refers to lcd.o(i.LCD_printf) for LCD_printf
    encoder.o(i.Encoder_Init_Convert) refers to touch.o(i.TP_Row_Judge) for TP_Row_Judge
    encoder.o(i.Encoder_Init_Convert) refers to delay.o(i.delay_ms) for delay_ms
    encoder.o(i.Encoder_Init_Convert) refers to encoder.o(i.Encoder_Clear) for Encoder_Clear
    encoder.o(i.Encoder_Init_Convert) refers to gyro.o(i.Gyro_Set_Zero) for Gyro_Set_Zero
    encoder.o(i.Encoder_Init_Convert) refers to encoder.o(i.Encoder_InitXY) for Encoder_InitXY
    encoder.o(i.Encoder_Init_Convert) refers to m_func.o(.data) for KeyBoard_State
    encoder.o(i.Encoder_Init_Convert) refers to lcd.o(.data) for POINT_COLOR
    encoder.o(i.Encoder_Init_Convert) refers to touch.o(.data) for tp_dev
[...]
    ..\HARDWARE\touch.c                      0x00000000   Number         0  touch.o ABSOLUTE
    ..\HARDWARE\usart.c                      0x00000000   Number         0  usart.o ABSOLUTE
    ..\SYSTEM\delay\delay.c                  0x00000000   Number         0  delay.o ABSOLUTE
    ..\SYSTEM\sys\sys.c                      0x00000000   Number         0  sys.o ABSOLUTE
    ..\\FUNCTION\\mymath.c                   0x00000000   Number         0  mymath.o ABSOLUTE
    ..\\FWLIB\\src\\misc.c                   0x00000000   Number         0  misc.o ABSOLUTE
    ..\\FWLIB\\src\\stm32f4xx_adc.c          0x00000000   Number         0  stm32f4xx_adc.o ABSOLUTE
    ..\\FWLIB\\src\\stm32f4xx_can.c          0x00000000   Number         0  stm32f4xx_can.o ABSOLUTE
    ..\\FWLIB\\src\\stm32f4xx_crc.c          0x00000000   Number         0  stm32f4xx_crc.o ABSOLUTE
    ..\\FWLIB\\src\\stm32f4xx_cryp.c         0x00000000   Number         0  stm32f4xx_cryp.o ABSOLUTE
    ..\\FWLIB\\src\\stm32f4xx_cryp_aes.c     0x00000000   Number         0  stm32f4xx_cryp_aes.o ABSOLUTE
    ..\\FWLIB\\src\\stm32f4xx_cryp_des.c     0x00000000   Number         0  stm32f4xx_cryp_des.o ABSOLUTE
    ..\\FWLIB\\src\\stm32f4xx_cryp_tdes.c    0x00000000   Number         0  stm32f4xx_cryp_tdes.o ABSOLUTE
    ..\\FWLIB\\src\\stm32f4xx_dac.c          0x00000000   Number         0  stm32f4xx_dac.o ABSOLUTE
    ..\\FWLIB\\src\\stm32f4xx_dbgmcu.c       0x00000000   Number         0  stm32f4xx_dbgmcu.o ABSOLUTE
    ..\\FWLIB\\src\\stm32f4xx_dcmi.c         0x00000000   Number         0  stm32f4xx_dcmi.o ABSOLUTE
    ..\\FWLIB\\src\\stm32f4xx_dma.c          0x00000000   Number         0  stm32f4xx_dma.o ABSOLUTE
    ..\\FWLIB\\src\\stm32f4xx_dma2d.c        0x00000000   Number         0  stm32f4xx_dma2d.o ABSOLUTE
    ..\\FWLIB\\src\\stm32f4xx_exti.c         0x00000000   Number         0  stm32f4xx_exti.o ABSOLUTE
    ..\\FWLIB\\src\\stm32f4xx_flash.c        0x00000000   Number         0  stm32f4xx_flash.o ABSOLUTE
    ..\\FWLIB\\src\\stm32f4xx_flash_ramfunc.c 0x00000000   Number         0  stm32f4xx_flash_ramfunc.o ABSOLUTE
    ..\\FWLIB\\src\\stm32f4xx_fsmc.c         0x00000000   Number         0  stm32f4xx_fsmc.o ABSOLUTE
    ..\\FWLIB\\src\\stm32f4xx_gpio.c         0x00000000   Number         0  stm32f4xx_gpio.o ABSOLUTE
    ..\\FWLIB\\src\\stm32f4xx_hash.c         0x00000000   Number         0  stm32f4xx_hash.o ABSOLUTE
    ..\\FWLIB\\src\\stm32f4xx_hash_md5.c     0x00000000   Number         0  stm32f4xx_hash_md5.o ABSOLUTE
    ..\\FWLIB\\src\\stm32f4xx_hash_sha1.c    0x00000000   Number         0  stm32f4xx_hash_sha1.o ABSOLUTE
    ..\\FWLIB\\src\\stm32f4xx_i2c.c          0x00000000   Number         0  stm32f4xx_i2c.o ABSOLUTE
    ..\\FWLIB\\src\\stm32f4xx_iwdg.c         0x00000000   Number         0  stm32f4xx_iwdg.o ABSOLUTE
    ..\\FWLIB\\src\\stm32f4xx_ltdc.c         0x00000000   Number         0  stm32f4xx_ltdc.o ABSOLUTE
    ..\\FWLIB\\src\\stm32f4xx_pwr.c          0x00000000   Number         0  stm32f4xx_pwr.o ABSOLUTE
    ..\\FWLIB\\src\\stm32f4xx_rcc.c          0x00000000   Number         0  stm32f4xx_rcc.o ABSOLUTE
    ..\\FWLIB\\src\\stm32f4xx_rng.c          0x00000000   Number         0  stm32f4xx_rng.o ABSOLUTE
    ..\\FWLIB\\src\\stm32f4xx_rtc.c          0x00000000   Number         0  stm32f4xx_rtc.o ABSOLUTE
    ..\\FWLIB\\src\\stm32f4xx_sai.c          0x00000000   Number         0  stm32f4xx_sai.o ABSOLUTE
    ..\\FWLIB\\src\\stm32f4xx_sdio.c         0x00000000   Number         0  stm32f4xx_sdio.o ABSOLUTE
    ..\\FWLIB\\src\\stm32f4xx_spi.c          0x00000000   Number         0  stm32f4xx_spi.o ABSOLUTE
    ..\\FWLIB\\src\\stm32f4xx_syscfg.c       0x00000000   Number         0  stm32f4xx_syscfg.o ABSOLUTE
    ..\\FWLIB\\src\\stm32f4xx_tim.c          0x00000000   Number         0  stm32f4xx_tim.o ABSOLUTE
    ..\\FWLIB\\src\\stm32f4xx_usart.c        0x00000000   Number         0  stm32f4xx_usart.o ABSOLUTE
    ..\\FWLIB\\src\\stm32f4xx_wwdg.c         0x00000000   Number         0  stm32f4xx_wwdg.o ABSOLUTE
    ..\\HARDWARE\\M_Func.c                   0x00000000   Number         0  m_func.o ABSOLUTE
    ..\\HARDWARE\\command.c                  0x00000000   Number         0  command.o ABSOLUTE
    ..\\HARDWARE\\encoder.c                  0x00000000   Number         0  encoder.o ABSOLUTE
    ..\\HARDWARE\\gps.c                      0x00000000   Number         0  gps.o ABSOLUTE
    ..\\HARDWARE\\gyro.c                     0x00000000   Number         0  gyro.o ABSOLUTE
    ..\\HARDWARE\\lcd.c                      0x00000000   Number         0  lcd.o ABSOLUTE
    ..\\HARDWARE\\led.c                      0x00000000   Number         0  led.o ABSOLUTE
    ..\\HARDWARE\\pwm.c                      0x00000000   Number         0  pwm.o ABSOLUTE
    ..\\HARDWARE\\qei.c                      0x00000000   Number         0  qei.o ABSOLUTE
    ..\\HARDWARE\\touch.c                    0x00000000   Number         0  touch.o ABSOLUTE
    ..\\HARDWARE\\usart.c                    0x00000000   Number         0  usart.o ABSOLUTE
    ..\\SYSTEM\\delay\\delay.c               0x00000000   Number         0  delay.o ABSOLUTE
    ..\\SYSTEM\\sys\\sys.c                   0x00000000   Number         0  sys.o ABSOLUTE
    cdcmple.s                                0x00000000   Number         0  cdcmple.o ABSOLUTE
    cdrcmple.s                               0x00000000   Number         0  cdrcmple.o ABSOLUTE
    dc.s                                     0x00000000   Number         0  dc.o ABSOLUTE
    handlers.s                               0x00000000   Number         0  handlers.o ABSOLUTE
    init.s                                   0x00000000   Number         0  init.o ABSOLUTE
    main.c                                   0x00000000   Number         0  main.o ABSOLUTE
    main.c                                   0x00000000   Number         0  main.o ABSOLUTE
    stm32f4xx_it.c                           0x00000000   Number         0  stm32f4xx_it.o ABSOLUTE
    stm32f4xx_it.c                           0x00000000   Number         0  stm32f4xx_it.o ABSOLUTE
    system_stm32f4xx.c                       0x00000000   Number         0  system_stm32f4xx.o ABSOLUTE
    system_stm32f4xx.c                       0x00000000   Number         0  system_stm32f4xx.o ABSOLUTE
    RESET                                    0x08000000   Section      392  startup_stm32f40_41xxx.o(RESET)
    .ARM.Collect$$$$00000000                 0x08000188   Section        0  entry.o(.ARM.Collect$$$$00000000)
    .ARM.Collect$$$$00000001                 0x08000188   Section        4  entry2.o(.ARM.Collect$$$$00000001)
    .ARM.Collect$$$$00000004                 0x0800018c   Section        4  entry5.o(.ARM.Collect$$$$00000004)
    .ARM.Collect$$$$00000008                 0x08000190   Section        0  entry7b.o(.ARM.Collect$$$$00000008)
    .ARM.Collect$$$$0000000A                 0x08000190   Section        0  entry8b.o(.ARM.Collect$$$$0000000A)
    .ARM.Collect$$$$0000000B                 0x08000190   Section        8  entry9a.o(.ARM.Collect$$$$0000000B)
    .ARM.Collect$$$$0000000D                 0x08000198   Section        0  entry10a.o(.ARM.Collect$$$$0000000D)
    .ARM.Collect$$$$0000000F                 0x08000198   Section        0  entry11a.o(.ARM.Collect$$$$0000000F)
    .ARM.Collect$$$$00002712                 0x08000198   Section        4  entry2.o(.ARM.Collect$$$$00002712)
    __lit__00000000                          0x08000198   Data           4  entry2.o(.ARM.Collect$$$$00002712)
    .text                                    0x0800019c   Section       36  startup_stm32f40_41xxx.o(.text)
    $v0                                      0x0800019c   Number         0  startup_stm32f40_41xxx.o(.text)
    .text                                    0x080001c0   Section        0  memcpya.o(.text)
    .text                                    0x080001e4   Section        0  dadd.o(.text)
    .text                                    0x08000332   Section        0  dmul.o(.text)
    .text                                    0x08000416   Section        0  ddiv.o(.text)
    .text                                    0x080004f4   Section        0  dflti.o(.text)
    .text                                    0x08000516   Section        0  dfltui.o(.text)
    .text                                    0x08000530   Section        0  dfixui.o(.text)
    .text                                    0x08000562   Section        0  f2d.o(.text)
    .text                                    0x08000588   Section       48  cdcmple.o(.text)
    .text                                    0x080005b8   Section       48  cdrcmple.o(.text)
    .text                                    0x080005e8   Section        0  d2f.o(.text)
    .text                                    0x08000620   Section        0  uidiv.o(.text)
    .text                                    0x0800064c   Section        0  uldiv.o(.text)
    .text                                    0x080006ae   Section        0  llshl.o(.text)
    .text                                    0x080006cc   Section        0  llushr.o(.text)
    .text                                    0x080006ec   Section        0  llsshr.o(.text)
    .text                                    0x08000710   Section        0  fepilogue.o(.text)
    .text                                    0x08000710   Section        0  iusefp.o(.text)
    .text                                    0x0800077e   Section        0  depilogue.o(.text)
    .text                                    0x08000838   Section        0  dsqrt.o(.text)
    .text                                    0x080008da   Section        0  dfixul.o(.text)
    .text                                    0x0800090c   Section       36  init.o(.text)
    .text                                    0x08000930   Section        0  dfixi.o(.text)
    .text                                    0x0800096e   Section        0  __dczerorl2.o(.text)
    i.BusFault_Handler                       0x080009c4   Section        0  stm32f4xx_it.o(i.BusFault_Handler)
    i.DMA1_Stream1_IRQHandler                0x080009c8   Section        0  usart.o(i.DMA1_Stream1_IRQHandler)
    i.DMA1_Stream3_IRQHandler                0x08000a3c   Section        0  usart.o(i.DMA1_Stream3_IRQHandler)
    i.DMA2_Stream2_IRQHandler                0x08000a64   Section        0  usart.o(i.DMA2_Stream2_IRQHandler)
    i.DMA_ClearITPendingBit                  0x08000b94   Section        0  stm32f4xx_dma.o(i.DMA_ClearITPendingBit)
    i.DMA_Cmd                                0x08000bc8   Section        0  stm32f4xx_dma.o(i.DMA_Cmd)
    i.DMA_GetCmdStatus                       0x08000bde   Section        0  stm32f4xx_dma.o(i.DMA_GetCmdStatus)
    i.DMA_GetITStatus                        0x08000bf4   Section        0  stm32f4xx_dma.o(i.DMA_GetITStatus)
    i.DMA_ITConfig                           0x08000c58   Section        0  stm32f4xx_dma.o(i.DMA_ITConfig)
    i.DMA_Init                               0x08000c94   Section        0  stm32f4xx_dma.o(i.DMA_Init)
    i.DMA_SetCurrDataCounter                 0x08000cec   Section        0  stm32f4xx_dma.o(i.DMA_SetCurrDataCounter)
    i.DebugMon_Handler                       0x08000cf0   Section        0  stm32f4xx_it.o(i.DebugMon_Handler)
    i.Encoder_Clear                          0x08000cf4   Section        0  encoder.o(i.Encoder_Clear)
    i.Encoder_Init                           0x08000d2c   Section        0  encoder.o(i.Encoder_Init)
    i.Encoder_InitR                          0x08000ffc   Section        0  encoder.o(i.Encoder_InitR)
    i.Encoder_InitXY                         0x0800114c   Section        0  encoder.o(i.Encoder_InitXY)
    i.Encoder_Init_Convert                   0x08001178   Section        0  encoder.o(i.Encoder_Init_Convert)
    i.Encoder_Init_Radius                    0x08001718   Section        0  encoder.o(i.Encoder_Init_Radius)
    i.Encoder_Update                         0x08001b3c   Section        0  encoder.o(i.Encoder_Update)
    i.Encoder_View_Coefficient               0x08001c78   Section        0  encoder.o(i.Encoder_View_Coefficient)
    i.FSMC_NORSRAMCmd                        0x08001fac   Section        0  stm32f4xx_fsmc.o(i.FSMC_NORSRAMCmd)
    i.FSMC_NORSRAMInit                       0x08001fe0   Section        0  stm32f4xx_fsmc.o(i.FSMC_NORSRAMInit)
    i.GPIO_Init                              0x080020c6   Section        0  stm32f4xx_gpio.o(i.GPIO_Init)
    i.GPIO_PinAFConfig                       0x08002156   Section        0  stm32f4xx_gpio.o(i.GPIO_PinAFConfig)
    i.GPS_Clear                              0x0800219c   Section        0  gps.o(i.GPS_Clear)
    i.GPS_Init                               0x080021b8   Section        0  gps.o(i.GPS_Init)
    i.GPS_Update                             0x0800224c   Section        0  gps.o(i.GPS_Update)
    i.GetAPBx                                0x08002610   Section        0  pwm.o(i.GetAPBx)
    GetAPBx                                  0x08002611   Thumb Code    34  pwm.o(i.GetAPBx)
    i.Get_AF                                 0x08002632   Section        0  pwm.o(i.Get_AF)
    Get_AF                                   0x08002633   Thumb Code    38  pwm.o(i.Get_AF)
    i.Get_Cycle                              0x08002658   Section        0  pwm.o(i.Get_Cycle)
    Get_Cycle                                0x08002659   Thumb Code    34  pwm.o(i.Get_Cycle)
    i.Get_Encoder_Pulse_Count                0x08002680   Section        0  encoder.o(i.Get_Encoder_Pulse_Count)
    i.Get_TIMx                               0x080026ac   Section        0  pwm.o(i.Get_TIMx)
    Get_TIMx                                 0x080026ad   Thumb Code    92  pwm.o(i.Get_TIMx)
    i.Get_TimRCC                             0x0800273c   Section        0  pwm.o(i.Get_TimRCC)
    Get_TimRCC                               0x0800273d   Thumb Code    64  pwm.o(i.Get_TimRCC)
    i.Gyro_Set_Zero                          0x0800277c   Section        0  gyro.o(i.Gyro_Set_Zero)
    i.Gyro_USART_DMA_EN                      0x08002820   Section        0  usart.o(i.Gyro_USART_DMA_EN)
    i.HardFault_Handler                      0x080028f8   Section        0  stm32f4xx_it.o(i.HardFault_Handler)
    i.LCD_Clear                              0x080028fc   Section        0  lcd.o(i.LCD_Clear)
    i.LCD_Display_Dir                        0x08002968   Section        0  lcd.o(i.LCD_Display_Dir)
    i.LCD_DrawLine                           0x08002b28   Section        0  lcd.o(i.LCD_DrawLine)
    i.LCD_DrawPoint                          0x08002bd8   Section        0  lcd.o(i.LCD_DrawPoint)
    i.LCD_Draw_Circle                        0x08002bfc   Section        0  lcd.o(i.LCD_Draw_Circle)
    i.LCD_Fast_DrawPoint                     0x08002c94   Section        0  lcd.o(i.LCD_Fast_DrawPoint)
    i.LCD_Init                               0x08002e14   Section        0  lcd.o(i.LCD_Init)
    i.LCD_Pow                                0x0800679c   Section        0  lcd.o(i.LCD_Pow)
    i.LCD_RD_DATA                            0x080067b4   Section        0  lcd.o(i.LCD_RD_DATA)
    i.LCD_ReadReg                            0x080067c8   Section        0  lcd.o(i.LCD_ReadReg)
    i.LCD_Reset                              0x080067e0   Section        0  lcd.o(i.LCD_Reset)
    i.LCD_SSD_BackLightSet                   0x08006800   Section        0  lcd.o(i.LCD_SSD_BackLightSet)
    i.LCD_Scan_Dir                           0x08006860   Section        0  lcd.o(i.LCD_Scan_Dir)
    i.LCD_SetCursor                          0x08006b4c   Section        0  lcd.o(i.LCD_SetCursor)
    i.LCD_ShowChar                           0x08006cf4   Section        0  lcd.o(i.LCD_ShowChar)
    i.LCD_ShowNum                            0x08006e1c   Section        0  lcd.o(i.LCD_ShowNum)
    i.LCD_ShowString                         0x08006eb0   Section        0  lcd.o(i.LCD_ShowString)
    i.LCD_WR_DATA                            0x08006f18   Section        0  lcd.o(i.LCD_WR_DATA)
    i.LCD_WR_REG                             0x08006f30   Section        0  lcd.o(i.LCD_WR_REG)
    i.LCD_WriteRAM_Prepare                   0x08006f48   Section        0  lcd.o(i.LCD_WriteRAM_Prepare)
    i.LCD_WriteReg                           0x08006f5c   Section        0  lcd.o(i.LCD_WriteReg)
    i.LCD_printf                             0x08006f70   Section        0  lcd.o(i.LCD_printf)
    i.LED_Init                               0x08006fac   Section        0  led.o(i.LED_Init)
    i.MemManage_Handler                      0x08007014   Section        0  stm32f4xx_it.o(i.MemManage_Handler)
    i.NMI_Handler                            0x08007018   Section        0  stm32f4xx_it.o(i.NMI_Handler)
    i.NVIC_Init                              0x0800701c   Section        0  misc.o(i.NVIC_Init)
    i.NVIC_PriorityGroupConfig               0x08007094   Section        0  misc.o(i.NVIC_PriorityGroupConfig)
    i.PWM_Clk_Init                           0x080070a8   Section        0  pwm.o(i.PWM_Clk_Init)
    PWM_Clk_Init                             0x080070a9   Thumb Code   124  pwm.o(i.PWM_Clk_Init)
    i.PWM_Dir_Init                           0x08007128   Section        0  pwm.o(i.PWM_Dir_Init)
    i.PWM_GPIO_Init                          0x080071b4   Section        0  pwm.o(i.PWM_GPIO_Init)
    PWM_GPIO_Init                            0x080071b5   Thumb Code    92  pwm.o(i.PWM_GPIO_Init)
    i.PWM_GetDuty                            0x08007214   Section        0  pwm.o(i.PWM_GetDuty)
    i.PWM_Init                               0x080072c8   Section        0  pwm.o(i.PWM_Init)
    i.PWM_OCInit                             0x08007308   Section        0  pwm.o(i.PWM_OCInit)
    PWM_OCInit                               0x08007309   Thumb Code   226  pwm.o(i.PWM_OCInit)
    i.PWM_SetDuty                            0x080073f4   Section        0  pwm.o(i.PWM_SetDuty)
    i.PendSV_Handler                         0x0800747c   Section        0  stm32f4xx_it.o(i.PendSV_Handler)
    i.QEI_Init                               0x08007480   Section        0  qei.o(i.QEI_Init)
    i.RCC_AHB1PeriphClockCmd                 0x080075ec   Section        0  stm32f4xx_rcc.o(i.RCC_AHB1PeriphClockCmd)
    i.RCC_AHB3PeriphClockCmd                 0x0800760c   Section        0  stm32f4xx_rcc.o(i.RCC_AHB3PeriphClockCmd)
    i.RCC_APB1PeriphClockCmd                 0x0800762c   Section        0  stm32f4xx_rcc.o(i.RCC_APB1PeriphClockCmd)
    i.RCC_APB2PeriphClockCmd                 0x0800764c   Section        0  stm32f4xx_rcc.o(i.RCC_APB2PeriphClockCmd)
    i.RCC_GetClocksFreq                      0x0800766c   Section        0  stm32f4xx_rcc.o(i.RCC_GetClocksFreq)
    i.SVC_Handler                            0x08007754   Section        0  stm32f4xx_it.o(i.SVC_Handler)
    i.SetSysClock                            0x08007758   Section        0  system_stm32f4xx.o(i.SetSysClock)
    SetSysClock                              0x08007759   Thumb Code   220  system_stm32f4xx.o(i.SetSysClock)
    i.Show_Keyboard                          0x08007844   Section        0  m_func.o(i.Show_Keyboard)
    i.SysTick_CLKSourceConfig                0x08007dbc   Section        0  misc.o(i.SysTick_CLKSourceConfig)
    i.SysTick_Handler                        0x08007de4   Section        0  stm32f4xx_it.o(i.SysTick_Handler)
    i.SystemInit                             0x08007de8   Section        0  system_stm32f4xx.o(i.SystemInit)
    i.TIM2_IRQHandler                        0x08007e50   Section        0  qei.o(i.TIM2_IRQHandler)
    i.TIM5_IRQHandler                        0x08007e8c   Section        0  qei.o(i.TIM5_IRQHandler)
    i.TIM_ClearFlag                          0x08007ecc   Section        0  stm32f4xx_tim.o(i.TIM_ClearFlag)
    i.TIM_ClearITPendingBit                  0x08007ed2   Section        0  stm32f4xx_tim.o(i.TIM_ClearITPendingBit)
    i.TIM_Cmd                                0x08007ed8   Section        0  stm32f4xx_tim.o(i.TIM_Cmd)
    i.TIM_EncoderInterfaceConfig             0x08007ef0   Section        0  stm32f4xx_tim.o(i.TIM_EncoderInterfaceConfig)
    i.TIM_GetITStatus                        0x08007f32   Section        0  stm32f4xx_tim.o(i.TIM_GetITStatus)
    i.TIM_ITConfig                           0x08007f54   Section        0  stm32f4xx_tim.o(i.TIM_ITConfig)
    i.TIM_OC1Init                            0x08007f68   Section        0  stm32f4xx_tim.o(i.TIM_OC1Init)
    i.TIM_OC1PreloadConfig                   0x08007fe4   Section        0  stm32f4xx_tim.o(i.TIM_OC1PreloadConfig)
    i.TIM_OC2Init                            0x08007ff8   Section        0  stm32f4xx_tim.o(i.TIM_OC2Init)
    i.TIM_OC2PreloadConfig                   0x0800809c   Section        0  stm32f4xx_tim.o(i.TIM_OC2PreloadConfig)
    i.TIM_OC3Init                            0x080080b8   Section        0  stm32f4xx_tim.o(i.TIM_OC3Init)
    i.TIM_OC3PreloadConfig                   0x08008158   Section        0  stm32f4xx_tim.o(i.TIM_OC3PreloadConfig)
    i.TIM_OC4Init                            0x0800816c   Section        0  stm32f4xx_tim.o(i.TIM_OC4Init)
    i.TIM_OC4PreloadConfig                   0x080081e4   Section        0  stm32f4xx_tim.o(i.TIM_OC4PreloadConfig)
    i.TIM_SetIC1Prescaler                    0x080081fe   Section        0  stm32f4xx_tim.o(i.TIM_SetIC1Prescaler)
    i.TIM_SetIC2Prescaler                    0x08008210   Section        0  stm32f4xx_tim.o(i.TIM_SetIC2Prescaler)
    i.TIM_TimeBaseInit                       0x0800822c   Section        0  stm32f4xx_tim.o(i.TIM_TimeBaseInit)
    i.TIM_TimeBaseStructInit                 0x080082b0   Section        0  stm32f4xx_tim.o(i.TIM_TimeBaseStructInit)
    i.TP_Adj_Info_Show                       0x080082c4   Section        0  touch.o(i.TP_Adj_Info_Show)
    i.TP_Adj_Parameters_Set                  0x0800846c   Section        0  touch.o(i.TP_Adj_Parameters_Set)
    i.TP_Adj_Parameters_Show                 0x080084c8   Section        0  touch.o(i.TP_Adj_Parameters_Show)
    i.TP_Adjust                              0x080085cc   Section        0  touch.o(i.TP_Adjust)
    i.TP_Drow_Touch_Point                    0x08008ec0   Section        0  touch.o(i.TP_Drow_Touch_Point)
    i.TP_Init                                0x08008f30   Section        0  touch.o(i.TP_Init)
    i.TP_Read_AD                             0x08008fec   Section        0  touch.o(i.TP_Read_AD)
    i.TP_Read_XOY                            0x08009080   Section        0  touch.o(i.TP_Read_XOY)
    i.TP_Read_XY                             0x080090f8   Section        0  touch.o(i.TP_Read_XY)
    i.TP_Read_XY2                            0x08009128   Section        0  touch.o(i.TP_Read_XY2)
    i.TP_Row_Judge                           0x080091e8   Section        0  touch.o(i.TP_Row_Judge)
    i.TP_Scan                                0x0800939c   Section        0  touch.o(i.TP_Scan)
    i.TP_Write_Byte                          0x08009498   Section        0  touch.o(i.TP_Write_Byte)
    i.USART_ClearFlag                        0x080094e4   Section        0  stm32f4xx_usart.o(i.USART_ClearFlag)
    i.USART_Cmd                              0x080094f6   Section        0  stm32f4xx_usart.o(i.USART_Cmd)
    i.USART_Config                           0x08009510   Section        0  usart.o(i.USART_Config)
    i.USART_DMACmd                           0x08009830   Section        0  stm32f4xx_usart.o(i.USART_DMACmd)
    i.USART_GetByte                          0x08009842   Section        0  usart.o(i.USART_GetByte)
    i.USART_GetFlagStatus                    0x08009860   Section        0  stm32f4xx_usart.o(i.USART_GetFlagStatus)
    i.USART_Init                             0x0800987c   Section        0  stm32f4xx_usart.o(i.USART_Init)
    i.USART_ReceiveData                      0x08009950   Section        0  stm32f4xx_usart.o(i.USART_ReceiveData)
    i.USART_SendByte                         0x0800995a   Section        0  usart.o(i.USART_SendByte)
    i.USART_SendData                         0x08009978   Section        0  stm32f4xx_usart.o(i.USART_SendData)
    i.UsageFault_Handler                     0x08009980   Section        0  stm32f4xx_it.o(i.UsageFault_Handler)
    i.__0vsprintf                            0x08009984   Section        0  printfa.o(i.__0vsprintf)
    i.__ARM_fpclassify                       0x080099a8   Section        0  fpclassify.o(i.__ARM_fpclassify)
    i.__hardfp_atan                          0x080099d8   Section        0  atan.o(i.__hardfp_atan)
    i.__hardfp_cos                           0x08009cb0   Section        0  cos.o(i.__hardfp_cos)
    i.__hardfp_sin                           0x08009d78   Section        0  sin.o(i.__hardfp_sin)
    i.__hardfp_sqrt                          0x08009e40   Section        0  sqrt.o(i.__hardfp_sqrt)
    i.__ieee754_rem_pio2                     0x08009ec0   Section        0  rred.o(i.__ieee754_rem_pio2)
    i.__kernel_cos                           0x0800a2f8   Section        0  cos_i.o(i.__kernel_cos)
    i.__kernel_poly                          0x0800a468   Section        0  poly.o(i.__kernel_poly)
    i.__kernel_sin                           0x0800a560   Section        0  sin_i.o(i.__kernel_sin)
    i.__mathlib_dbl_infnan                   0x0800a690   Section        0  dunder.o(i.__mathlib_dbl_infnan)
    i.__mathlib_dbl_invalid                  0x0800a6a8   Section        0  dunder.o(i.__mathlib_dbl_invalid)
    i.__mathlib_dbl_underflow                0x0800a6c8   Section        0  dunder.o(i.__mathlib_dbl_underflow)
    i.__scatterload_copy                     0x0800a6e8   Section       14  handlers.o(i.__scatterload_copy)
    i.__scatterload_null                     0x0800a6f6   Section        2  handlers.o(i.__scatterload_null)
    i.__scatterload_zeroinit                 0x0800a6f8   Section       14  handlers.o(i.__scatterload_zeroinit)
    i.__set_errno                            0x0800a708   Section        0  errno.o(i.__set_errno)
    i._fp_digits                             0x0800a714   Section        0  printfa.o(i._fp_digits)
    _fp_digits                               0x0800a715   Thumb Code   366  printfa.o(i._fp_digits)
    i._printf_core                           0x0800a898   Section        0  printfa.o(i._printf_core)
    _printf_core                             0x0800a899   Thumb Code  1744  printfa.o(i._printf_core)
    i._printf_post_padding                   0x0800af74   Section        0  printfa.o(i._printf_post_padding)
    _printf_post_padding                     0x0800af75   Thumb Code    36  printfa.o(i._printf_post_padding)
    i._printf_pre_padding                    0x0800af98   Section        0  printfa.o(i._printf_pre_padding)
    _printf_pre_padding                      0x0800af99   Thumb Code    46  printfa.o(i._printf_pre_padding)
    i._sputc                                 0x0800afc6   Section        0  printfa.o(i._sputc)
    _sputc                                   0x0800afc7   Thumb Code    10  printfa.o(i._sputc)
    i.delay_init                             0x0800afd0   Section        0  delay.o(i.delay_init)
    i.delay_ms                               0x0800b00c   Section        0  delay.o(i.delay_ms)
    i.delay_us                               0x0800b044   Section        0  delay.o(i.delay_us)
    i.delay_xms                              0x0800b090   Section        0  delay.o(i.delay_xms)
    i.fabs                                   0x0800b0dc   Section        0  fabs.o(i.fabs)
    i.main                                   0x0800b0f4   Section        0  main.o(i.main)
    .constdata                               0x0800b9ac   Section     6080  font.o(.constdata)
    .constdata                               0x0800d16c   Section        4  touch.o(.constdata)
    .constdata                               0x0800d170   Section      152  atan.o(.constdata)
    atanhi                                   0x0800d170   Data          32  atan.o(.constdata)
    atanlo                                   0x0800d190   Data          32  atan.o(.constdata)
    aTodd                                    0x0800d1b0   Data          40  atan.o(.constdata)
    aTeven                                   0x0800d1d8   Data          48  atan.o(.constdata)
    .constdata                               0x0800d208   Section       48  cos_i.o(.constdata)
    C                                        0x0800d208   Data          48  cos_i.o(.constdata)
    .constdata                               0x0800d238   Section      200  rred.o(.constdata)
    pio2s                                    0x0800d238   Data          48  rred.o(.constdata)
    twooverpi                                0x0800d268   Data         152  rred.o(.constdata)
    .constdata                               0x0800d300   Section       40  sin_i.o(.constdata)
    S                                        0x0800d300   Data          40  sin_i.o(.constdata)
    .conststring                             0x0800d328   Section      121  touch.o(.conststring)
    .data                                    0x20000000   Section       20  system_stm32f4xx.o(.data)
    .data                                    0x20000018   Section      128  encoder.o(.data)
    .data                                    0x20000098   Section       28  gyro.o(.data)
    .data                                    0x200000b4   Section       16  qei.o(.data)
    .data                                    0x200000e0   Section       36  command.o(.data)
    .data                                    0x20000104   Section        4  lcd.o(.data)
    .data                                    0x20000108   Section       55  touch.o(.data)
    .data                                    0x2000013f   Section        1  m_func.o(.data)
    .data                                    0x20000140   Section       96  pwm.o(.data)
    .data                                    0x200001a0   Section        4  delay.o(.data)
    fac_us                                   0x200001a0   Data           1  delay.o(.data)
    fac_ms                                   0x200001a2   Data           2  delay.o(.data)
    .data                                    0x200001a4   Section       16  stm32f4xx_rcc.o(.data)
    APBAHBPrescTable                         0x200001a4   Data          16  stm32f4xx_rcc.o(.data)
    .data                                    0x200001b4   Section        4  errno.o(.data)
    _errno                                   0x200001b4   Data           4  errno.o(.data)
    .bss                                     0x200001b8   Section       16  encoder.o(.bss)
    .bss                                     0x200001c8   Section      128  gps.o(.bss)
    .bss                                     0x20000260   Section       75  usart.o(.bss)
    .bss                                     0x200002ac   Section       14  lcd.o(.bss)
    STACK                                    0x200002c0   Section     1024  startup_stm32f40_41xxx.o(STACK)

    Global Symbols

    Symbol Name                              Value     Ov Type        Size  Object(Section)

    BuildAttributes$$THM_ISAv4$E$P$D$K$B$S$7EM$VFPi3$EXTD16$VFPS$VFMA$PE$A:L22UL41UL21$X:L11$S22US41US21$IEEE1$IW$USESV6$~STKCKD$USESV7$~SHL$OTIME$ROPI$IEEEX$EBA8$MICROLIB$REQ8$PRES8$EABIv2 0x00000000   Number         0  anon$$obj.o ABSOLUTE
    __ARM_use_no_argv                        0x00000000   Number         0  main.o ABSOLUTE
    __cpp_initialize__aeabi_                  - Undefined Weak Reference
    __cxa_finalize                            - Undefined Weak Reference
    _clock_init                               - Undefined Weak Reference
    _microlib_exit                            - Undefined Weak Reference
    __Vectors_Size                           0x00000188   Number         0  startup_stm32f40_41xxx.o ABSOLUTE
    __Vectors                                0x08000000   Data           4  startup_stm32f40_41xxx.o(RESET)
    __Vectors_End                            0x08000188   Data           0  startup_stm32f40_41xxx.o(RESET)
    __main                                   0x08000189   Thumb Code     0  entry.o(.ARM.Collect$$$$00000000)
    _main_stk                                0x08000189   Thumb Code     0  entry2.o(.ARM.Collect$$$$00000001)
    _main_scatterload                        0x0800018d   Thumb Code     0  entry5.o(.ARM.Collect$$$$00000004)
    __main_after_scatterload                 0x08000191   Thumb Code     0  entry5.o(.ARM.Collect$$$$00000004)
    _main_clock                              0x08000191   Thumb Code     0  entry7b.o(.ARM.Collect$$$$00000008)
    _main_cpp_init                           0x08000191   Thumb Code     0  entry8b.o(.ARM.Collect$$$$0000000A)
    _main_init                               0x08000191   Thumb Code     0  entry9a.o(.ARM.Collect$$$$0000000B)
    __rt_final_cpp                           0x08000199   Thumb Code     0  entry10a.o(.ARM.Collect$$$$0000000D)
    __rt_final_exit                          0x08000199   Thumb Code     0  entry11a.o(.ARM.Collect$$$$0000000F)
    Reset_Handler                            0x0800019d   Thumb Code     8  startup_stm32f40_41xxx.o(.text)
    ADC_IRQHandler                           0x080001b7   Thumb Code     0  startup_stm32f40_41xxx.o(.text)
    CAN1_RX0_IRQHandler                      0x080001b7   Thumb Code     0  startup_stm32f40_41xxx.o(.text)
    CAN1_RX1_IRQHandler                      0x080001b7   Thumb Code     0  startup_stm32f40_41xxx.o(.text)
    CAN1_SCE_IRQHandler                      0x080001b7   Thumb Code     0  startup_stm32f40_41xxx.o(.text)
    CAN1_TX_IRQHandler                       0x080001b7   Thumb Code     0  startup_stm32f40_41xxx.o(.text)
    CAN2_RX0_IRQHandler                      0x080001b7   Thumb Code     0  startup_stm32f40_41xxx.o(.text)
    CAN2_RX1_IRQHandler                      0x080001b7   Thumb Code     0  startup_stm32f40_41xxx.o(.text)
    CAN2_SCE_IRQHandler                      0x080001b7   Thumb Code     0  startup_stm32f40_41xxx.o(.text)
    CAN2_TX_IRQHandler                       0x080001b7   Thumb Code     0  startup_stm32f40_41xxx.o(.text)
    CRYP_IRQHandler                          0x080001b7   Thumb Code     0  startup_stm32f40_41xxx.o(.text)
    DCMI_IRQHandler                          0x080001b7   Thumb Code     0  startup_stm32f40_41xxx.o(.text)
    DMA1_Stream0_IRQHandler                  0x080001b7   Thumb Code     0  startup_stm32f40_41xxx.o(.text)
    DMA1_Stream2_IRQHandler                  0x080001b7   Thumb Code     0  startup_stm32f40_41xxx.o(.text)
    DMA1_Stream4_IRQHandler                  0x080001b7   Thumb Code     0  startup_stm32f40_41xxx.o(.text)
    DMA1_Stream5_IRQHandler                  0x080001b7   Thumb Code     0  startup_stm32f40_41xxx.o(.text)
    DMA1_Stream6_IRQHandler                  0x080001b7   Thumb Code     0  startup_stm32f40_41xxx.o(.text)
    DMA1_Stream7_IRQHandler                  0x080001b7   Thumb Code     0  startup_stm32f40_41xxx.o(.text)
    DMA2_Stream0_IRQHandler                  0x080001b7   Thumb Code     0  startup_stm32f40_41xxx.o(.text)
    DMA2_Stream1_IRQHandler                  0x080001b7   Thumb Code     0  startup_stm32f40_41xxx.o(.text)
    DMA2_Stream3_IRQHandler                  0x080001b7   Thumb Code     0  startup_stm32f40_41xxx.o(.text)
    DMA2_Stream4_IRQHandler                  0x080001b7   Thumb Code     0  startup_stm32f40_41xxx.o(.text)
    DMA2_Stream5_IRQHandler                  0x080001b7   Thumb Code     0  startup_stm32f40_41xxx.o(.text)
    DMA2_Stream6_IRQHandler                  0x080001b7   Thumb Code     0  startup_stm32f40_41xxx.o(.text)
    DMA2_Stream7_IRQHandler                  0x080001b7   Thumb Code     0  startup_stm32f40_41xxx.o(.text)
    ETH_IRQHandler                           0x080001b7   Thumb Code     0  startup_stm32f40_41xxx.o(.text)
    ETH_WKUP_IRQHandler                      0x080001b7   Thumb Code     0  startup_stm32f40_41xxx.o(.text)
    EXTI0_IRQHandler                         0x080001b7   Thumb Code     0  startup_stm32f40_41xxx.o(.text)
    EXTI15_10_IRQHandler                     0x080001b7   Thumb Code     0  startup_stm32f40_41xxx.o(.text)
    EXTI1_IRQHandler                         0x080001b7   Thumb Code     0  startup_stm32f40_41xxx.o(.text)
    EXTI2_IRQHandler                         0x080001b7   Thumb Code     0  startup_stm32f40_41xxx.o(.text)
    EXTI3_IRQHandler                         0x080001b7   Thumb Code     0  startup_stm32f40_41xxx.o(.text)
    EXTI4_IRQHandler                         0x080001b7   Thumb Code     0  startup_stm32f40_41xxx.o(.text)
    EXTI9_5_IRQHandler                       0x080001b7   Thumb Code     0  startup_stm32f40_41xxx.o(.text)
    FLASH_IRQHandler                         0x080001b7   Thumb Code     0  startup_stm32f40_41xxx.o(.text)
    FPU_IRQHandler                           0x080001b7   Thumb Code     0  startup_stm32f40_41xxx.o(.text)
    FSMC_IRQHandler                          0x080001b7   Thumb Code     0  startup_stm32f40_41xxx.o(.text)
    HASH_RNG_IRQHandler                      0x080001b7   Thumb Code     0  startup_stm32f40_41xxx.o(.text)
    I2C1_ER_IRQHandler                       0x080001b7   Thumb Code     0  startup_stm32f40_41xxx.o(.text)
    I2C1_EV_IRQHandler                       0x080001b7   Thumb Code     0  startup_stm32f40_41xxx.o(.text)
    I2C2_ER_IRQHandler                       0x080001b7   Thumb Code     0  startup_stm32f40_41xxx.o(.text)
    I2C2_EV_IRQHandler                       0x080001b7   Thumb Code     0  startup_stm32f40_41xxx.o(.text)
    I2C3_ER_IRQHandler                       0x080001b7   Thumb Code     0  startup_stm32f40_41xxx.o(.text)
    I2C3_EV_IRQHandler                       0x080001b7   Thumb Code     0  startup_stm32f40_41xxx.o(.text)
    OTG_FS_IRQHandler                        0x080001b7   Thumb Code     0  startup_stm32f40_41xxx.o(.text)
    OTG_FS_WKUP_IRQHandler                   0x080001b7   Thumb Code     0  startup_stm32f40_41xxx.o(.text)
    OTG_HS_EP1_IN_IRQHandler                 0x080001b7   Thumb Code     0  startup_stm32f40_41xxx.o(.text)
    OTG_HS_EP1_OUT_IRQHandler                0x080001b7   Thumb Code     0  startup_stm32f40_41xxx.o(.text)
    OTG_HS_IRQHandler                        0x080001b7   Thumb Code     0  startup_stm32f40_41xxx.o(.text)
    OTG_HS_WKUP_IRQHandler                   0x080001b7   Thumb Code     0  startup_stm32f40_41xxx.o(.text)
    PVD_IRQHandler                           0x080001b7   Thumb Code     0  startup_stm32f40_41xxx.o(.text)
    RCC_IRQHandler                           0x080001b7   Thumb Code     0  startup_stm32f40_41xxx.o(.text)
    RTC_Alarm_IRQHandler                     0x080001b7   Thumb Code     0  startup_stm32f40_41xxx.o(.text)
    RTC_WKUP_IRQHandler                      0x080001b7   Thumb Code     0  startup_stm32f40_41xxx.o(.text)
    SDIO_IRQHandler                          0x080001b7   Thumb Code     0  startup_stm32f40_41xxx.o(.text)
    SPI1_IRQHandler                          0x080001b7   Thumb Code     0  startup_stm32f40_41xxx.o(.text)
    SPI2_IRQHandler                          0x080001b7   Thumb Code     0  startup_stm32f40_41xxx.o(.text)
    SPI3_IRQHandler                          0x080001b7   Thumb Code     0  startup_stm32f40_41xxx.o(.text)
    TAMP_STAMP_IRQHandler                    0x080001b7   Thumb Code     0  startup_stm32f40_41xxx.o(.text)
    TIM1_BRK_TIM9_IRQHandler                 0x080001b7   Thumb Code     0  startup_stm32f40_41xxx.o(.text)
    TIM1_CC_IRQHandler                       0x080001b7   Thumb Code     0  startup_stm32f40_41xxx.o(.text)
    TIM1_TRG_COM_TIM11_IRQHandler            0x080001b7   Thumb Code     0  startup_stm32f40_41xxx.o(.text)
    TIM1_UP_TIM10_IRQHandler                 0x080001b7   Thumb Code     0  startup_stm32f40_41xxx.o(.text)
    TIM3_IRQHandler                          0x080001b7   Thumb Code     0  startup_stm32f40_41xxx.o(.text)
    TIM4_IRQHandler                          0x080001b7   Thumb Code     0  startup_stm32f40_41xxx.o(.text)
    TIM6_DAC_IRQHandler                      0x080001b7   Thumb Code     0  startup_stm32f40_41xxx.o(.text)
    TIM7_IRQHandler                          0x080001b7   Thumb Code     0  startup_stm32f40_41xxx.o(.text)
    TIM8_BRK_TIM12_IRQHandler                0x080001b7   Thumb Code     0  startup_stm32f40_41xxx.o(.text)
    TIM8_CC_IRQHandler                       0x080001b7   Thumb Code     0  startup_stm32f40_41xxx.o(.text)
    TIM8_TRG_COM_TIM14_IRQHandler            0x080001b7   Thumb Code     0  startup_stm32f40_41xxx.o(.text)
    TIM8_UP_TIM13_IRQHandler                 0x080001b7   Thumb Code     0  startup_stm32f40_41xxx.o(.text)
    UART4_IRQHandler                         0x080001b7   Thumb Code     0  startup_stm32f40_41xxx.o(.text)
    UART5_IRQHandler                         0x080001b7   Thumb Code     0  startup_stm32f40_41xxx.o(.text)
    USART1_IRQHandler                        0x080001b7   Thumb Code     0  startup_stm32f40_41xxx.o(.text)
    USART2_IRQHandler                        0x080001b7   Thumb Code     0  startup_stm32f40_41xxx.o(.text)
    USART3_IRQHandler                        0x080001b7   Thumb Code     0  startup_stm32f40_41xxx.o(.text)
    USART6_IRQHandler                        0x080001b7   Thumb Code     0  startup_stm32f40_41xxx.o(.text)
    WWDG_IRQHandler                          0x080001b7   Thumb Code     0  startup_stm32f40_41xxx.o(.text)
    __aeabi_memcpy                           0x080001c1   Thumb Code    36  memcpya.o(.text)
    __aeabi_memcpy4                          0x080001c1   Thumb Code     0  memcpya.o(.text)
    __aeabi_memcpy8                          0x080001c1   Thumb Code     0  memcpya.o(.text)
    __aeabi_dadd                             0x080001e5   Thumb Code   322  dadd.o(.text)
    __aeabi_dsub                             0x08000327   Thumb Code     6  dadd.o(.text)
    __aeabi_drsub                            0x0800032d   Thumb Code     6  dadd.o(.text)
    __aeabi_dmul                             0x08000333   Thumb Code   228  dmul.o(.text)
    __aeabi_ddiv                             0x08000417   Thumb Code   222  ddiv.o(.text)
    __aeabi_i2d                              0x080004f5   Thumb Code    34  dflti.o(.text)
    __aeabi_ui2d                             0x08000517   Thumb Code    26  dfltui.o(.text)
    __aeabi_d2uiz                            0x08000531   Thumb Code    50  dfixui.o(.text)
    __aeabi_f2d                              0x08000563   Thumb Code    38  f2d.o(.text)
    __aeabi_cdcmpeq                          0x08000589   Thumb Code     0  cdcmple.o(.text)
    __aeabi_cdcmple                          0x08000589   Thumb Code    48  cdcmple.o(.text)
    __aeabi_cdrcmple                         0x080005b9   Thumb Code    48  cdrcmple.o(.text)
    __aeabi_d2f                              0x080005e9   Thumb Code    56  d2f.o(.text)
    __aeabi_uidiv                            0x08000621   Thumb Code     0  uidiv.o(.text)
    __aeabi_uidivmod                         0x08000621   Thumb Code    44  uidiv.o(.text)
    __aeabi_uldivmod                         0x0800064d   Thumb Code    98  uldiv.o(.text)
    __aeabi_llsl                             0x080006af   Thumb Code    30  llshl.o(.text)
    _ll_shift_l                              0x080006af   Thumb Code     0  llshl.o(.text)
    __aeabi_llsr                             0x080006cd   Thumb Code    32  llushr.o(.text)
    _ll_ushift_r                             0x080006cd   Thumb Code     0  llushr.o(.text)
    __aeabi_lasr                             0x080006ed   Thumb Code    36  llsshr.o(.text)
    _ll_sshift_r                             0x080006ed   Thumb Code     0  llsshr.o(.text)
    __I$use$fp                               0x08000711   Thumb Code     0  iusefp.o(.text)
    _float_round                             0x08000711   Thumb Code    18  fepilogue.o(.text)
    _float_epilogue                          0x08000723   Thumb Code    92  fepilogue.o(.text)
    _double_round                            0x0800077f   Thumb Code    30  depilogue.o(.text)
    _double_epilogue                         0x0800079d   Thumb Code   156  depilogue.o(.text)
    _dsqrt                                   0x08000839   Thumb Code   162  dsqrt.o(.text)
    __aeabi_d2ulz                            0x080008db   Thumb Code    48  dfixul.o(.text)
    __scatterload                            0x0800090d   Thumb Code    28  init.o(.text)
    __scatterload_rt2                        0x0800090d   Thumb Code     0  init.o(.text)
    __aeabi_d2iz                             0x08000931   Thumb Code    62  dfixi.o(.text)
    __decompress                             0x0800096f   Thumb Code     0  __dczerorl2.o(.text)
    __decompress1                            0x0800096f   Thumb Code    86  __dczerorl2.o(.text)
    BusFault_Handler                         0x080009c5   Thumb Code     4  stm32f4xx_it.o(i.BusFault_Handler)
    DMA1_Stream1_IRQHandler                  0x080009c9   Thumb Code    90  usart.o(i.DMA1_Stream1_IRQHandler)
    DMA1_Stream3_IRQHandler                  0x08000a3d   Thumb Code    32  usart.o(i.DMA1_Stream3_IRQHandler)
    DMA2_Stream2_IRQHandler                  0x08000a65   Thumb Code   242  usart.o(i.DMA2_Stream2_IRQHandler)
    DMA_ClearITPendingBit                    0x08000b95   Thumb Code    38  stm32f4xx_dma.o(i.DMA_ClearITPendingBit)
    DMA_Cmd                                  0x08000bc9   Thumb Code    22  stm32f4xx_dma.o(i.DMA_Cmd)
    DMA_GetCmdStatus                         0x08000bdf   Thumb Code    20  stm32f4xx_dma.o(i.DMA_GetCmdStatus)
    DMA_GetITStatus                          0x08000bf5   Thumb Code    82  stm32f4xx_dma.o(i.DMA_GetITStatus)
    DMA_ITConfig                             0x08000c59   Thumb Code    58  stm32f4xx_dma.o(i.DMA_ITConfig)
    DMA_Init                                 0x08000c95   Thumb Code    82  stm32f4xx_dma.o(i.DMA_Init)
    DMA_SetCurrDataCounter                   0x08000ced   Thumb Code     4  stm32f4xx_dma.o(i.DMA_SetCurrDataCounter)
    DebugMon_Handler                         0x08000cf1   Thumb Code     2  stm32f4xx_it.o(i.DebugMon_Handler)
    Encoder_Clear                            0x08000cf5   Thumb Code    42  encoder.o(i.Encoder_Clear)
    Encoder_Init                             0x08000d2d   Thumb Code   666  encoder.o(i.Encoder_Init)
    Encoder_InitR                            0x08000ffd   Thumb Code   298  encoder.o(i.Encoder_InitR)
    Encoder_InitXY                           0x0800114d   Thumb Code    36  encoder.o(i.Encoder_InitXY)
    Encoder_Init_Convert                     0x08001179   Thumb Code  1426  encoder.o(i.Encoder_Init_Convert)
    Encoder_Init_Radius                      0x08001719   Thumb Code   892  encoder.o(i.Encoder_Init_Radius)
    Encoder_Update                           0x08001b3d   Thumb Code   312  encoder.o(i.Encoder_Update)
    Encoder_View_Coefficient                 0x08001c79   Thumb Code   672  encoder.o(i.Encoder_View_Coefficient)
    FSMC_NORSRAMCmd                          0x08001fad   Thumb Code    46  stm32f4xx_fsmc.o(i.FSMC_NORSRAMCmd)
    FSMC_NORSRAMInit                         0x08001fe1   Thumb Code   230  stm32f4xx_fsmc.o(i.FSMC_NORSRAMInit)
    GPIO_Init                                0x080020c7   Thumb Code   144  stm32f4xx_gpio.o(i.GPIO_Init)
    GPIO_PinAFConfig                         0x08002157   Thumb Code    70  stm32f4xx_gpio.o(i.GPIO_PinAFConfig)
    GPS_Clear                                0x0800219d   Thumb Code    20  gps.o(i.GPS_Clear)
    GPS_Init                                 0x080021b9   Thumb Code   134  gps.o(i.GPS_Init)
    GPS_Update                               0x0800224d   Thumb Code   924  gps.o(i.GPS_Update)
    Get_Encoder_Pulse_Count                  0x08002681   Thumb Code    34  encoder.o(i.Get_Encoder_Pulse_Count)
    Gyro_Set_Zero                            0x0800277d   Thumb Code   130  gyro.o(i.Gyro_Set_Zero)
    Gyro_USART_DMA_EN                        0x08002821   Thumb Code   206  usart.o(i.Gyro_USART_DMA_EN)
    HardFault_Handler                        0x080028f9   Thumb Code     4  stm32f4xx_it.o(i.HardFault_Handler)
    LCD_Clear                                0x080028fd   Thumb Code   100  lcd.o(i.LCD_Clear)
    LCD_Display_Dir                          0x08002969   Thumb Code   444  lcd.o(i.LCD_Display_Dir)
    LCD_DrawLine                             0x08002b29   Thumb Code   176  lcd.o(i.LCD_DrawLine)
    LCD_DrawPoint                            0x08002bd9   Thumb Code    28  lcd.o(i.LCD_DrawPoint)
    LCD_Draw_Circle                          0x08002bfd   Thumb Code   152  lcd.o(i.LCD_Draw_Circle)
    LCD_Fast_DrawPoint                       0x08002c95   Thumb Code   374  lcd.o(i.LCD_Fast_DrawPoint)
    LCD_Init                                 0x08002e15   Thumb Code 14718  lcd.o(i.LCD_Init)
    LCD_Pow                                  0x0800679d   Thumb Code    22  lcd.o(i.LCD_Pow)
    LCD_RD_DATA                              0x080067b5   Thumb Code    14  lcd.o(i.LCD_RD_DATA)
    LCD_ReadReg                              0x080067c9   Thumb Code    22  lcd.o(i.LCD_ReadReg)
    LCD_Reset                                0x080067e1   Thumb Code    24  lcd.o(i.LCD_Reset)
    LCD_SSD_BackLightSet                     0x08006801   Thumb Code    88  lcd.o(i.LCD_SSD_BackLightSet)
    LCD_Scan_Dir                             0x08006861   Thumb Code   744  lcd.o(i.LCD_Scan_Dir)
    LCD_SetCursor                            0x08006b4d   Thumb Code   418  lcd.o(i.LCD_SetCursor)
    LCD_ShowChar                             0x08006cf5   Thumb Code   272  lcd.o(i.LCD_ShowChar)
    LCD_ShowNum                              0x08006e1d   Thumb Code   148  lcd.o(i.LCD_ShowNum)
    LCD_ShowString                           0x08006eb1   Thumb Code   102  lcd.o(i.LCD_ShowString)
    LCD_WR_DATA                              0x08006f19   Thumb Code    18  lcd.o(i.LCD_WR_DATA)
    LCD_WR_REG                               0x08006f31   Thumb Code    18  lcd.o(i.LCD_WR_REG)
    LCD_WriteRAM_Prepare                     0x08006f49   Thumb Code    10  lcd.o(i.LCD_WriteRAM_Prepare)
    LCD_WriteReg                             0x08006f5d   Thumb Code    14  lcd.o(i.LCD_WriteReg)
    LCD_printf                               0x08006f71   Thumb Code    60  lcd.o(i.LCD_printf)
    LED_Init                                 0x08006fad   Thumb Code    84  led.o(i.LED_Init)
    MemManage_Handler                        0x08007015   Thumb Code     4  stm32f4xx_it.o(i.MemManage_Handler)
    NMI_Handler                              0x08007019   Thumb Code     2  stm32f4xx_it.o(i.NMI_Handler)
    NVIC_Init                                0x0800701d   Thumb Code   106  misc.o(i.NVIC_Init)
    NVIC_PriorityGroupConfig                 0x08007095   Thumb Code    10  misc.o(i.NVIC_PriorityGroupConfig)
    PWM_Dir_Init                             0x08007129   Thumb Code   110  pwm.o(i.PWM_Dir_Init)
    PWM_GetDuty                              0x08007215   Thumb Code   168  pwm.o(i.PWM_GetDuty)
    PWM_Init                                 0x080072c9   Thumb Code    60  pwm.o(i.PWM_Init)
    PWM_SetDuty                              0x080073f5   Thumb Code   126  pwm.o(i.PWM_SetDuty)
    PendSV_Handler                           0x0800747d   Thumb Code     2  stm32f4xx_it.o(i.PendSV_Handler)
    QEI_Init                                 0x08007481   Thumb Code   350  qei.o(i.QEI_Init)
    RCC_AHB1PeriphClockCmd                   0x080075ed   Thumb Code    26  stm32f4xx_rcc.o(i.RCC_AHB1PeriphClockCmd)
    RCC_AHB3PeriphClockCmd                   0x0800760d   Thumb Code    26  stm32f4xx_rcc.o(i.RCC_AHB3PeriphClockCmd)
    RCC_APB1PeriphClockCmd                   0x0800762d   Thumb Code    26  stm32f4xx_rcc.o(i.RCC_APB1PeriphClockCmd)
    RCC_APB2PeriphClockCmd                   0x0800764d   Thumb Code    26  stm32f4xx_rcc.o(i.RCC_APB2PeriphClockCmd)
    RCC_GetClocksFreq                        0x0800766d   Thumb Code   214  stm32f4xx_rcc.o(i.RCC_GetClocksFreq)
    SVC_Handler                              0x08007755   Thumb Code     2  stm32f4xx_it.o(i.SVC_Handler)
    Show_Keyboard                            0x08007845   Thumb Code  1378  m_func.o(i.Show_Keyboard)
    SysTick_CLKSourceConfig                  0x08007dbd   Thumb Code    40  misc.o(i.SysTick_CLKSourceConfig)
    SysTick_Handler                          0x08007de5   Thumb Code     2  stm32f4xx_it.o(i.SysTick_Handler)
    SystemInit                               0x08007de9   Thumb Code    88  system_stm32f4xx.o(i.SystemInit)
    TIM2_IRQHandler                          0x08007e51   Thumb Code    56  qei.o(i.TIM2_IRQHandler)
    TIM5_IRQHandler                          0x08007e8d   Thumb Code    56  qei.o(i.TIM5_IRQHandler)
    TIM_ClearFlag                            0x08007ecd   Thumb Code     6  stm32f4xx_tim.o(i.TIM_ClearFlag)
    TIM_ClearITPendingBit                    0x08007ed3   Thumb Code     6  stm32f4xx_tim.o(i.TIM_ClearITPendingBit)
    TIM_Cmd                                  0x08007ed9   Thumb Code    24  stm32f4xx_tim.o(i.TIM_Cmd)
    TIM_EncoderInterfaceConfig               0x08007ef1   Thumb Code    66  stm32f4xx_tim.o(i.TIM_EncoderInterfaceConfig)
    TIM_GetITStatus                          0x08007f33   Thumb Code    34  stm32f4xx_tim.o(i.TIM_GetITStatus)
    TIM_ITConfig                             0x08007f55   Thumb Code    18  stm32f4xx_tim.o(i.TIM_ITConfig)
    TIM_OC1Init                              0x08007f69   Thumb Code   114  stm32f4xx_tim.o(i.TIM_OC1Init)
    TIM_OC1PreloadConfig                     0x08007fe5   Thumb Code    18  stm32f4xx_tim.o(i.TIM_OC1PreloadConfig)
    TIM_OC2Init                              0x08007ff9   Thumb Code   154  stm32f4xx_tim.o(i.TIM_OC2Init)
    TIM_OC2PreloadConfig                     0x0800809d   Thumb Code    26  stm32f4xx_tim.o(i.TIM_OC2PreloadConfig)
    TIM_OC3Init                              0x080080b9   Thumb Code   150  stm32f4xx_tim.o(i.TIM_OC3Init)
    TIM_OC3PreloadConfig                     0x08008159   Thumb Code    18  stm32f4xx_tim.o(i.TIM_OC3PreloadConfig)
    TIM_OC4Init                              0x0800816d   Thumb Code   112  stm32f4xx_tim.o(i.TIM_OC4Init)
    TIM_OC4PreloadConfig                     0x080081e5   Thumb Code    26  stm32f4xx_tim.o(i.TIM_OC4PreloadConfig)
    TIM_SetIC1Prescaler                      0x080081ff   Thumb Code    18  stm32f4xx_tim.o(i.TIM_SetIC1Prescaler)
    TIM_SetIC2Prescaler                      0x08008211   Thumb Code    26  stm32f4xx_tim.o(i.TIM_SetIC2Prescaler)
    TIM_TimeBaseInit                         0x0800822d   Thumb Code   104  stm32f4xx_tim.o(i.TIM_TimeBaseInit)
    TIM_TimeBaseStructInit                   0x080082b1   Thumb Code    18  stm32f4xx_tim.o(i.TIM_TimeBaseStructInit)
    TP_Adj_Info_Show                         0x080082c5   Thumb Code   374  touch.o(i.TP_Adj_Info_Show)
    TP_Adj_Parameters_Set                    0x0800846d   Thumb Code    72  touch.o(i.TP_Adj_Parameters_Set)
    TP_Adj_Parameters_Show                   0x080084c9   Thumb Code   194  touch.o(i.TP_Adj_Parameters_Show)
    TP_Adjust                                0x080085cd   Thumb Code  2292  touch.o(i.TP_Adjust)
    TP_Drow_Touch_Point                      0x08008ec1   Thumb Code   108  touch.o(i.TP_Drow_Touch_Point)
    TP_Init                                  0x08008f31   Thumb Code   166  touch.o(i.TP_Init)
    TP_Read_AD                               0x08008fed   Thumb Code   132  touch.o(i.TP_Read_AD)
    TP_Read_XOY                              0x08009081   Thumb Code   120  touch.o(i.TP_Read_XOY)
    TP_Read_XY                               0x080090f9   Thumb Code    38  touch.o(i.TP_Read_XY)
    TP_Read_XY2                              0x08009129   Thumb Code   192  touch.o(i.TP_Read_XY2)
    TP_Row_Judge                             0x080091e9   Thumb Code   426  touch.o(i.TP_Row_Judge)
    TP_Scan                                  0x0800939d   Thumb Code   242  touch.o(i.TP_Scan)
    TP_Write_Byte                            0x08009499   Thumb Code    64  touch.o(i.TP_Write_Byte)
    USART_ClearFlag                          0x080094e5   Thumb Code    18  stm32f4xx_usart.o(i.USART_ClearFlag)
    USART_Cmd                                0x080094f7   Thumb Code    24  stm32f4xx_usart.o(i.USART_Cmd)
    USART_Config                             0x08009511   Thumb Code   752  usart.o(i.USART_Config)
    USART_DMACmd                             0x08009831   Thumb Code    18  stm32f4xx_usart.o(i.USART_DMACmd)
    USART_GetByte                            0x08009843   Thumb Code    30  usart.o(i.USART_GetByte)
    USART_GetFlagStatus                      0x08009861   Thumb Code    26  stm32f4xx_usart.o(i.USART_GetFlagStatus)
    USART_Init                               0x0800987d   Thumb Code   204  stm32f4xx_usart.o(i.USART_Init)
    USART_ReceiveData                        0x08009951   Thumb Code    10  stm32f4xx_usart.o(i.USART_ReceiveData)
    USART_SendByte                           0x0800995b   Thumb Code    30  usart.o(i.USART_SendByte)
    USART_SendData                           0x08009979   Thumb Code     8  stm32f4xx_usart.o(i.USART_SendData)
    UsageFault_Handler                       0x08009981   Thumb Code     4  stm32f4xx_it.o(i.UsageFault_Handler)
    __0vsprintf                              0x08009985   Thumb Code    30  printfa.o(i.__0vsprintf)
    __1vsprintf                              0x08009985   Thumb Code     0  printfa.o(i.__0vsprintf)
    __2vsprintf                              0x08009985   Thumb Code     0  printfa.o(i.__0vsprintf)
    __c89vsprintf                            0x08009985   Thumb Code     0  printfa.o(i.__0vsprintf)
    vsprintf                                 0x08009985   Thumb Code     0  printfa.o(i.__0vsprintf)
    __ARM_fpclassify                         0x080099a9   Thumb Code    48  fpclassify.o(i.__ARM_fpclassify)
    __hardfp_atan                            0x080099d9   Thumb Code   622  atan.o(i.__hardfp_atan)
    __hardfp_cos                             0x08009cb1   Thumb Code   180  cos.o(i.__hardfp_cos)
    __hardfp_sin                             0x08009d79   Thumb Code   180  sin.o(i.__hardfp_sin)
    __hardfp_sqrt                            0x08009e41   Thumb Code   122  sqrt.o(i.__hardfp_sqrt)
    __ieee754_rem_pio2                       0x08009ec1   Thumb Code   938  rred.o(i.__ieee754_rem_pio2)
    __kernel_cos                             0x0800a2f9   Thumb Code   322  cos_i.o(i.__kernel_cos)
    __kernel_poly                            0x0800a469   Thumb Code   248  poly.o(i.__kernel_poly)
    __kernel_sin                             0x0800a561   Thumb Code   280  sin_i.o(i.__kernel_sin)
    __mathlib_dbl_infnan                     0x0800a691   Thumb Code    20  dunder.o(i.__mathlib_dbl_infnan)
    __mathlib_dbl_invalid                    0x0800a6a9   Thumb Code    24  dunder.o(i.__mathlib_dbl_invalid)
    __mathlib_dbl_underflow                  0x0800a6c9   Thumb Code    24  dunder.o(i.__mathlib_dbl_underflow)
    __scatterload_copy                       0x0800a6e9   Thumb Code    14  handlers.o(i.__scatterload_copy)
    __scatterload_null                       0x0800a6f7   Thumb Code     2  handlers.o(i.__scatterload_null)
    __scatterload_zeroinit                   0x0800a6f9   Thumb Code    14  handlers.o(i.__scatterload_zeroinit)
    __set_errno                              0x0800a709   Thumb Code     6  errno.o(i.__set_errno)
    delay_init                               0x0800afd1   Thumb Code    52  delay.o(i.delay_init)
    delay_ms                                 0x0800b00d   Thumb Code    56  delay.o(i.delay_ms)
    delay_us                                 0x0800b045   Thumb Code    72  delay.o(i.delay_us)
    delay_xms                                0x0800b091   Thumb Code    72  delay.o(i.delay_xms)
    fabs                                     0x0800b0dd   Thumb Code    24  fabs.o(i.fabs)
    main                                     0x0800b0f5   Thumb Code  2204  main.o(i.main)
    asc2_1206                                0x0800b9ac   Data        1140  font.o(.constdata)
    asc2_1608                                0x0800be20   Data        1520  font.o(.constdata)
    asc2_2412                                0x0800c410   Data        3420  font.o(.constdata)
    TP_REMIND_MSG_TBL                        0x0800d16c   Data           4  touch.o(.constdata)
    Region$$Table$$Base                      0x0800d3a4   Number         0  anon$$obj.o(Region$$Table)
    Region$$Table$$Limit                     0x0800d3c4   Number         0  anon$$obj.o(Region$$Table)
    SystemCoreClock                          0x20000000   Data           4  system_stm32f4xx.o(.data)
    AHBPrescTable                            0x20000004   Data          16  system_stm32f4xx.o(.data)
    Encoders                                 0x20000018   Data         128  encoder.o(.data)
    Gyro_Total                               0x20000098   Data           2  gyro.o(.data)
    Gyro_Angle_Total                         0x200000a0   Data           8  gyro.o(.data)
    Gyro_Radian_Total                        0x200000a8   Data           8  gyro.o(.data)
    Gyro_N                                   0x200000b0   Data           4  gyro.o(.data)
    QEI_overflow_cnt                         0x200000b4   Data           8  qei.o(.data)
    QEI_TIM                                  0x200000bc   Data           8  qei.o(.data)
    Is_GPS_Command                           0x200000e0   Data           1  command.o(.data)
    Command_Index                            0x200000e1   Data           3  command.o(.data)
    Command_Context                          0x20000100   Data           4  command.o(.data)
    POINT_COLOR                              0x20000104   Data           2  lcd.o(.data)
    BACK_COLOR                               0x20000106   Data           2  lcd.o(.data)
    tp_dev                                   0x20000108   Data          52  touch.o(.data)
    CMD_RDX                                  0x2000013c   Data           1  touch.o(.data)
    CMD_RDY                                  0x2000013d   Data           1  touch.o(.data)
    use_touch_adj_data                       0x2000013e   Data           1  touch.o(.data)
    KeyBoard_State                           0x2000013f   Data           1  m_func.o(.data)
    pwm_structs                              0x20000140   Data          96  pwm.o(.data)
    Encoder_N                                0x200001b8   Data          16  encoder.o(.bss)
    GPS_List                                 0x200001c8   Data         128  gps.o(.bss)
    Command_RxBuffer                         0x20000260   Data           9  usart.o(.bss)
    GPS_TxBuffer                             0x20000280   Data          20  usart.o(.bss)
    Gyro_RxBuffer                            0x200002a0   Data          11  usart.o(.bss)
    lcddev                                   0x200002ac   Data          14  lcd.o(.bss)
    __initial_sp                             0x200006c0   Data           0  startup_stm32f40_41xxx.o(STACK)



==============================================================================

Memory Map of the image

  Image Entry point : 0x08000189

  Load Region LR_IROM1 (Base: 0x08000000, Size: 0x0000d57c, Max: 0x00100000, ABSOLUTE, COMPRESSED[0x0000d438])

    Execution Region ER_IROM1 (Exec base: 0x08000000, Load base: 0x08000000, Size: 0x0000d3c4, Max: 0x00100000, ABSOLUTE)

    Exec Addr    Load Addr    Size         Type   Attr      Idx    E Section Name        Object

    0x08000000   0x08000000   0x00000188   Data   RO         1462    RESET               startup_stm32f40_41xxx.o
    0x08000188   0x08000188   0x00000000   Code   RO         6259  * .ARM.Collect$$$$00000000  mc_w.l(entry.o)
    0x08000188   0x08000188   0x00000004   Code   RO         6357    .ARM.Collect$$$$00000001  mc_w.l(entry2.o)
    0x0800018c   0x0800018c   0x00000004   Code   RO         6360    .ARM.Collect$$$$00000004  mc_w.l(entry5.o)
    0x08000190   0x08000190   0x00000000   Code   RO         6362    .ARM.Collect$$$$00000008  mc_w.l(entry7b.o)
    0x08000190   0x08000190   0x00000000   Code   RO         6364    .ARM.Collect$$$$0000000A  mc_w.l(entry8b.o)
    0x08000190   0x08000190   0x00000008   Code   RO         6365    .ARM.Collect$$$$0000000B  mc_w.l(entry9a.o)
    0x08000198   0x08000198   0x00000000   Code   RO         6367    .ARM.Collect$$$$0000000D  mc_w.l(entry10a.o)
    0x08000198   0x08000198   0x00000000   Code   RO         6369    .ARM.Collect$$$$0000000F  mc_w.l(entry11a.o)
    0x08000198   0x08000198   0x00000004   Code   RO         6358    .ARM.Collect$$$$00002712  mc_w.l(entry2.o)
    0x0800019c   0x0800019c   0x00000024   Code   RO         1463    .text               startup_stm32f40_41xxx.o
    0x080001c0   0x080001c0   0x00000024   Code   RO         6262    .text               mc_w.l(memcpya.o)
    0x080001e4   0x080001e4   0x0000014e   Code   RO         6296    .text               mf_w.l(dadd.o)
    0x08000332   0x08000332   0x000000e4   Code   RO         6298    .text               mf_w.l(dmul.o)
    0x08000416   0x08000416   0x000000de   Code   RO         6300    .text               mf_w.l(ddiv.o)
    0x080004f4   0x080004f4   0x00000022   Code   RO         6304    .text               mf_w.l(dflti.o)
    0x08000516   0x08000516   0x0000001a   Code   RO         6306    .text               mf_w.l(dfltui.o)
    0x08000530   0x08000530   0x00000032   Code   RO         6308    .text               mf_w.l(dfixui.o)
    0x08000562   0x08000562   0x00000026   Code   RO         6310    .text               mf_w.l(f2d.o)
    0x08000588   0x08000588   0x00000030   Code   RO         6312    .text               mf_w.l(cdcmple.o)
    0x080005b8   0x080005b8   0x00000030   Code   RO         6314    .text               mf_w.l(cdrcmple.o)
    0x080005e8   0x080005e8   0x00000038   Code   RO         6316    .text               mf_w.l(d2f.o)
    0x08000620   0x08000620   0x0000002c   Code   RO         6372    .text               mc_w.l(uidiv.o)
    0x0800064c   0x0800064c   0x00000062   Code   RO         6374    .text               mc_w.l(uldiv.o)
    0x080006ae   0x080006ae   0x0000001e   Code   RO         6376    .text               mc_w.l(llshl.o)
    0x080006cc   0x080006cc   0x00000020   Code   RO         6378    .text               mc_w.l(llushr.o)
    0x080006ec   0x080006ec   0x00000024   Code   RO         6380    .text               mc_w.l(llsshr.o)
    0x08000710   0x08000710   0x00000000   Code   RO         6389    .text               mc_w.l(iusefp.o)
    0x08000710   0x08000710   0x0000006e   Code   RO         6390    .text               mf_w.l(fepilogue.o)
    0x0800077e   0x0800077e   0x000000ba   Code   RO         6392    .text               mf_w.l(depilogue.o)
    0x08000838   0x08000838   0x000000a2   Code   RO         6394    .text               mf_w.l(dsqrt.o)
    0x080008da   0x080008da   0x00000030   Code   RO         6396    .text               mf_w.l(dfixul.o)
    0x0800090a   0x0800090a   0x00000002   PAD
    0x0800090c   0x0800090c   0x00000024   Code   RO         6398    .text               mc_w.l(init.o)
    0x08000930   0x08000930   0x0000003e   Code   RO         6400    .text               mf_w.l(dfixi.o)
    0x0800096e   0x0800096e   0x00000056   Code   RO         6410    .text               mc_w.l(__dczerorl2.o)
    0x080009c4   0x080009c4   0x00000004   Code   RO          205    i.BusFault_Handler  stm32f4xx_it.o
    0x080009c8   0x080009c8   0x00000074   Code   RO          729    i.DMA1_Stream1_IRQHandler  usart.o
    0x08000a3c   0x08000a3c   0x00000028   Code   RO          730    i.DMA1_Stream3_IRQHandler  usart.o
    0x08000a64   0x08000a64   0x00000130   Code   RO          731    i.DMA2_Stream2_IRQHandler  usart.o
    0x08000b94   0x08000b94   0x00000034   Code   RO         2588    i.DMA_ClearITPendingBit  stm32f4xx_dma.o
    0x08000bc8   0x08000bc8   0x00000016   Code   RO         2589    i.DMA_Cmd           stm32f4xx_dma.o
    0x08000bde   0x08000bde   0x00000014   Code   RO         2594    i.DMA_GetCmdStatus  stm32f4xx_dma.o
    0x08000bf2   0x08000bf2   0x00000002   PAD
    0x08000bf4   0x08000bf4   0x00000064   Code   RO         2599    i.DMA_GetITStatus   stm32f4xx_dma.o
    0x08000c58   0x08000c58   0x0000003a   Code   RO         2600    i.DMA_ITConfig      stm32f4xx_dma.o
    0x08000c92   0x08000c92   0x00000002   PAD
    0x08000c94   0x08000c94   0x00000058   Code   RO         2601    i.DMA_Init          stm32f4xx_dma.o
    0x08000cec   0x08000cec   0x00000004   Code   RO         2604    i.DMA_SetCurrDataCounter  stm32f4xx_dma.o
    0x08000cf0   0x08000cf0   0x00000002   Code   RO          206    i.DebugMon_Handler  stm32f4xx_it.o
    0x08000cf2   0x08000cf2   0x00000002   PAD
    0x08000cf4   0x08000cf4   0x00000038   Code   RO          519    i.Encoder_Clear     encoder.o
    0x08000d2c   0x08000d2c   0x000002d0   Code   RO          520    i.Encoder_Init      encoder.o
    0x08000ffc   0x08000ffc   0x00000150   Code   RO          521    i.Encoder_InitR     encoder.o
    0x0800114c   0x0800114c   0x0000002c   Code   RO          522    i.Encoder_InitXY    encoder.o
    0x08001178   0x08001178   0x000005a0   Code   RO          523    i.Encoder_Init_Convert  encoder.o
    0x08001718   0x08001718   0x00000424   Code   RO          524    i.Encoder_Init_Radius  encoder.o
    0x08001b3c   0x08001b3c   0x0000013c   Code   RO          525    i.Encoder_Update    encoder.o
    0x08001c78   0x08001c78   0x00000334   Code   RO          527    i.Encoder_View_Coefficient  encoder.o
    0x08001fac   0x08001fac   0x00000034   Code   RO         3071    i.FSMC_NORSRAMCmd   stm32f4xx_fsmc.o
    0x08001fe0   0x08001fe0   0x000000e6   Code   RO         3073    i.FSMC_NORSRAMInit  stm32f4xx_fsmc.o
    0x080020c6   0x080020c6   0x00000090   Code   RO         3192    i.GPIO_Init         stm32f4xx_gpio.o
    0x08002156   0x08002156   0x00000046   Code   RO         3193    i.GPIO_PinAFConfig  stm32f4xx_gpio.o
    0x0800219c   0x0800219c   0x0000001c   Code   RO          653    i.GPS_Clear         gps.o
    0x080021b8   0x080021b8   0x00000094   Code   RO          654    i.GPS_Init          gps.o
    0x0800224c   0x0800224c   0x000003c4   Code   RO          677    i.GPS_Update        gps.o
    0x08002610   0x08002610   0x00000022   Code   RO         1252    i.GetAPBx           pwm.o
    0x08002632   0x08002632   0x00000026   Code   RO         1253    i.Get_AF            pwm.o
    0x08002658   0x08002658   0x00000028   Code   RO         1254    i.Get_Cycle         pwm.o
    0x08002680   0x08002680   0x0000002c   Code   RO          528    i.Get_Encoder_Pulse_Count  encoder.o
    0x080026ac   0x080026ac   0x00000090   Code   RO         1255    i.Get_TIMx          pwm.o
    0x0800273c   0x0800273c   0x00000040   Code   RO         1256    i.Get_TimRCC        pwm.o
    0x0800277c   0x0800277c   0x000000a4   Code   RO          627    i.Gyro_Set_Zero     gyro.o
    0x08002820   0x08002820   0x000000d8   Code   RO          732    i.Gyro_USART_DMA_EN  usart.o
    0x080028f8   0x080028f8   0x00000004   Code   RO          207    i.HardFault_Handler  stm32f4xx_it.o
    0x080028fc   0x080028fc   0x0000006c   Code   RO          863    i.LCD_Clear         lcd.o
    0x08002968   0x08002968   0x000001c0   Code   RO          867    i.LCD_Display_Dir   lcd.o
    0x08002b28   0x08002b28   0x000000b0   Code   RO          868    i.LCD_DrawLine      lcd.o
    0x08002bd8   0x08002bd8   0x00000024   Code   RO          869    i.LCD_DrawPoint     lcd.o
    0x08002bfc   0x08002bfc   0x00000098   Code   RO          871    i.LCD_Draw_Circle   lcd.o
    0x08002c94   0x08002c94   0x00000180   Code   RO          872    i.LCD_Fast_DrawPoint  lcd.o
    0x08002e14   0x08002e14   0x00003988   Code   RO          874    i.LCD_Init          lcd.o
    0x0800679c   0x0800679c   0x00000016   Code   RO          875    i.LCD_Pow           lcd.o
    0x080067b2   0x080067b2   0x00000002   PAD
    0x080067b4   0x080067b4   0x00000014   Code   RO          876    i.LCD_RD_DATA       lcd.o
    0x080067c8   0x080067c8   0x00000016   Code   RO          878    i.LCD_ReadReg       lcd.o
    0x080067de   0x080067de   0x00000002   PAD
    0x080067e0   0x080067e0   0x00000020   Code   RO          879    i.LCD_Reset         lcd.o
    0x08006800   0x08006800   0x00000060   Code   RO          880    i.LCD_SSD_BackLightSet  lcd.o
    0x08006860   0x08006860   0x000002ec   Code   RO          881    i.LCD_Scan_Dir      lcd.o
    0x08006b4c   0x08006b4c   0x000001a8   Code   RO          882    i.LCD_SetCursor     lcd.o
    0x08006cf4   0x08006cf4   0x00000128   Code   RO          884    i.LCD_ShowChar      lcd.o
    0x08006e1c   0x08006e1c   0x00000094   Code   RO          885    i.LCD_ShowNum       lcd.o
    0x08006eb0   0x08006eb0   0x00000066   Code   RO          886    i.LCD_ShowString    lcd.o
    0x08006f16   0x08006f16   0x00000002   PAD
    0x08006f18   0x08006f18   0x00000018   Code   RO          888    i.LCD_WR_DATA       lcd.o
    0x08006f30   0x08006f30   0x00000018   Code   RO          889    i.LCD_WR_REG        lcd.o
    0x08006f48   0x08006f48   0x00000014   Code   RO          891    i.LCD_WriteRAM_Prepare  lcd.o
    0x08006f5c   0x08006f5c   0x00000014   Code   RO          892    i.LCD_WriteReg      lcd.o
    0x08006f70   0x08006f70   0x0000003c   Code   RO          893    i.LCD_printf        lcd.o
    0x08006fac   0x08006fac   0x00000068   Code   RO          473    i.LED_Init          led.o
    0x08007014   0x08007014   0x00000004   Code   RO          208    i.MemManage_Handler  stm32f4xx_it.o
    0x08007018   0x08007018   0x00000002   Code   RO          209    i.NMI_Handler       stm32f4xx_it.o
    0x0800701a   0x0800701a   0x00000002   PAD
    0x0800701c   0x0800701c   0x00000078   Code   RO         1469    i.NVIC_Init         misc.o
    0x08007094   0x08007094   0x00000014   Code   RO         1470    i.NVIC_PriorityGroupConfig  misc.o
    0x080070a8   0x080070a8   0x00000080   Code   RO         1257    i.PWM_Clk_Init      pwm.o
    0x08007128   0x08007128   0x0000008c   Code   RO         1258    i.PWM_Dir_Init      pwm.o
    0x080071b4   0x080071b4   0x00000060   Code   RO         1259    i.PWM_GPIO_Init     pwm.o
    0x08007214   0x08007214   0x000000b4   Code   RO         1260    i.PWM_GetDuty       pwm.o
    0x080072c8   0x080072c8   0x00000040   Code   RO         1261    i.PWM_Init          pwm.o
    0x08007308   0x08007308   0x000000ec   Code   RO         1262    i.PWM_OCInit        pwm.o
    0x080073f4   0x080073f4   0x00000088   Code   RO         1263    i.PWM_SetDuty       pwm.o
    0x0800747c   0x0800747c   0x00000002   Code   RO          210    i.PendSV_Handler    stm32f4xx_it.o
    0x0800747e   0x0800747e   0x00000002   PAD
    0x08007480   0x08007480   0x0000016c   Code   RO          691    i.QEI_Init          qei.o
    0x080075ec   0x080075ec   0x00000020   Code   RO         4056    i.RCC_AHB1PeriphClockCmd  stm32f4xx_rcc.o
    0x0800760c   0x0800760c   0x00000020   Code   RO         4062    i.RCC_AHB3PeriphClockCmd  stm32f4xx_rcc.o
    0x0800762c   0x0800762c   0x00000020   Code   RO         4065    i.RCC_APB1PeriphClockCmd  stm32f4xx_rcc.o
    0x0800764c   0x0800764c   0x00000020   Code   RO         4068    i.RCC_APB2PeriphClockCmd  stm32f4xx_rcc.o
    0x0800766c   0x0800766c   0x000000e8   Code   RO         4077    i.RCC_GetClocksFreq  stm32f4xx_rcc.o
    0x08007754   0x08007754   0x00000002   Code   RO          211    i.SVC_Handler       stm32f4xx_it.o
    0x08007756   0x08007756   0x00000002   PAD
    0x08007758   0x08007758   0x000000ec   Code   RO          436    i.SetSysClock       system_stm32f4xx.o
    0x08007844   0x08007844   0x00000578   Code   RO         1229    i.Show_Keyboard     m_func.o
    0x08007dbc   0x08007dbc   0x00000028   Code   RO         1473    i.SysTick_CLKSourceConfig  misc.o
    0x08007de4   0x08007de4   0x00000002   Code   RO          212    i.SysTick_Handler   stm32f4xx_it.o
    0x08007de6   0x08007de6   0x00000002   PAD
    0x08007de8   0x08007de8   0x00000068   Code   RO          438    i.SystemInit        system_stm32f4xx.o
    0x08007e50   0x08007e50   0x0000003c   Code   RO          692    i.TIM2_IRQHandler   qei.o
    0x08007e8c   0x08007e8c   0x00000040   Code   RO          693    i.TIM5_IRQHandler   qei.o
    0x08007ecc   0x08007ecc   0x00000006   Code   RO         5397    i.TIM_ClearFlag     stm32f4xx_tim.o
    0x08007ed2   0x08007ed2   0x00000006   Code   RO         5398    i.TIM_ClearITPendingBit  stm32f4xx_tim.o
    0x08007ed8   0x08007ed8   0x00000018   Code   RO         5403    i.TIM_Cmd           stm32f4xx_tim.o
    0x08007ef0   0x08007ef0   0x00000042   Code   RO         5412    i.TIM_EncoderInterfaceConfig  stm32f4xx_tim.o
    0x08007f32   0x08007f32   0x00000022   Code   RO         5424    i.TIM_GetITStatus   stm32f4xx_tim.o
    0x08007f54   0x08007f54   0x00000012   Code   RO         5428    i.TIM_ITConfig      stm32f4xx_tim.o
    0x08007f66   0x08007f66   0x00000002   PAD
    0x08007f68   0x08007f68   0x0000007c   Code   RO         5432    i.TIM_OC1Init       stm32f4xx_tim.o
    0x08007fe4   0x08007fe4   0x00000012   Code   RO         5435    i.TIM_OC1PreloadConfig  stm32f4xx_tim.o
    0x08007ff6   0x08007ff6   0x00000002   PAD
    0x08007ff8   0x08007ff8   0x000000a4   Code   RO         5437    i.TIM_OC2Init       stm32f4xx_tim.o
    0x0800809c   0x0800809c   0x0000001a   Code   RO         5440    i.TIM_OC2PreloadConfig  stm32f4xx_tim.o
    0x080080b6   0x080080b6   0x00000002   PAD
    0x080080b8   0x080080b8   0x000000a0   Code   RO         5442    i.TIM_OC3Init       stm32f4xx_tim.o
    0x08008158   0x08008158   0x00000012   Code   RO         5445    i.TIM_OC3PreloadConfig  stm32f4xx_tim.o
    0x0800816a   0x0800816a   0x00000002   PAD
    0x0800816c   0x0800816c   0x00000078   Code   RO         5447    i.TIM_OC4Init       stm32f4xx_tim.o
    0x080081e4   0x080081e4   0x0000001a   Code   RO         5449    i.TIM_OC4PreloadConfig  stm32f4xx_tim.o
    0x080081fe   0x080081fe   0x00000012   Code   RO         5470    i.TIM_SetIC1Prescaler  stm32f4xx_tim.o
    0x08008210   0x08008210   0x0000001a   Code   RO         5471    i.TIM_SetIC2Prescaler  stm32f4xx_tim.o
    0x0800822a   0x0800822a   0x00000002   PAD
    0x0800822c   0x0800822c   0x00000084   Code   RO         5475    i.TIM_TimeBaseInit  stm32f4xx_tim.o
    0x080082b0   0x080082b0   0x00000012   Code   RO         5476    i.TIM_TimeBaseStructInit  stm32f4xx_tim.o
    0x080082c2   0x080082c2   0x00000002   PAD
    0x080082c4   0x080082c4   0x000001a8   Code   RO         1096    i.TP_Adj_Info_Show  touch.o
    0x0800846c   0x0800846c   0x0000005c   Code   RO         1097    i.TP_Adj_Parameters_Set  touch.o
    0x080084c8   0x080084c8   0x00000104   Code   RO         1098    i.TP_Adj_Parameters_Show  touch.o
    0x080085cc   0x080085cc   0x000008f4   Code   RO         1099    i.TP_Adjust         touch.o
    0x08008ec0   0x08008ec0   0x00000070   Code   RO         1101    i.TP_Drow_Touch_Point  touch.o
    0x08008f30   0x08008f30   0x000000bc   Code   RO         1102    i.TP_Init           touch.o
    0x08008fec   0x08008fec   0x00000094   Code   RO         1105    i.TP_Read_AD        touch.o
    0x08009080   0x08009080   0x00000078   Code   RO         1106    i.TP_Read_XOY       touch.o
    0x080090f8   0x080090f8   0x00000030   Code   RO         1107    i.TP_Read_XY        touch.o
    0x08009128   0x08009128   0x000000c0   Code   RO         1108    i.TP_Read_XY2       touch.o
    0x080091e8   0x080091e8   0x000001b4   Code   RO         1109    i.TP_Row_Judge      touch.o
    0x0800939c   0x0800939c   0x000000fc   Code   RO         1110    i.TP_Scan           touch.o
    0x08009498   0x08009498   0x0000004c   Code   RO         1111    i.TP_Write_Byte     touch.o
    0x080094e4   0x080094e4   0x00000012   Code   RO         5949    i.USART_ClearFlag   stm32f4xx_usart.o
    0x080094f6   0x080094f6   0x00000018   Code   RO         5953    i.USART_Cmd         stm32f4xx_usart.o
    0x0800950e   0x0800950e   0x00000002   PAD
    0x08009510   0x08009510   0x00000320   Code   RO          733    i.USART_Config      usart.o
    0x08009830   0x08009830   0x00000012   Code   RO         5954    i.USART_DMACmd      stm32f4xx_usart.o
    0x08009842   0x08009842   0x0000001e   Code   RO          734    i.USART_GetByte     usart.o
    0x08009860   0x08009860   0x0000001a   Code   RO         5956    i.USART_GetFlagStatus  stm32f4xx_usart.o
    0x0800987a   0x0800987a   0x00000002   PAD
    0x0800987c   0x0800987c   0x000000d4   Code   RO         5960    i.USART_Init        stm32f4xx_usart.o
    0x08009950   0x08009950   0x0000000a   Code   RO         5967    i.USART_ReceiveData  stm32f4xx_usart.o
    0x0800995a   0x0800995a   0x0000001e   Code   RO          735    i.USART_SendByte    usart.o
    0x08009978   0x08009978   0x00000008   Code   RO         5970    i.USART_SendData    stm32f4xx_usart.o
    0x08009980   0x08009980   0x00000004   Code   RO          213    i.UsageFault_Handler  stm32f4xx_it.o
    0x08009984   0x08009984   0x00000024   Code   RO         6275    i.__0vsprintf       mc_w.l(printfa.o)
    0x080099a8   0x080099a8   0x00000030   Code   RO         6341    i.__ARM_fpclassify  m_wm.l(fpclassify.o)
    0x080099d8   0x080099d8   0x000002d8   Code   RO         6197    i.__hardfp_atan     m_wm.l(atan.o)
    0x08009cb0   0x08009cb0   0x000000c8   Code   RO         6223    i.__hardfp_cos      m_wm.l(cos.o)
    0x08009d78   0x08009d78   0x000000c8   Code   RO         6235    i.__hardfp_sin      m_wm.l(sin.o)
    0x08009e40   0x08009e40   0x0000007a   Code   RO         6247    i.__hardfp_sqrt     m_wm.l(sqrt.o)
    0x08009eba   0x08009eba   0x00000006   PAD
    0x08009ec0   0x08009ec0   0x00000438   Code   RO         6346    i.__ieee754_rem_pio2  m_wm.l(rred.o)
    0x0800a2f8   0x0800a2f8   0x00000170   Code   RO         6318    i.__kernel_cos      m_wm.l(cos_i.o)
    0x0800a468   0x0800a468   0x000000f8   Code   RO         6343    i.__kernel_poly     m_wm.l(poly.o)
    0x0800a560   0x0800a560   0x00000130   Code   RO         6351    i.__kernel_sin      m_wm.l(sin_i.o)
    0x0800a690   0x0800a690   0x00000014   Code   RO         6322    i.__mathlib_dbl_infnan  m_wm.l(dunder.o)
    0x0800a6a4   0x0800a6a4   0x00000004   PAD
    0x0800a6a8   0x0800a6a8   0x00000020   Code   RO         6324    i.__mathlib_dbl_invalid  m_wm.l(dunder.o)
    0x0800a6c8   0x0800a6c8   0x00000020   Code   RO         6327    i.__mathlib_dbl_underflow  m_wm.l(dunder.o)
    0x0800a6e8   0x0800a6e8   0x0000000e   Code   RO         6404    i.__scatterload_copy  mc_w.l(handlers.o)
    0x0800a6f6   0x0800a6f6   0x00000002   Code   RO         6405    i.__scatterload_null  mc_w.l(handlers.o)
    0x0800a6f8   0x0800a6f8   0x0000000e   Code   RO         6406    i.__scatterload_zeroinit  mc_w.l(handlers.o)
    0x0800a706   0x0800a706   0x00000002   PAD
    0x0800a708   0x0800a708   0x0000000c   Code   RO         6384    i.__set_errno       mc_w.l(errno.o)
    0x0800a714   0x0800a714   0x00000184   Code   RO         6276    i._fp_digits        mc_w.l(printfa.o)
    0x0800a898   0x0800a898   0x000006dc   Code   RO         6277    i._printf_core      mc_w.l(printfa.o)
    0x0800af74   0x0800af74   0x00000024   Code   RO         6278    i._printf_post_padding  mc_w.l(printfa.o)
    0x0800af98   0x0800af98   0x0000002e   Code   RO         6279    i._printf_pre_padding  mc_w.l(printfa.o)
    0x0800afc6   0x0800afc6   0x0000000a   Code   RO         6281    i._sputc            mc_w.l(printfa.o)
    0x0800afd0   0x0800afd0   0x0000003c   Code   RO         1404    i.delay_init        delay.o
    0x0800b00c   0x0800b00c   0x00000038   Code   RO         1405    i.delay_ms          delay.o
    0x0800b044   0x0800b044   0x0000004c   Code   RO         1406    i.delay_us          delay.o
    0x0800b090   0x0800b090   0x0000004c   Code   RO         1407    i.delay_xms         delay.o
    0x0800b0dc   0x0800b0dc   0x00000018   Code   RO         6337    i.fabs              m_wm.l(fabs.o)
    0x0800b0f4   0x0800b0f4   0x000008b8   Code   RO            3    i.main              main.o
    0x0800b9ac   0x0800b9ac   0x000017c0   Data   RO         1079    .constdata          font.o
    0x0800d16c   0x0800d16c   0x00000004   Data   RO         1112    .constdata          touch.o
    0x0800d170   0x0800d170   0x00000098   Data   RO         6200    .constdata          m_wm.l(atan.o)
    0x0800d208   0x0800d208   0x00000030   Data   RO         6319    .constdata          m_wm.l(cos_i.o)
    0x0800d238   0x0800d238   0x000000c8   Data   RO         6348    .constdata          m_wm.l(rred.o)
    0x0800d300   0x0800d300   0x00000028   Data   RO         6352    .constdata          m_wm.l(sin_i.o)
    0x0800d328   0x0800d328   0x00000079   Data   RO         1113    .conststring        touch.o
    0x0800d3a1   0x0800d3a1   0x00000003   PAD
    0x0800d3a4   0x0800d3a4   0x00000020   Data   RO         6402    Region$$Table       anon$$obj.o


    Execution Region RW_IRAM1 (Exec base: 0x20000000, Load base: 0x0800d3c4, Size: 0x000006c0, Max: 0x00020000, ABSOLUTE, COMPRESSED[0x00000074])

    Exec Addr    Load Addr    Size         Type   Attr      Idx    E Section Name        Object

    0x20000000   COMPRESSED   0x00000014   Data   RW          439    .data               system_stm32f4xx.o
    0x20000014   COMPRESSED   0x00000004   PAD
    0x20000018   COMPRESSED   0x00000080   Data   RW          530    .data               encoder.o
    0x20000098   COMPRESSED   0x0000001c   Data   RW          628    .data               gyro.o
    0x200000b4   COMPRESSED   0x00000010   Data   RW          694    .data               qei.o
    0x200000c4   COMPRESSED   0x0000001c   PAD
    0x200000e0   COMPRESSED   0x00000024   Data   RW          842    .data               command.o
    0x20000104   COMPRESSED   0x00000004   Data   RW          896    .data               lcd.o
    0x20000108   COMPRESSED   0x00000037   Data   RW         1114    .data               touch.o
    0x2000013f   COMPRESSED   0x00000001   Data   RW         1230    .data               m_func.o
    0x20000140   COMPRESSED   0x00000060   Data   RW         1264    .data               pwm.o
    0x200001a0   COMPRESSED   0x00000004   Data   RW         1408    .data               delay.o
    0x200001a4   COMPRESSED   0x00000010   Data   RW         4109    .data               stm32f4xx_rcc.o
    0x200001b4   COMPRESSED   0x00000004   Data   RW         6385    .data               mc_w.l(errno.o)
    0x200001b8        -       0x00000010   Zero   RW          529    .bss                encoder.o
    0x200001c8        -       0x00000080   Zero   RW          655    .bss                gps.o
    0x20000248   COMPRESSED   0x00000018   PAD
    0x20000260        -       0x0000004b   Zero   RW          739    .bss                usart.o
    0x200002ab   COMPRESSED   0x00000001   PAD
    0x200002ac        -       0x0000000e   Zero   RW          895    .bss                lcd.o
    0x200002ba   COMPRESSED   0x00000006   PAD
    0x200002c0        -       0x00000400   Zero   RW         1460    STACK               startup_stm32f40_41xxx.o


==============================================================================

Image component sizes


      Code (inc. data)   RO Data    RW Data    ZI Data      Debug   Object Name

         0          0          0         36          0        819   command.o
       268         16          0          4          0       2715   delay.o
      4836        728          0        128         16       8280   encoder.o
         0          0       6080          0          0        832   font.o
      1140         62          0          0        128       2803   gps.o
       164         34          0         28          0       1447   gyro.o
     18090        204          0          4         14      26747   lcd.o
       104         20          0          0          0     229823   led.o
      1400        112          0          1          0       1009   m_func.o
      2232        406          0          0          0     259183   main.o
       180         24          0          0          0       2349   misc.o
      1300        148          0         96          0       9164   pwm.o
       488         26          0         16          0       2666   qei.o
        36          8        392          0       1024        868   startup_stm32f40_41xxx.o
       344         38          0          0          0       6042   stm32f4xx_dma.o
       282          6          0          0          0       2057   stm32f4xx_fsmc.o
       214          0          0          0          0       2007   stm32f4xx_gpio.o
        26          0          0          0          0      73898   stm32f4xx_it.o
       360         42          0         16          0       5600   stm32f4xx_rcc.o
      1004         66          0          0          0      12972   stm32f4xx_tim.o
       316          8          0          0          0       5445   stm32f4xx_usart.o
       340         32          0         20          0       2033   system_stm32f4xx.o
      4640        332        125         55          0      12113   touch.o
      1536        154          0          0         75     234372   usart.o

    ----------------------------------------------------------------------
     39336       2466       6632        436       1288     905244   Object Totals
         0          0         32          0          0          0   (incl. Generated)
        36          0          3         32         31          0   (incl. Padding)

    ----------------------------------------------------------------------

      Code (inc. data)   RO Data    RW Data    ZI Data      Debug   Library Member Name

       728        106        152          0          0        228   atan.o
       200         20          0          0          0        164   cos.o
       368         46         48          0          0        200   cos_i.o
        84         16          0          0          0        372   dunder.o
        24          0          0          0          0        124   fabs.o
        48          0          0          0          0        124   fpclassify.o
       248          0          0          0          0        152   poly.o
      1080        142        200          0          0        188   rred.o
       200         20          0          0          0        164   sin.o
       304         24         40          0          0        208   sin_i.o
       122          0          0          0          0        148   sqrt.o
        86          0          0          0          0          0   __dczerorl2.o
         0          0          0          0          0          0   entry.o
         0          0          0          0          0          0   entry10a.o
         0          0          0          0          0          0   entry11a.o
         8          4          0          0          0          0   entry2.o
         4          0          0          0          0          0   entry5.o
         0          0          0          0          0          0   entry7b.o
         0          0          0          0          0          0   entry8b.o
         8          4          0          0          0          0   entry9a.o
        12          6          0          4          0         68   errno.o
        30          0          0          0          0          0   handlers.o
        36          8          0          0          0         68   init.o
         0          0          0          0          0          0   iusefp.o
        30          0          0          0          0         68   llshl.o
        36          0          0          0          0         68   llsshr.o
        32          0          0          0          0         68   llushr.o
        36          0          0          0          0         68   memcpya.o
      2272         86          0          0          0        516   printfa.o
        44          0          0          0          0         80   uidiv.o
        98          0          0          0          0         92   uldiv.o
        48          0          0          0          0         68   cdcmple.o
        48          0          0          0          0         68   cdrcmple.o
        56          0          0          0          0         88   d2f.o
       334          0          0          0          0        148   dadd.o
       222          0          0          0          0        100   ddiv.o
       186          0          0          0          0        176   depilogue.o
        62          0          0          0          0         80   dfixi.o
        50          0          0          0          0         76   dfixui.o
        48          0          0          0          0         68   dfixul.o
        34          0          0          0          0         76   dflti.o
        26          0          0          0          0         76   dfltui.o
       228          0          0          0          0         96   dmul.o
       162          0          0          0          0        100   dsqrt.o
        38          0          0          0          0         68   f2d.o
       110          0          0          0          0        168   fepilogue.o

    ----------------------------------------------------------------------
      7804        482        440          4          0       4624   Library Totals
        14          0          0          0          0          0   (incl. Padding)

    ----------------------------------------------------------------------

      Code (inc. data)   RO Data    RW Data    ZI Data      Debug   Library Name

      3406        374        440          0          0       2072   m_wm.l
      2732        108          0          4          0       1096   mc_w.l
      1652          0          0          0          0       1456   mf_w.l

    ----------------------------------------------------------------------
      7804        482        440          4          0       4624   Library Totals

    ----------------------------------------------------------------------

==============================================================================


      Code (inc. data)   RO Data    RW Data    ZI Data      Debug   

     47140       2948       7072        440       1288     895200   Grand Totals
     47140       2948       7072        116       1288     895200   ELF Image Totals (compressed)
     47140       2948       7072        116          0          0   ROM Totals

==============================================================================

    Total RO  Size (Code + RO Data)                54212 (  52.94kB)
    Total RW  Size (RW Data + ZI Data)              1728 (   1.69kB)
    Total ROM Size (Code + RO Data + RW Data)      54328 (  53.05kB)

==============================================================================

